[10:16:14] start sync (spike 3-gate config: WarehouseThrust seed1000 FREEZE vision, chase cam, TRAJ)
[10:17:04] sync listening after ~51s
[10:17:04] infrasetup firesim1 (delivery-fixed bitstream)...
[10:18:31] infrasetup OK
[10:18:31] runworkload (gate-nav flight begins; watching [GATE] + physics)...
[10:19:03]   t+32s grant_iter=20 gates=0 | physics: ts x=x y=y z=z goal=goal gates=gates
[10:19:35]   t+64s grant_iter=200 gates=0 | physics: 0.1000s x=-8.1083 y=5.8234 z=2.4561 goal=0 gates=0
[10:20:07]   t+96s grant_iter=360 gates=0 | physics: 0.3000s x=-8.0774 y=5.8486 z=2.2656 goal=0 gates=0
[10:20:39]   t+128s grant_iter=520 gates=0 | physics: 0.5000s x=-8.0658 y=5.8574 z=2.1034 goal=0 gates=0
[10:21:11]   t+160s grant_iter=680 gates=0 | physics: 0.7000s x=-8.0680 y=5.8564 z=2.0421 goal=0 gates=0
[10:21:43]   t+192s grant_iter=860 gates=0 | physics: 0.9500s x=-8.0745 y=5.8523 z=2.0339 goal=0 gates=0
[10:22:15]   t+224s grant_iter=1020 gates=0 | physics: 1.2000s x=-8.0812 y=5.8634 z=2.0458 goal=0 gates=0
[10:22:47]   t+256s grant_iter=1180 gates=0 | physics: 1.4000s x=-8.0967 y=5.9730 z=2.0467 goal=0 gates=0
[10:23:19]   t+288s grant_iter=1340 gates=0 | physics: 1.6000s x=-8.1196 y=6.1994 z=2.0394 goal=0 gates=0
[10:23:52]   t+321s grant_iter=1500 gates=0 | physics: 1.8000s x=-8.1424 y=6.4887 z=2.0446 goal=0 gates=0
[10:24:24]   t+353s grant_iter=1680 gates=0 | physics: 2.0500s x=-8.1643 y=6.8476 z=2.0764 goal=0 gates=0
[10:24:56]   t+385s grant_iter=1840 gates=0 | physics: 2.3000s x=-8.1857 y=7.1648 z=2.1313 goal=0 gates=0
[10:25:28]   t+417s grant_iter=2000 gates=0 | physics: 2.5000s x=-8.2040 y=7.4001 z=2.1397 goal=0 gates=0
[10:26:00]   t+449s grant_iter=2160 gates=0 | physics: 2.7000s x=-8.2223 y=7.6185 z=2.1312 goal=0 gates=0
[10:26:32]   t+481s grant_iter=2340 gates=0 | physics: 2.9000s x=-8.2413 y=7.8155 z=2.1409 goal=0 gates=0
[10:27:04]   t+513s grant_iter=2500 gates=0 | physics: 3.1500s x=-8.2626 y=8.0350 z=2.1620 goal=0 gates=0
[10:27:20]   *** GATE 1 *** [GATE] passed gate 1/4 at t=3.27s xy=(-8.27,+8.13)
[10:27:36]   t+545s grant_iter=2660 gates=1 | physics: 3.3500s x=-8.2749 y=8.1951 z=2.1493 goal=1 gates=1
[10:28:08]   t+577s grant_iter=2820 gates=1 | physics: 3.6000s x=-8.2939 y=8.4175 z=2.1460 goal=1 gates=1
[10:28:40]   t+609s grant_iter=2980 gates=1 | physics: 3.8000s x=-8.3132 y=8.6734 z=2.1542 goal=1 gates=1
[10:29:12]   t+641s grant_iter=3140 gates=1 | physics: 4.0000s x=-8.3276 y=8.9712 z=2.1679 goal=1 gates=1
[10:29:44]   t+673s grant_iter=3320 gates=1 | physics: 4.2000s x=-8.3400 y=9.2658 z=2.1584 goal=1 gates=1
[10:30:16]   t+705s grant_iter=3480 gates=1 | physics: 4.4500s x=-8.3590 y=9.6028 z=2.1617 goal=1 gates=1
[10:30:48]   t+737s grant_iter=3640 gates=1 | physics: 4.7000s x=-8.3825 y=9.9152 z=2.1643 goal=1 gates=1
[10:31:20]   t+769s grant_iter=3800 gates=1 | physics: 4.9000s x=-8.4018 y=10.1579 z=2.1646 goal=1 gates=1
[10:31:52]   t+801s grant_iter=3960 gates=1 | physics: 5.1000s x=-8.4198 y=10.3961 z=2.1660 goal=1 gates=1
[10:32:25]   t+834s grant_iter=4140 gates=1 | physics: 5.3000s x=-8.4362 y=10.6314 z=2.1232 goal=1 gates=1
[10:32:57]   t+866s grant_iter=4300 gates=1 | physics: 5.5500s x=-8.4541 y=10.9235 z=2.0834 goal=1 gates=1
[10:33:29]   t+898s grant_iter=4460 gates=1 | physics: 5.8000s x=-8.4743 y=11.1829 z=2.0736 goal=1 gates=1
[10:34:01]   t+930s grant_iter=4620 gates=1 | physics: 6.0000s x=-8.4963 y=11.3460 z=2.0851 goal=1 gates=1
[10:34:33]   t+962s grant_iter=4780 gates=1 | physics: 6.2000s x=-8.5220 y=11.4879 z=2.1143 goal=1 gates=1
[10:35:05]   t+994s grant_iter=4960 gates=1 | physics: 6.4000s x=-8.5453 y=11.6332 z=2.1391 goal=1 gates=1
[10:35:37]   t+1026s grant_iter=5120 gates=1 | physics: 6.6000s x=-8.5625 y=11.7834 z=2.1089 goal=1 gates=1
[10:36:09]   t+1058s grant_iter=5280 gates=1 | physics: 6.8500s x=-8.5740 y=11.9703 z=2.0735 goal=1 gates=1
[10:36:41]   *** GATE 2 *** [GATE] passed gate 2/4 at t=7.07s xy=(-8.57,+12.15)
[10:36:41]   t+1090s grant_iter=5440 gates=2 | physics: 7.1000s x=-8.5705 y=12.1762 z=2.0626 goal=2 gates=2
[10:37:13]   t+1122s grant_iter=5600 gates=2 | physics: 7.3000s x=-8.5547 y=12.3719 z=2.0656 goal=2 gates=2
[10:37:45]   t+1154s grant_iter=5780 gates=2 | physics: 7.5000s x=-8.5288 y=12.6231 z=2.0699 goal=2 gates=2
[10:38:17]   t+1186s grant_iter=5940 gates=2 | physics: 7.7000s x=-8.4911 y=12.9165 z=2.0730 goal=2 gates=2
[10:38:49]   t+1218s grant_iter=6100 gates=2 | physics: 7.9500s x=-8.4325 y=13.2863 z=2.0647 goal=2 gates=2
[10:39:21]   t+1250s grant_iter=6260 gates=2 | physics: 8.1500s x=-8.3844 y=13.5710 z=2.0615 goal=2 gates=2
[10:39:53]   t+1282s grant_iter=6420 gates=2 | physics: 8.4000s x=-8.3199 y=13.9472 z=2.0828 goal=2 gates=2
[10:40:26]   t+1315s grant_iter=6600 gates=2 | physics: 8.6000s x=-8.2594 y=14.2668 z=2.1191 goal=2 gates=2
[10:40:58]   t+1347s grant_iter=6760 gates=2 | physics: 8.8000s x=-8.1958 y=14.5779 z=2.1257 goal=2 gates=2
[10:41:30]   t+1379s grant_iter=6920 gates=2 | physics: 9.0000s x=-8.1397 y=14.8652 z=2.0946 goal=2 gates=2
[10:42:02]   t+1411s grant_iter=7080 gates=2 | physics: 9.2500s x=-8.0862 y=15.1996 z=2.0683 goal=2 gates=2
[10:42:34]   t+1443s grant_iter=7240 gates=2 | physics: 9.5000s x=-8.0402 y=15.5369 z=2.0692 goal=2 gates=2
[10:43:06]   t+1475s grant_iter=7420 gates=2 | physics: 9.7000s x=-7.9984 y=15.8196 z=2.0908 goal=2 gates=2
[10:43:38]   t+1507s grant_iter=7580 gates=2 | physics: 9.9000s x=-7.9500 y=16.0986 z=2.1281 goal=2 gates=2
[10:43:46]   *** GATE 3 *** [GATE] passed gate 3/4 at t=9.92s xy=(-7.95,+16.13)
[10:44:10]   t+1539s grant_iter=7740 gates=3 | physics: 10.1000s x=-7.9027 y=16.3567 z=2.1258 goal=3 gates=3
[10:44:42]   t+1571s grant_iter=7900 gates=3 | physics: 10.3500s x=-7.8573 y=16.6472 z=2.0870 goal=3 gates=3
[10:45:14]   t+1603s grant_iter=8060 gates=3 | physics: 10.5500s x=-7.8302 y=16.8595 z=2.0654 goal=3 gates=3
[10:45:46]   t+1635s grant_iter=8240 gates=3 | physics: 10.8000s x=-7.7993 y=17.1009 z=2.0560 goal=3 gates=3
[10:46:18]   t+1667s grant_iter=8400 gates=3 | physics: 11.0000s x=-7.7742 y=17.2774 z=2.0640 goal=3 gates=3
[10:46:50]   t+1699s grant_iter=8560 gates=3 | physics: 11.2000s x=-7.7503 y=17.4434 z=2.0800 goal=3 gates=3
[10:47:22]   t+1731s grant_iter=8720 gates=3 | physics: 11.4000s x=-7.7288 y=17.6001 z=2.0947 goal=3 gates=3
[10:47:55]   t+1764s grant_iter=8880 gates=3 | physics: 11.6500s x=-7.7058 y=17.7876 z=2.0784 goal=3 gates=3
[10:48:27]   t+1796s grant_iter=9060 gates=3 | physics: 11.9000s x=-7.6824 y=17.9695 z=2.0715 goal=3 gates=3
[10:48:59]   t+1828s grant_iter=9220 gates=3 | physics: 12.1000s x=-7.6541 y=18.0938 z=2.0856 goal=3 gates=3
[10:49:31]   t+1860s grant_iter=9380 gates=3 | physics: 12.3000s x=-7.6152 y=18.1890 z=2.1170 goal=3 gates=3
[10:50:03]   t+1892s grant_iter=9540 gates=3 | physics: 12.5000s x=-7.5755 y=18.2605 z=2.1522 goal=3 gates=3
[10:50:35]   t+1924s grant_iter=9720 gates=3 | physics: 12.6000s x=-7.5582 y=18.2897 z=2.1475 goal=3 gates=3
[10:51:07]   t+1956s grant_iter=9880 gates=3 | physics: 12.6000s x=-7.5582 y=18.2897 z=2.1475 goal=3 gates=3
[10:51:39]   t+1988s grant_iter=10060 gates=3 | physics: 12.6000s x=-7.5582 y=18.2897 z=2.1475 goal=3 gates=3
[10:52:11]   t+2020s grant_iter=10240 gates=3 | physics: 12.6000s x=-7.5582 y=18.2897 z=2.1475 goal=3 gates=3
[10:52:31] cleanup...
