Skipping import of cpp extensions due to incompatible torch version 2.9.0+cpu for torchao version 0.14.0         Please see GitHub issue #2919 for more info
[provenance] vint <- /scratch/dima/rose-infra/RoSE/soc/sw/xpu-rt/zephyr-chipyard-sw/modelblaster/models/vint.py
/scratch2/dima/misc_sw/XPU-RT/zephyr-chipyard-sw/tools/miniforge3/envs/zephyr/lib/python3.12/site-packages/torch/nn/modules/transformer.py:392: UserWarning: enable_nested_tensor is True, but self.use_nested_tensor is False because encoder_layer.norm_first was True
  warnings.warn(
/scratch/dima/rose-infra/RoSE/experiments/executorch/scripts/export_mb_models.py:111: FutureWarning: `torch.export.export_for_training` is deprecated and will be removed in PyTorch 2.10. Please use `torch.export.export` instead, which is functionally equivalent.
  cap = _capture(model, args)
[program.cpp:153] InternalConsistency verification requested but not available
{
 "tag": "vint_int8",
 "model": "vint",
 "quant": "int8",
 "input_shapes": [
  [
   1,
   18,
   64,
   85
  ],
  [
   1,
   3,
   64,
   85
  ]
 ],
 "output_shapes": [
  [
   1,
   1
  ],
  [
   1,
   5,
   4
  ]
 ],
 "delegates": 69,
 "undelegated_aten": 288,
 "undelegated_ops": {
  "<built-in function getitem>": 106,
  "aten.view_copy.default": 72,
  "dim_order_ops._clone_dim_order.default": 23,
  "aten.expand_copy.default": 17,
  "aten.select_copy.int": 12,
  "aten.native_layer_norm.default": 8,
  "aten.mul.Scalar": 8,
  "aten.logical_not.default": 8,
  "aten.unsqueeze_copy.default": 5,
  "aten.squeeze_copy.dims": 4,
  "aten.eq.Scalar": 4,
  "aten.any.dim": 4,
  "aten.full_like.default": 4,
  "aten.where.self": 4,
  "aten.copy.default": 2,
  "aten.slice_scatter.default": 2,
  "aten.pow.Tensor_Scalar": 2,
  "aten.split_with_sizes_copy.default": 1,
  "aten.cumsum.default": 1,
  "aten.sum.dim_IntList": 1
 },
 "pte_bytes": 25258500,
 "export_secs": 90.3,
 "host_vs_torch": {
  "max_abs_err": 0.5682106018066406,
  "mean_abs_err": 0.12417985303770929,
  "max_rel_err": 0.6802872739534843,
  "cosine": 0.9976955780229211,
  "numel": 21
 }
}
