start 17:42:26  solver=milp  --time-limit 3600  --solver-verbosity 3
(CVXPY) Aug 28 05:43:23 PM: Your problem has 190531 variables, 189153 constraints, and 0 parameters.
(CVXPY) Aug 28 05:43:43 PM: It is compliant with the following grammars: DCP, DQCP
(CVXPY) Aug 28 05:43:43 PM: (If you need to solve this problem multiple times, but with different data, consider using parameters.)
(CVXPY) Aug 28 05:43:43 PM: CVXPY will first compile your problem; then, it will invoke a numerical solver to obtain a solution.
(CVXPY) Aug 28 05:43:43 PM: Your problem is compiled with the CPP canonicalization backend.
(CVXPY) Aug 28 05:44:04 PM: Compiling problem (target solver=MOSEK).
(CVXPY) Aug 28 05:44:04 PM: Reduction chain: Dcp2Cone -> CvxAttr2Constr -> ConeMatrixStuffing -> MOSEK
(CVXPY) Aug 28 05:44:04 PM: Applying reduction Dcp2Cone
(CVXPY) Aug 28 05:44:47 PM: Applying reduction CvxAttr2Constr
(CVXPY) Aug 28 05:44:49 PM: Applying reduction ConeMatrixStuffing
(CVXPY) Aug 28 06:29:26 PM: Applying reduction MOSEK
(CVXPY) Aug 28 06:29:31 PM: Finished problem compilation (took 2.748e+03 seconds).
(CVXPY) Aug 28 06:29:31 PM: Invoking solver MOSEK  to obtain a solution.
/scratch2/dima/miniforge3/envs/xpurt/lib/python3.11/site-packages/mosek/__init__.py:11539: UserWarning: Argument subi in putaijlist64: Incorrect array format causing data to be copied
  warnings.warn("Argument subi in putaijlist64: Incorrect array format causing data to be copied");
/scratch2/dima/miniforge3/envs/xpurt/lib/python3.11/site-packages/mosek/__init__.py:11568: UserWarning: Argument subj in putaijlist64: Incorrect array format causing data to be copied
  warnings.warn("Argument subj in putaijlist64: Incorrect array format causing data to be copied");
(CVXPY) Aug 28 06:29:31 PM: Problem
(CVXPY) Aug 28 06:29:31 PM:   Name                   :                 
(CVXPY) Aug 28 06:29:31 PM:   Objective sense        : minimize        
(CVXPY) Aug 28 06:29:31 PM:   Type                   : LO (linear optimization problem)
(CVXPY) Aug 28 06:29:31 PM:   Constraints            : 189153          
(CVXPY) Aug 28 06:29:31 PM:   Affine conic cons.     : 0               
(CVXPY) Aug 28 06:29:31 PM:   Disjunctive cons.      : 0               
(CVXPY) Aug 28 06:29:31 PM:   Cones                  : 0               
(CVXPY) Aug 28 06:29:31 PM:   Scalar variables       : 190531          
(CVXPY) Aug 28 06:29:31 PM:   Matrix variables       : 0               
(CVXPY) Aug 28 06:29:31 PM:   Integer variables      : 190095          
(CVXPY) Aug 28 06:29:31 PM: 
(CVXPY) Aug 28 06:29:31 PM: Optimizer started.
(CVXPY) Aug 28 06:29:31 PM: Mixed integer optimizer started.
(CVXPY) Aug 28 06:29:31 PM: Threads used: 24
(CVXPY) Aug 28 06:29:31 PM: Presolve started.
(CVXPY) Aug 28 06:29:37 PM: Presolve terminated. Time = 6.10, probing time =  1.07
(CVXPY) Aug 28 06:29:37 PM: Presolved problem: 40681 variables, 166480 constraints, 822092 non-zeros
(CVXPY) Aug 28 06:29:37 PM: Presolved problem: 0 general integer, 40245 binary, 436 continuous
(CVXPY) Aug 28 06:29:37 PM: Clique table size: 0
(CVXPY) Aug 28 06:29:37 PM: BRANCHES RELAXS   ACT_NDS  DEPTH    BEST_INT_OBJ         BEST_RELAX_OBJ       REL_GAP(%)  TIME  
(CVXPY) Aug 28 06:29:37 PM: 0        0        1        0        NA                   NA                   NA          6.4   
(CVXPY) Aug 28 06:29:40 PM: 0        1        1        0        NA                   1.5052786200e+02     NA          8.5   
(CVXPY) Aug 28 06:29:52 PM: Root cut generation started.
(CVXPY) Aug 28 06:29:53 PM: 0        1        1        0        NA                   1.5052786200e+02     NA          21.9  
(CVXPY) Aug 28 06:30:00 PM: 0        2        1        0        NA                   1.5052786200e+02     NA          29.1  
(CVXPY) Aug 28 06:30:07 PM: 0        3        1        0        NA                   1.5052786047e+02     NA          35.6  
(CVXPY) Aug 28 06:30:21 PM: Root cut generation terminated. Time = 5.49
(CVXPY) Aug 28 06:30:42 PM: 5        13       6        3        NA                   1.5052786200e+02     NA          71.2  
(CVXPY) Aug 28 06:30:54 PM: 14       25       15       6        NA                   1.5052786200e+02     NA          83.1  
(CVXPY) Aug 28 06:31:02 PM: 26       41       27       8        NA                   1.5052786200e+02     NA          90.6  
(CVXPY) Aug 28 06:31:06 PM: 35       52       36       9        NA                   1.5052786200e+02     NA          94.5  
(CVXPY) Aug 28 06:31:11 PM: 48       70       49       10       NA                   1.5052786200e+02     NA          99.8  
(CVXPY) Aug 28 06:31:16 PM: 76       103      77       12       NA                   1.5052786200e+02     NA          105.2 
(CVXPY) Aug 28 06:31:25 PM: 131      174      132      15       NA                   1.5052786200e+02     NA          114.0 
(CVXPY) Aug 28 06:31:33 PM: 225      275      226      20       NA                   1.5052786200e+02     NA          121.5 
(CVXPY) Aug 28 06:31:42 PM: 316      369      317      29       NA                   1.5052786200e+02     NA          130.9 
(CVXPY) Aug 28 06:31:49 PM: 427      481      428      30       NA                   1.5052786200e+02     NA          137.6 
(CVXPY) Aug 28 06:31:59 PM: 507      561      508      34       NA                   1.5052786200e+02     NA          147.5 
(CVXPY) Aug 28 06:32:07 PM: 593      647      594      38       NA                   1.5052786200e+02     NA          155.7 
(CVXPY) Aug 28 06:32:13 PM: 680      734      681      41       NA                   1.5052786200e+02     NA          161.6 
(CVXPY) Aug 28 06:32:20 PM: 832      886      833      47       NA                   1.5052786200e+02     NA          168.7 
(CVXPY) Aug 28 06:32:27 PM: 1009     1063     1010     48       NA                   1.5052786200e+02     NA          176.3 
(CVXPY) Aug 28 06:32:36 PM: 1195     1249     1196     49       NA                   1.5052786200e+02     NA          184.5 
(CVXPY) Aug 28 06:32:45 PM: 1373     1427     1374     50       NA                   1.5052786200e+02     NA          193.8 
(CVXPY) Aug 28 06:33:09 PM: 1513     1569     1514     55       NA                   1.5052786200e+02     NA          217.7 
(CVXPY) Aug 28 06:33:14 PM: 1631     1687     1632     56       NA                   1.5052786200e+02     NA          222.6 
(CVXPY) Aug 28 06:33:18 PM: 1731     1787     1732     57       NA                   1.5052786200e+02     NA          227.3 
(CVXPY) Aug 28 06:33:24 PM: 1883     1939     1884     59       NA                   1.5052786200e+02     NA          233.4 
(CVXPY) Aug 28 06:33:31 PM: 2022     2078     2023     61       NA                   1.5052786200e+02     NA          239.8 
(CVXPY) Aug 28 06:33:37 PM: 2160     2216     2161     66       NA                   1.5052786200e+02     NA          245.5 
(CVXPY) Aug 28 06:33:47 PM: 2184     2240     2185     67       3.3077224600e+02     1.5052786200e+02     54.49       256.3 
(CVXPY) Aug 28 06:33:48 PM: 2184     2241     2185     67       3.3077224600e+02     1.5052786200e+02     54.49       256.7 
(CVXPY) Aug 28 06:33:48 PM: 2195     2253     2185     67       3.3077224600e+02     1.5052786200e+02     54.49       256.9 
(CVXPY) Aug 28 06:33:48 PM: 2206     2264     2185     67       3.3077224600e+02     1.5052786200e+02     54.49       257.0 
(CVXPY) Aug 28 06:33:48 PM: 2218     2276     2185     67       3.3077224600e+02     1.5052786200e+02     54.49       257.0 
(CVXPY) Aug 28 06:33:48 PM: 2240     2296     2185     67       3.3077224600e+02     1.5052786200e+02     54.49       257.1 
(CVXPY) Aug 28 06:33:48 PM: 2255     2310     2185     67       3.3077224600e+02     1.5052786200e+02     54.49       257.1 
(CVXPY) Aug 28 06:33:48 PM: 2287     2341     2185     67       3.3077224600e+02     1.5052786200e+02     54.49       257.1 
(CVXPY) Aug 28 06:33:48 PM: 2328     2381     2185     67       3.3077224600e+02     1.5052786200e+02     54.49       257.1 
(CVXPY) Aug 28 06:33:48 PM: 2389     2442     2185     67       3.3077224600e+02     1.5052786200e+02     54.49       257.2 
(CVXPY) Aug 28 06:33:48 PM: 2488     2541     2185     67       3.3077224600e+02     1.5052786200e+02     54.49       257.2 
(CVXPY) Aug 28 06:33:48 PM: 2651     2704     2185     67       3.3077224600e+02     1.5052786200e+02     54.49       257.3 
(CVXPY) Aug 28 06:33:49 PM: 2963     3015     2185     67       3.3077224600e+02     1.5052786200e+02     54.49       257.5 
(CVXPY) Aug 28 06:33:49 PM: 3563     3615     2185     67       3.3077224600e+02     1.5052786200e+02     54.49       257.9 
(CVXPY) Aug 28 06:33:52 PM: 3631     3683     2253     70       3.3077224600e+02     1.5052786200e+02     54.49       260.9 
(CVXPY) Aug 28 06:33:57 PM: 
Performed MIP restart 1.
(CVXPY) Aug 28 06:33:58 PM: Presolve started.
(CVXPY) Aug 28 06:34:00 PM: Presolve terminated. Time = 7.91, probing time =  1.94
(CVXPY) Aug 28 06:34:00 PM: Presolved problem: 40649 variables, 166930 constraints, 825711 non-zeros
(CVXPY) Aug 28 06:34:00 PM: Presolved problem: 0 general integer, 40213 binary, 436 continuous
(CVXPY) Aug 28 06:34:00 PM: Clique table size: 0
(CVXPY) Aug 28 06:34:00 PM: BRANCHES RELAXS   ACT_NDS  DEPTH    BEST_INT_OBJ         BEST_RELAX_OBJ       REL_GAP(%)  TIME  
(CVXPY) Aug 28 06:34:00 PM: 3761     3814     1        0        3.3077224600e+02     1.5052786200e+02     54.49       268.8 
(CVXPY) Aug 28 06:34:17 PM: Root cut generation started.
(CVXPY) Aug 28 06:34:20 PM: 3761     3815     1        0        3.3077224600e+02     1.5052786200e+02     54.49       288.5 
(CVXPY) Aug 28 06:34:27 PM: 3761     3816     1        0        3.3077224600e+02     1.5052786200e+02     54.49       295.5 
(CVXPY) Aug 28 06:34:39 PM: 3761     3817     1        0        3.3077224600e+02     1.5052786200e+02     54.49       308.3 
(CVXPY) Aug 28 06:34:49 PM: Root cut generation terminated. Time = 12.49
(CVXPY) Aug 28 06:35:07 PM: 3761     3820     1        0        3.3077224600e+02     1.5052786220e+02     54.49       336.1 
(CVXPY) Aug 28 06:35:08 PM: 3771     3831     1        0        3.3077224600e+02     1.5052786220e+02     54.49       336.5 
(CVXPY) Aug 28 06:35:08 PM: 3786     3845     1        0        3.3077224600e+02     1.5052786220e+02     54.49       336.5 
(CVXPY) Aug 28 06:35:08 PM: 3801     3860     1        0        3.3077224600e+02     1.5052786220e+02     54.49       336.5 
(CVXPY) Aug 28 06:35:08 PM: 3820     3879     1        0        3.3077224600e+02     1.5052786220e+02     54.49       336.6 
(CVXPY) Aug 28 06:35:08 PM: 3834     3893     1        0        3.3077224600e+02     1.5052786220e+02     54.49       336.6 
(CVXPY) Aug 28 06:35:08 PM: 3851     3910     1        0        3.3077224600e+02     1.5052786220e+02     54.49       336.6 
(CVXPY) Aug 28 06:35:08 PM: 3881     3940     1        0        3.3077224600e+02     1.5052786220e+02     54.49       336.8 
(CVXPY) Aug 28 06:35:08 PM: 3921     3980     1        0        3.3077224600e+02     1.5052786220e+02     54.49       336.8 
(CVXPY) Aug 28 06:35:08 PM: 3979     4038     1        0        3.3077224600e+02     1.5052786220e+02     54.49       336.8 
(CVXPY) Aug 28 06:35:08 PM: 4065     4123     1        0        3.3077224600e+02     1.5052786220e+02     54.49       336.9 
(CVXPY) Aug 28 06:35:08 PM: 4203     4254     1        0        3.3077224600e+02     1.5052786220e+02     54.49       337.0 
(CVXPY) Aug 28 06:35:08 PM: 4441     4486     1        0        3.3077224600e+02     1.5052786220e+02     54.49       337.1 
(CVXPY) Aug 28 06:35:08 PM: 4871     4912     1        0        3.3077224600e+02     1.5052786220e+02     54.49       337.4 
(CVXPY) Aug 28 06:35:19 PM: 4881     4927     11       5        3.3077224600e+02     1.5052786200e+02     54.49       347.5 
(CVXPY) Aug 28 06:35:24 PM: 4890     4938     20       7        3.3077224600e+02     1.5052786200e+02     54.49       352.7 
(CVXPY) Aug 28 06:35:30 PM: 4906     4959     36       6        3.3077224600e+02     1.5052786200e+02     54.49       358.5 
(CVXPY) Aug 28 06:35:37 PM: 4931     4993     61       8        3.3077224600e+02     1.5052786200e+02     54.49       365.5 
(CVXPY) Aug 28 06:35:41 PM: 4962     5027     92       10       3.3077224600e+02     1.5052786200e+02     54.49       369.5 
(CVXPY) Aug 28 06:35:47 PM: 5019     5100     149      13       3.3077224600e+02     1.5052786200e+02     54.49       375.5 
(CVXPY) Aug 28 06:35:55 PM: 5147     5237     277      19       3.3077224600e+02     1.5052786200e+02     54.49       384.0 
(CVXPY) Aug 28 06:36:03 PM: 5286     5376     416      26       3.3077224600e+02     1.5052786200e+02     54.49       392.0 
(CVXPY) Aug 28 06:36:12 PM: 5512     5602     642      35       3.3077224600e+02     1.5052786200e+02     54.49       400.9 
(CVXPY) Aug 28 06:36:20 PM: 5697     5787     827      43       3.3077224600e+02     1.5052786200e+02     54.49       408.7 
(CVXPY) Aug 28 06:36:28 PM: 5921     6011     1051     53       3.3077224600e+02     1.5052786200e+02     54.49       417.2 
(CVXPY) Aug 28 06:36:37 PM: 6125     6215     1255     61       3.3077224600e+02     1.5052786200e+02     54.49       425.5 
(CVXPY) Aug 28 06:36:37 PM: 6135     6227     1255     61       3.3077224600e+02     1.5052786200e+02     54.49       426.1 
(CVXPY) Aug 28 06:36:37 PM: 6151     6243     1255     61       3.3077224600e+02     1.5052786200e+02     54.49       426.1 
(CVXPY) Aug 28 06:36:37 PM: 6173     6264     1255     61       3.3077224600e+02     1.5052786200e+02     54.49       426.2 
(CVXPY) Aug 28 06:36:37 PM: 6189     6278     1255     61       3.3077224600e+02     1.5052786200e+02     54.49       426.2 
(CVXPY) Aug 28 06:36:37 PM: 6226     6315     1255     61       3.3077224600e+02     1.5052786200e+02     54.49       426.2 
(CVXPY) Aug 28 06:36:37 PM: 6285     6373     1255     61       3.3077224600e+02     1.5052786200e+02     54.49       426.3 
(CVXPY) Aug 28 06:36:37 PM: 6373     6456     1255     61       3.3077224600e+02     1.5052786200e+02     54.49       426.3 
(CVXPY) Aug 28 06:36:37 PM: 6515     6597     1255     61       3.3077224600e+02     1.5052786200e+02     54.49       426.4 
(CVXPY) Aug 28 06:36:38 PM: 6779     6860     1255     61       3.3077224600e+02     1.5052786200e+02     54.49       426.6 
(CVXPY) Aug 28 06:36:38 PM: 7307     7390     1255     61       3.3077224600e+02     1.5052786200e+02     54.49       427.0 
(CVXPY) Aug 28 06:36:47 PM: 7479     7562     1427     69       3.3077224600e+02     1.5052786200e+02     54.49       436.1 
(CVXPY) Aug 28 06:36:53 PM: 7554     7637     1502     70       3.3077224600e+02     1.5052786200e+02     54.49       441.5 
(CVXPY) Aug 28 06:36:59 PM: 7702     7785     1650     76       3.3077224600e+02     1.5052786200e+02     54.49       448.4 
(CVXPY) Aug 28 06:37:08 PM: 7901     7984     1849     80       3.3077224600e+02     1.5052786200e+02     54.49       457.3 
(CVXPY) Aug 28 06:37:15 PM: 8049     8132     1997     89       3.3077224600e+02     1.5052786200e+02     54.49       464.2 
(CVXPY) Aug 28 06:37:23 PM: 8210     8293     2158     97       3.3077224600e+02     1.5052786200e+02     54.49       472.2 
(CVXPY) Aug 28 06:37:29 PM: 8298     8382     2246     98       3.3077224600e+02     1.5052786200e+02     54.49       478.4 
(CVXPY) Aug 28 06:37:35 PM: 8401     8485     2349     102      3.3077224600e+02     1.5052786200e+02     54.49       483.4 
(CVXPY) Aug 28 06:37:40 PM: 8534     8618     2482     105      3.3077224600e+02     1.5052786200e+02     54.49       488.6 
(CVXPY) Aug 28 06:37:44 PM: 8686     8770     2634     108      3.3077224600e+02     1.5052786200e+02     54.49       493.3 
(CVXPY) Aug 28 06:37:45 PM: 8686     8771     2634     108      3.3061701500e+02     1.5052786200e+02     54.47       493.7 
(CVXPY) Aug 28 06:37:45 PM: 8696     8782     2634     108      3.3061701500e+02     1.5052786200e+02     54.47       493.9 
(CVXPY) Aug 28 06:37:45 PM: 8712     8798     2634     108      3.3061701500e+02     1.5052786200e+02     54.47       493.9 
(CVXPY) Aug 28 06:37:45 PM: 8732     8818     2634     108      3.3061701500e+02     1.5052786200e+02     54.47       494.0 
(CVXPY) Aug 28 06:37:45 PM: 8744     8830     2634     108      3.3061701500e+02     1.5052786200e+02     54.47       494.0 
(CVXPY) Aug 28 06:37:45 PM: 8756     8842     2634     108      3.3061701500e+02     1.5052786200e+02     54.47       494.0 
(CVXPY) Aug 28 06:37:45 PM: 8768     8854     2634     108      3.3061701500e+02     1.5052786200e+02     54.47       494.0 
(CVXPY) Aug 28 06:37:45 PM: 8780     8866     2634     108      3.3061701500e+02     1.5052786200e+02     54.47       494.0 
(CVXPY) Aug 28 06:37:45 PM: 8792     8878     2634     108      3.3061701500e+02     1.5052786200e+02     54.47       494.0 
(CVXPY) Aug 28 06:37:45 PM: 8805     8891     2634     108      3.3061701500e+02     1.5052786200e+02     54.47       494.0 
(CVXPY) Aug 28 06:37:45 PM: 8838     8924     2634     108      3.3061701500e+02     1.5052786200e+02     54.47       494.0 
(CVXPY) Aug 28 06:37:45 PM: 8879     8965     2634     108      3.3061701500e+02     1.5052786200e+02     54.47       494.1 
(CVXPY) Aug 28 06:37:45 PM: 8938     9024     2634     108      3.3061701500e+02     1.5052786200e+02     54.47       494.1 
(CVXPY) Aug 28 06:37:45 PM: 9016     9102     2634     108      3.3061701500e+02     1.5052786200e+02     54.47       494.1 
(CVXPY) Aug 28 06:37:45 PM: 9154     9240     2634     108      3.3061701500e+02     1.5052786200e+02     54.47       494.2 
(CVXPY) Aug 28 06:37:45 PM: 9392     9478     2634     108      3.3061701500e+02     1.5052786200e+02     54.47       494.3 
(CVXPY) Aug 28 06:37:46 PM: 9824     9910     2634     108      3.3061701500e+02     1.5052786200e+02     54.47       494.6 
(CVXPY) Aug 28 06:37:51 PM: 9980     10066    2790     113      3.3061701500e+02     1.5052786200e+02     54.47       499.8 
(CVXPY) Aug 28 06:37:55 PM: 10131    10217    2941     119      3.3061701500e+02     1.5052786200e+02     54.47       503.8 
(CVXPY) Aug 28 06:38:01 PM: 10333    10419    3143     126      3.3061701500e+02     1.5052786200e+02     54.47       509.8 
(CVXPY) Aug 28 06:38:09 PM: 10593    10679    3403     144      3.3061701500e+02     1.5052786200e+02     54.47       517.8 
(CVXPY) Aug 28 06:38:18 PM: 
Performed MIP restart 2.
(CVXPY) Aug 28 06:38:19 PM: Presolve started.
(CVXPY) Aug 28 06:38:21 PM: Presolve terminated. Time = 9.95, probing time =  2.91
(CVXPY) Aug 28 06:38:21 PM: Presolved problem: 40626 variables, 167005 constraints, 831905 non-zeros
(CVXPY) Aug 28 06:38:21 PM: Presolved problem: 0 general integer, 40190 binary, 436 continuous
(CVXPY) Aug 28 06:38:21 PM: Clique table size: 0
(CVXPY) Aug 28 06:38:21 PM: BRANCHES RELAXS   ACT_NDS  DEPTH    BEST_INT_OBJ         BEST_RELAX_OBJ       REL_GAP(%)  TIME  
(CVXPY) Aug 28 06:38:21 PM: 10903    10990    1        0        3.3061701500e+02     1.5052786200e+02     54.47       529.7 
(CVXPY) Aug 28 06:38:42 PM: Root cut generation started.
(CVXPY) Aug 28 06:38:44 PM: 10903    10991    1        0        3.3061701500e+02     1.5052786200e+02     54.47       553.1 
(CVXPY) Aug 28 06:38:52 PM: 10903    10992    1        0        3.3061701500e+02     1.5052786200e+02     54.47       560.9 
(CVXPY) Aug 28 06:38:57 PM: 10903    10993    1        0        3.3061701500e+02     1.5052786200e+02     54.47       565.4 
(CVXPY) Aug 28 06:39:14 PM: Root cut generation terminated. Time = 18.95
(CVXPY) Aug 28 06:39:37 PM: 10908    11002    1        0        3.3061701500e+02     1.5052786200e+02     54.47       605.9 
(CVXPY) Aug 28 06:39:37 PM: 10921    11015    1        0        3.3061701500e+02     1.5052786200e+02     54.47       605.9 
(CVXPY) Aug 28 06:39:37 PM: 10933    11027    1        0        3.3061701500e+02     1.5052786200e+02     54.47       605.9 
(CVXPY) Aug 28 06:39:37 PM: 10948    11042    1        0        3.3061701500e+02     1.5052786200e+02     54.47       606.0 
(CVXPY) Aug 28 06:39:37 PM: 10961    11055    1        0        3.3061701500e+02     1.5052786200e+02     54.47       606.0 
(CVXPY) Aug 28 06:39:37 PM: 10972    11066    1        0        3.3061701500e+02     1.5052786200e+02     54.47       606.0 
(CVXPY) Aug 28 06:39:37 PM: 10984    11078    1        0        3.3061701500e+02     1.5052786200e+02     54.47       606.0 
(CVXPY) Aug 28 06:39:37 PM: 10996    11090    1        0        3.3061701500e+02     1.5052786200e+02     54.47       606.0 
(CVXPY) Aug 28 06:39:37 PM: 11008    11102    1        0        3.3061701500e+02     1.5052786200e+02     54.47       606.0 
(CVXPY) Aug 28 06:39:37 PM: 11021    11115    1        0        3.3061701500e+02     1.5052786200e+02     54.47       606.0 
(CVXPY) Aug 28 06:39:37 PM: 11035    11129    1        0        3.3061701500e+02     1.5052786200e+02     54.47       606.0 
(CVXPY) Aug 28 06:39:37 PM: 11049    11143    1        0        3.3061701500e+02     1.5052786200e+02     54.47       606.0 
(CVXPY) Aug 28 06:39:37 PM: 11063    11157    1        0        3.3061701500e+02     1.5052786200e+02     54.47       606.0 
(CVXPY) Aug 28 06:39:37 PM: 11077    11171    1        0        3.3061701500e+02     1.5052786200e+02     54.47       606.0 
(CVXPY) Aug 28 06:39:37 PM: 11094    11188    1        0        3.3061701500e+02     1.5052786200e+02     54.47       606.1 
(CVXPY) Aug 28 06:39:37 PM: 11131    11225    1        0        3.3061701500e+02     1.5052786200e+02     54.47       606.1 
(CVXPY) Aug 28 06:39:37 PM: 11190    11284    1        0        3.3061701500e+02     1.5052786200e+02     54.47       606.1 
(CVXPY) Aug 28 06:39:37 PM: 11295    11389    1        0        3.3061701500e+02     1.5052786200e+02     54.47       606.2 
(CVXPY) Aug 28 06:39:37 PM: 11483    11577    1        0        3.3061701500e+02     1.5052786200e+02     54.47       606.3 
(CVXPY) Aug 28 06:39:38 PM: 11815    11909    1        0        3.3061701500e+02     1.5052786200e+02     54.47       606.5 
(CVXPY) Aug 28 06:39:38 PM: 12463    12557    1        0        3.3061701500e+02     1.5052786200e+02     54.47       607.0 
(CVXPY) Aug 28 06:39:51 PM: 12473    12572    11       5        3.3061701500e+02     1.5052786200e+02     54.47       619.5 
(CVXPY) Aug 28 06:39:52 PM: 12482    12583    20       4        3.3061701500e+02     1.5052786200e+02     54.47       621.2 
(CVXPY) Aug 28 06:39:55 PM: 12498    12604    36       6        3.3061701500e+02     1.5052786200e+02     54.47       623.5 
(CVXPY) Aug 28 06:39:56 PM: 12510    12620    48       7        3.3061701500e+02     1.5052786200e+02     54.47       625.1 
(CVXPY) Aug 28 06:39:59 PM: 12544    12661    82       9        3.3061701500e+02     1.5052786200e+02     54.47       627.6 
(CVXPY) Aug 28 06:40:04 PM: 12609    12740    147      12       3.3061701500e+02     1.5052786200e+02     54.47       632.6 
(CVXPY) Aug 28 06:40:10 PM: 12664    12801    202      14       3.3061701500e+02     1.5052786200e+02     54.47       638.5 
(CVXPY) Aug 28 06:40:16 PM: 12778    12921    316      22       3.3061701500e+02     1.5052786200e+02     54.47       644.9 
(CVXPY) Aug 28 06:40:22 PM: 12872    13015    410      23       3.3061701500e+02     1.5052786200e+02     54.47       650.9 
(CVXPY) Aug 28 06:40:30 PM: 13054    13197    592      25       3.3061701500e+02     1.5052786200e+02     54.47       658.7 
(CVXPY) Aug 28 06:40:37 PM: 13218    13361    756      26       3.3061701500e+02     1.5052786200e+02     54.47       666.4 
(CVXPY) Aug 28 06:40:45 PM: 13258    13401    796      27       3.3061701500e+02     1.5052786200e+02     54.47       673.8 
(CVXPY) Aug 28 06:40:53 PM: 13451    13594    989      40       3.3061701500e+02     1.5052786200e+02     54.47       681.7 
(CVXPY) Aug 28 06:41:00 PM: 13576    13719    1114     49       3.3061701500e+02     1.5052786200e+02     54.47       688.5 
(CVXPY) Aug 28 06:41:06 PM: 13674    13817    1212     55       3.3061701500e+02     1.5052786200e+02     54.47       695.0 
(CVXPY) Aug 28 06:41:11 PM: 13754    13897    1292     60       3.3061701500e+02     1.5052786200e+02     54.47       700.4 
(CVXPY) Aug 28 06:41:17 PM: 13861    14004    1399     61       3.3061701500e+02     1.5052786200e+02     54.47       705.7 
(CVXPY) Aug 28 06:41:23 PM: 13955    14098    1493     62       3.3061701500e+02     1.5052786200e+02     54.47       712.3 
(CVXPY) Aug 28 06:41:28 PM: 14037    14180    1575     63       3.3061701500e+02     1.5052786200e+02     54.47       717.0 
(CVXPY) Aug 28 06:41:34 PM: 14135    14278    1673     64       3.3061701500e+02     1.5052786200e+02     54.47       723.3 
(CVXPY) Aug 28 06:41:38 PM: 14227    14370    1765     65       3.3061701500e+02     1.5052786200e+02     54.47       727.3 
(CVXPY) Aug 28 06:41:43 PM: 14327    14470    1865     66       3.3061701500e+02     1.5052786200e+02     54.47       731.6 
(CVXPY) Aug 28 06:41:48 PM: 14423    14566    1961     67       3.3061701500e+02     1.5052786200e+02     54.47       737.4 
(CVXPY) Aug 28 06:41:49 PM: 14433    14578    1961     67       3.3061701500e+02     1.5052786200e+02     54.47       738.2 
(CVXPY) Aug 28 06:41:49 PM: 14448    14593    1961     67       3.3061701500e+02     1.5052786200e+02     54.47       738.2 
(CVXPY) Aug 28 06:41:49 PM: 14466    14610    1961     67       3.3061701500e+02     1.5052786200e+02     54.47       738.2 
(CVXPY) Aug 28 06:41:49 PM: 14479    14622    1961     67       3.3061701500e+02     1.5052786200e+02     54.47       738.4 
(CVXPY) Aug 28 06:41:49 PM: 14495    14638    1961     67       3.3061701500e+02     1.5052786200e+02     54.47       738.4 
(CVXPY) Aug 28 06:41:49 PM: 14512    14654    1961     67       3.3061701500e+02     1.5052786200e+02     54.47       738.4 
(CVXPY) Aug 28 06:41:49 PM: 14530    14668    1961     67       3.3061701500e+02     1.5052786200e+02     54.47       738.4 
(CVXPY) Aug 28 06:41:49 PM: 14548    14686    1961     67       3.3061701500e+02     1.5052786200e+02     54.47       738.4 
(CVXPY) Aug 28 06:41:49 PM: 14578    14715    1961     67       3.3061701500e+02     1.5052786200e+02     54.47       738.4 
(CVXPY) Aug 28 06:41:50 PM: 14620    14752    1961     67       3.3061701500e+02     1.5052786200e+02     54.47       738.5 
(CVXPY) Aug 28 06:41:50 PM: 14690    14820    1961     67       3.3061701500e+02     1.5052786200e+02     54.47       738.5 
(CVXPY) Aug 28 06:41:50 PM: 14810    14936    1961     67       3.3061701500e+02     1.5052786200e+02     54.47       738.6 
(CVXPY) Aug 28 06:41:50 PM: 15026    15149    1961     67       3.3061701500e+02     1.5052786200e+02     54.47       738.8 
(CVXPY) Aug 28 06:41:50 PM: 15458    15581    1961     67       3.3061701500e+02     1.5052786200e+02     54.47       739.0 
(CVXPY) Aug 28 06:41:56 PM: 15537    15660    2040     68       3.3061701500e+02     1.5052786200e+02     54.47       744.5 
(CVXPY) Aug 28 06:42:01 PM: 15609    15732    2112     70       3.3061701500e+02     1.5052786200e+02     54.47       749.6 
(CVXPY) Aug 28 06:42:07 PM: 15734    15857    2237     78       3.3061701500e+02     1.5052786200e+02     54.47       755.9 
(CVXPY) Aug 28 06:42:12 PM: 15847    15970    2350     81       3.3061701500e+02     1.5052786200e+02     54.47       760.8 
(CVXPY) Aug 28 06:42:17 PM: 15947    16070    2450     85       3.3061701500e+02     1.5052786200e+02     54.47       765.6 
(CVXPY) Aug 28 06:42:23 PM: 15973    16096    2476     86       3.3061701500e+02     1.5052786200e+02     54.47       772.4 
(CVXPY) Aug 28 06:42:28 PM: 16059    16182    2562     93       3.3061701500e+02     1.5052786200e+02     54.47       776.7 
(CVXPY) Aug 28 06:42:31 PM: 16137    16260    2640     100      3.3061701500e+02     1.5052786200e+02     54.47       780.0 
(CVXPY) Aug 28 06:42:34 PM: 16194    16317    2697     106      3.3061701500e+02     1.5052786200e+02     54.47       782.8 
(CVXPY) Aug 28 06:42:37 PM: 16263    16386    2766     109      3.3061701500e+02     1.5052786200e+02     54.47       786.0 
(CVXPY) Aug 28 06:42:38 PM: 16272    16397    2766     109      3.3061701500e+02     1.5052786200e+02     54.47       786.7 
(CVXPY) Aug 28 06:42:38 PM: 16286    16410    2766     109      3.3061701500e+02     1.5052786200e+02     54.47       786.7 
(CVXPY) Aug 28 06:42:38 PM: 16299    16422    2766     109      3.3061701500e+02     1.5052786200e+02     54.47       786.8 
(CVXPY) Aug 28 06:42:38 PM: 16316    16440    2766     109      3.3061701500e+02     1.5052786200e+02     54.47       786.8 
(CVXPY) Aug 28 06:42:38 PM: 16327    16451    2766     109      3.3061701500e+02     1.5052786200e+02     54.47       786.8 
(CVXPY) Aug 28 06:42:38 PM: 16339    16463    2766     109      3.3061701500e+02     1.5052786200e+02     54.47       786.8 
(CVXPY) Aug 28 06:42:38 PM: 16363    16483    2766     109      3.3061701500e+02     1.5052786200e+02     54.47       786.9 
(CVXPY) Aug 28 06:42:38 PM: 16378    16498    2766     109      3.3061701500e+02     1.5052786200e+02     54.47       786.9 
(CVXPY) Aug 28 06:42:38 PM: 16407    16527    2766     109      3.3061701500e+02     1.5052786200e+02     54.47       786.9 
(CVXPY) Aug 28 06:42:38 PM: 16445    16557    2766     109      3.3061701500e+02     1.5052786200e+02     54.47       786.9 
(CVXPY) Aug 28 06:42:38 PM: 16486    16590    2766     109      3.3061701500e+02     1.5052786200e+02     54.47       786.9 
(CVXPY) Aug 28 06:42:38 PM: 16552    16656    2766     109      3.3061701500e+02     1.5052786200e+02     54.47       787.0 
(CVXPY) Aug 28 06:42:39 PM: 16662    16765    2766     109      3.3061701500e+02     1.5052786200e+02     54.47       787.9 
(CVXPY) Aug 28 06:42:40 PM: 16854    16957    2766     109      3.3061701500e+02     1.5052786200e+02     54.47       788.4 
(CVXPY) Aug 28 06:42:40 PM: 17190    17293    2766     109      3.3061701500e+02     1.5052786200e+02     54.47       788.7 
(CVXPY) Aug 28 06:42:40 PM: 17862    17965    2766     109      3.3061701500e+02     1.5052786200e+02     54.47       789.1 
(CVXPY) Aug 28 06:42:44 PM: 17940    18043    2844     114      3.3061701500e+02     1.5052786200e+02     54.47       793.2 
(CVXPY) Aug 28 06:42:48 PM: 18010    18113    2914     122      3.3061701500e+02     1.5052786200e+02     54.47       797.1 
(CVXPY) Aug 28 06:42:54 PM: 18095    18198    2999     124      3.3061701500e+02     1.5052786200e+02     54.47       802.9 
(CVXPY) Aug 28 06:43:02 PM: 18183    18286    3087     135      3.3061701500e+02     1.5052786200e+02     54.47       810.7 
(CVXPY) Aug 28 06:43:08 PM: 18273    18376    3177     140      3.3061701500e+02     1.5052786200e+02     54.47       817.2 
(CVXPY) Aug 28 06:43:15 PM: 18372    18475    3276     142      3.3061701500e+02     1.5052786200e+02     54.47       823.9 
(CVXPY) Aug 28 06:43:22 PM: 18478    18581    3382     149      3.3061701500e+02     1.5052786200e+02     54.47       830.7 
(CVXPY) Aug 28 06:43:29 PM: 18600    18703    3504     162      3.3061701500e+02     1.5052786200e+02     54.47       837.7 
(CVXPY) Aug 28 06:43:34 PM: 18624    18727    3528     163      3.3061701500e+02     1.5052786200e+02     54.47       843.2 
(CVXPY) Aug 28 06:43:36 PM: 18678    18781    3582     166      3.3061701500e+02     1.5052786200e+02     54.47       845.4 
(CVXPY) Aug 28 06:43:39 PM: 18748    18851    3652     173      3.3061701500e+02     1.5052786200e+02     54.47       848.1 
(CVXPY) Aug 28 06:43:42 PM: 18844    18947    3748     188      3.3061701500e+02     1.5052786200e+02     54.47       851.4 
(CVXPY) Aug 28 06:43:48 PM: 18991    19094    3895     219      3.3061701500e+02     1.5052786200e+02     54.47       856.8 
(CVXPY) Aug 28 06:43:55 PM: 19215    19318    4119     263      3.3061701500e+02     1.5052786200e+02     54.47       864.3 
(CVXPY) Aug 28 06:44:03 PM: 19511    19614    4415     307      3.3061701500e+02     1.5052786200e+02     54.47       872.4 
(CVXPY) Aug 28 06:44:13 PM: 19907    20010    4811     351      3.3061701500e+02     1.5052786200e+02     54.47       881.8 
(CVXPY) Aug 28 06:44:23 PM: 
Performed MIP restart 3.
(CVXPY) Aug 28 06:44:24 PM: Presolve started.
(CVXPY) Aug 28 06:44:26 PM: Presolve terminated. Time = 11.94, probing time =  3.87
(CVXPY) Aug 28 06:44:26 PM: Presolved problem: 40595 variables, 166928 constraints, 830206 non-zeros
(CVXPY) Aug 28 06:44:26 PM: Presolved problem: 0 general integer, 40159 binary, 436 continuous
(CVXPY) Aug 28 06:44:26 PM: Clique table size: 0
(CVXPY) Aug 28 06:44:26 PM: BRANCHES RELAXS   ACT_NDS  DEPTH    BEST_INT_OBJ         BEST_RELAX_OBJ       REL_GAP(%)  TIME  
(CVXPY) Aug 28 06:44:26 PM: 20316    20420    1        0        3.3061701500e+02     1.5052786200e+02     54.47       894.9 
(CVXPY) Aug 28 06:44:46 PM: Root cut generation started.
(CVXPY) Aug 28 06:44:49 PM: 20316    20421    1        0        3.3061701500e+02     1.5052786200e+02     54.47       917.7 
(CVXPY) Aug 28 06:44:55 PM: 20316    20422    1        0        3.3061701500e+02     1.5052786200e+02     54.47       924.0 
(CVXPY) Aug 28 06:45:06 PM: 20316    20423    1        0        3.3061701500e+02     1.5052786200e+02     54.47       934.8 
(CVXPY) Aug 28 06:45:17 PM: Root cut generation terminated. Time = 26.06
(CVXPY) Aug 28 06:45:34 PM: 20321    20432    1        0        3.3061701500e+02     1.5052786200e+02     54.47       962.9 
(CVXPY) Aug 28 06:45:34 PM: 20334    20445    1        0        3.3061701500e+02     1.5052786200e+02     54.47       962.9 
(CVXPY) Aug 28 06:45:34 PM: 20347    20458    1        0        3.3061701500e+02     1.5052786200e+02     54.47       962.9 
(CVXPY) Aug 28 06:45:34 PM: 20362    20473    1        0        3.3061701500e+02     1.5052786200e+02     54.47       963.0 
(CVXPY) Aug 28 06:45:34 PM: 20386    20494    1        0        3.3061701500e+02     1.5052786200e+02     54.47       963.0 
(CVXPY) Aug 28 06:45:34 PM: 20400    20507    1        0        3.3061701500e+02     1.5052786200e+02     54.47       963.0 
(CVXPY) Aug 28 06:45:34 PM: 20415    20521    1        0        3.3061701500e+02     1.5052786200e+02     54.47       963.0 
(CVXPY) Aug 28 06:45:34 PM: 20432    20537    1        0        3.3061701500e+02     1.5052786200e+02     54.47       963.1 
(CVXPY) Aug 28 06:45:34 PM: 20467    20572    1        0        3.3061701500e+02     1.5052786200e+02     54.47       963.1 
(CVXPY) Aug 28 06:45:34 PM: 20526    20631    1        0        3.3061701500e+02     1.5052786200e+02     54.47       963.1 
(CVXPY) Aug 28 06:45:34 PM: 20610    20715    1        0        3.3061701500e+02     1.5052786200e+02     54.47       963.2 
(CVXPY) Aug 28 06:45:34 PM: 20778    20883    1        0        3.3061701500e+02     1.5052786200e+02     54.47       963.3 
(CVXPY) Aug 28 06:45:35 PM: 21018    21123    1        0        3.3061701500e+02     1.5052786200e+02     54.47       963.5 
(CVXPY) Aug 28 06:45:35 PM: 21474    21579    1        0        3.3061701500e+02     1.5052786200e+02     54.47       963.8 
(CVXPY) Aug 28 06:45:48 PM: 21483    21592    10       4        3.3061701500e+02     1.5052786200e+02     54.47       976.5 
(CVXPY) Aug 28 06:45:55 PM: 21497    21611    24       2        3.3061701500e+02     1.5052786200e+02     54.47       983.8 
(CVXPY) Aug 28 06:45:57 PM: 21514    21631    41       5        3.3061701500e+02     1.5052786200e+02     54.47       986.3 
(CVXPY) Aug 28 06:46:02 PM: 21529    21654    56       6        3.3061701500e+02     1.5052786200e+02     54.47       990.6 
(CVXPY) Aug 28 06:46:05 PM: 21563    21692    90       8        3.3061701500e+02     1.5052786200e+02     54.47       993.6 
(CVXPY) Aug 28 06:46:10 PM: 21625    21770    152      11       3.3061701500e+02     1.5052786200e+02     54.47       999.1 
(CVXPY) Aug 28 06:46:19 PM: 21741    21895    268      17       3.3061701500e+02     1.5052786200e+02     54.47       1007.5
(CVXPY) Aug 28 06:46:27 PM: 21903    22057    430      28       3.3061701500e+02     1.5052786200e+02     54.47       1016.2
(CVXPY) Aug 28 06:46:35 PM: 22087    22241    614      40       3.3061701500e+02     1.5052786200e+02     54.47       1023.5
(CVXPY) Aug 28 06:46:42 PM: 22282    22436    809      51       3.3061701500e+02     1.5052786200e+02     54.47       1030.5
(CVXPY) Aug 28 06:46:49 PM: 22472    22626    999      59       3.3061701500e+02     1.5052786200e+02     54.47       1037.6
(CVXPY) Aug 28 06:46:56 PM: 22615    22769    1142     69       3.3061701500e+02     1.5052786200e+02     54.47       1044.8
(CVXPY) Aug 28 06:46:57 PM: 22625    22781    1142     69       3.3061701500e+02     1.5052786200e+02     54.47       1045.6
(CVXPY) Aug 28 06:46:57 PM: 22641    22797    1142     69       3.3061701500e+02     1.5052786200e+02     54.47       1045.7
(CVXPY) Aug 28 06:46:57 PM: 22660    22816    1142     69       3.3061701500e+02     1.5052786200e+02     54.47       1045.7
(CVXPY) Aug 28 06:46:57 PM: 22674    22830    1142     69       3.3061701500e+02     1.5052786200e+02     54.47       1046.3
(CVXPY) Aug 28 06:46:57 PM: 22689    22845    1142     69       3.3061701500e+02     1.5052786200e+02     54.47       1046.3
(CVXPY) Aug 28 06:46:57 PM: 22706    22862    1142     69       3.3061701500e+02     1.5052786200e+02     54.47       1046.3
(CVXPY) Aug 28 06:46:57 PM: 22724    22880    1142     69       3.3061701500e+02     1.5052786200e+02     54.47       1046.3
(CVXPY) Aug 28 06:46:57 PM: 22760    22916    1142     69       3.3061701500e+02     1.5052786200e+02     54.47       1046.4
(CVXPY) Aug 28 06:46:57 PM: 22832    22987    1142     69       3.3061701500e+02     1.5052786200e+02     54.47       1046.4
(CVXPY) Aug 28 06:46:58 PM: 22976    23131    1142     69       3.3061701500e+02     1.5052786200e+02     54.47       1046.5
(CVXPY) Aug 28 06:46:58 PM: 23264    23419    1142     69       3.3061701500e+02     1.5052786200e+02     54.47       1046.7
(CVXPY) Aug 28 06:46:58 PM: 23840    23996    1142     69       3.3061701500e+02     1.5052786200e+02     54.47       1047.1
(CVXPY) Aug 28 06:47:06 PM: 23993    24149    1295     71       3.3061701500e+02     1.5052786200e+02     54.47       1054.5
(CVXPY) Aug 28 06:47:12 PM: 24107    24264    1409     72       3.3061701500e+02     1.5052786200e+02     54.47       1060.5
(CVXPY) Aug 28 06:47:40 PM: 24238    24399    1540     76       3.3061701500e+02     1.5052786200e+02     54.47       1088.6
(CVXPY) Aug 28 06:47:46 PM: 24377    24538    1679     77       3.3061701500e+02     1.5052786200e+02     54.47       1095.0
(CVXPY) Aug 28 06:48:10 PM: 24522    24685    1824     80       3.3061701500e+02     1.5052786200e+02     54.47       1118.9
(CVXPY) Aug 28 06:48:15 PM: 24661    24824    1963     82       3.3061701500e+02     1.5052786200e+02     54.47       1124.2
(CVXPY) Aug 28 06:48:30 PM: 24685    24848    1987     83       3.3061701500e+02     1.5052786200e+02     54.47       1138.7
(CVXPY) Aug 28 06:48:36 PM: 24755    24918    2057     86       3.3061701500e+02     1.5052786200e+02     54.47       1145.0
(CVXPY) Aug 28 06:48:53 PM: 24909    25074    2211     91       3.3061701500e+02     1.5052786200e+02     54.47       1162.2
(CVXPY) Aug 28 06:49:01 PM: 25086    25251    2388     96       3.3061701500e+02     1.5052786200e+02     54.47       1169.8
(CVXPY) Aug 28 06:49:02 PM: 25095    25262    2388     96       3.3061701500e+02     1.5052786200e+02     54.47       1170.6
(CVXPY) Aug 28 06:49:02 PM: 25107    25274    2388     96       3.3061701500e+02     1.5052786200e+02     54.47       1170.6
(CVXPY) Aug 28 06:49:02 PM: 25123    25290    2388     96       3.3061701500e+02     1.5052786200e+02     54.47       1170.7
(CVXPY) Aug 28 06:49:02 PM: 25137    25304    2388     96       3.3061701500e+02     1.5052786200e+02     54.47       1170.7
(CVXPY) Aug 28 06:49:02 PM: 25152    25319    2388     96       3.3061701500e+02     1.5052786200e+02     54.47       1170.7
(CVXPY) Aug 28 06:49:02 PM: 25172    25339    2388     96       3.3061701500e+02     1.5052786200e+02     54.47       1170.7
(CVXPY) Aug 28 06:49:02 PM: 25184    25351    2388     96       3.3061701500e+02     1.5052786200e+02     54.47       1170.8
(CVXPY) Aug 28 06:49:02 PM: 25196    25363    2388     96       3.3061701500e+02     1.5052786200e+02     54.47       1170.8
(CVXPY) Aug 28 06:49:02 PM: 25209    25376    2388     96       3.3061701500e+02     1.5052786200e+02     54.47       1170.8
(CVXPY) Aug 28 06:49:02 PM: 25251    25418    2388     96       3.3061701500e+02     1.5052786200e+02     54.47       1170.8
(CVXPY) Aug 28 06:49:02 PM: 25323    25490    2388     96       3.3061701500e+02     1.5052786200e+02     54.47       1170.9
(CVXPY) Aug 28 06:49:02 PM: 25467    25634    2388     96       3.3061701500e+02     1.5052786200e+02     54.47       1171.0
(CVXPY) Aug 28 06:49:02 PM: 25755    25922    2388     96       3.3061701500e+02     1.5052786200e+02     54.47       1171.2
(CVXPY) Aug 28 06:49:03 PM: 26331    26498    2388     96       3.3061701500e+02     1.5052786200e+02     54.47       1171.6
(CVXPY) Aug 28 06:49:10 PM: 26543    26710    2600     98       3.3061701500e+02     1.5052786200e+02     54.47       1178.8
(CVXPY) Aug 28 06:49:24 PM: 26798    26967    2855     103      3.3061701500e+02     1.5052786200e+02     54.47       1193.0
(CVXPY) Aug 28 06:49:44 PM: 27126    27297    3183     113      3.3061701500e+02     1.5052786200e+02     54.47       1213.3
(CVXPY) Aug 28 06:50:16 PM: 27568    27741    3625     119      3.3061701500e+02     1.5052786200e+02     54.47       1245.3
(CVXPY) Aug 28 06:50:27 PM: 28064    28237    4121     123      3.3061701500e+02     1.5052786200e+02     54.47       1255.7
(CVXPY) Aug 28 06:50:37 PM: 28583    28756    4640     126      3.3061701500e+02     1.5052786200e+02     54.47       1265.8
(CVXPY) Aug 28 06:50:48 PM: 29197    29370    5254     132      3.3061701500e+02     1.5052786200e+02     54.47       1277.0
(CVXPY) Aug 28 06:51:00 PM: 29875    30048    5932     152      3.3061701500e+02     1.5052786200e+02     54.47       1288.7
(CVXPY) Aug 28 06:51:41 PM: 30626    30801    6683     196      3.3061701500e+02     1.5052786200e+02     54.47       1329.8
(CVXPY) Aug 28 06:51:55 PM: 31459    31634    7516     240      3.3061701500e+02     1.5052786200e+02     54.47       1343.7
(CVXPY) Aug 28 06:52:09 PM: 32335    32510    8392     284      3.3061701500e+02     1.5052786200e+02     54.47       1358.4
(CVXPY) Aug 28 06:52:24 PM: 33231    33406    9288     328      3.3061701500e+02     1.5052786200e+02     54.47       1372.6
(CVXPY) Aug 28 06:52:33 PM: 33753    33928    9810     334      3.3061701500e+02     1.5052786200e+02     54.47       1382.2
(CVXPY) Aug 28 06:52:36 PM: 33778    33953    9835     335      3.3061701500e+02     1.5052786200e+02     54.47       1384.8
(CVXPY) Aug 28 06:52:38 PM: 33888    34063    9945     337      3.3061701500e+02     1.5052786200e+02     54.47       1387.0
(CVXPY) Aug 28 06:52:42 PM: 34117    34293    10174    343      3.3061701500e+02     1.5052786200e+02     54.47       1391.0
(CVXPY) Aug 28 06:52:56 PM: 34535    34713    10592    352      3.3061701500e+02     1.5052786200e+02     54.47       1404.5
(CVXPY) Aug 28 06:53:10 PM: 35374    35554    11431    380      3.3061701500e+02     1.5052786200e+02     54.47       1419.1
(CVXPY) Aug 28 06:53:25 PM: 36298    36478    12355    424      3.3061701500e+02     1.5052786200e+02     54.47       1433.7
(CVXPY) Aug 28 06:53:38 PM: 37109    37289    13166    455      3.3061701500e+02     1.5052786200e+02     54.47       1446.9
(CVXPY) Aug 28 06:53:53 PM: 38044    38224    14101    493      3.3061701500e+02     1.5052786200e+02     54.47       1461.4
(CVXPY) Aug 28 06:54:10 PM: 39020    39200    15077    537      3.3061701500e+02     1.5052786200e+02     54.47       1479.1
(CVXPY) Aug 28 06:54:24 PM: 39971    40151    16028    581      3.3061701500e+02     1.5052786200e+02     54.47       1493.4
(CVXPY) Aug 28 06:54:40 PM: 40983    41163    17040    625      3.3061701500e+02     1.5052786200e+02     54.47       1509.0
(CVXPY) Aug 28 06:54:55 PM: 41991    42171    18048    669      3.3061701500e+02     1.5052786200e+02     54.47       1524.2
(CVXPY) Aug 28 06:55:10 PM: 
Performed MIP restart 4.
(CVXPY) Aug 28 06:55:11 PM: Presolve started.
(CVXPY) Aug 28 06:55:13 PM: Presolve terminated. Time = 13.86, probing time =  4.76
(CVXPY) Aug 28 06:55:13 PM: Presolved problem: 40590 variables, 166785 constraints, 827062 non-zeros
(CVXPY) Aug 28 06:55:13 PM: Presolved problem: 0 general integer, 40154 binary, 436 continuous
(CVXPY) Aug 28 06:55:13 PM: Clique table size: 0
(CVXPY) Aug 28 06:55:13 PM: BRANCHES RELAXS   ACT_NDS  DEPTH    BEST_INT_OBJ         BEST_RELAX_OBJ       REL_GAP(%)  TIME  
(CVXPY) Aug 28 06:55:13 PM: 43000    43181    1        0        3.3061701500e+02     1.5052786200e+02     54.47       1541.8
(CVXPY) Aug 28 06:55:31 PM: Root cut generation started.
(CVXPY) Aug 28 06:55:34 PM: 43000    43182    1        0        3.3061701500e+02     1.5052786200e+02     54.47       1562.8
(CVXPY) Aug 28 06:55:41 PM: 43000    43183    1        0        3.3061701500e+02     1.5052786200e+02     54.47       1570.1
(CVXPY) Aug 28 06:56:01 PM: 43000    43184    1        0        3.3061701500e+02     1.5052786200e+02     54.47       1590.0
(CVXPY) Aug 28 06:56:12 PM: Root cut generation terminated. Time = 33.27
(CVXPY) Aug 28 06:56:34 PM: 43005    43193    1        0        3.3061701500e+02     1.5052786200e+02     54.47       1623.4
(CVXPY) Aug 28 06:56:35 PM: 43019    43207    1        0        3.3061701500e+02     1.5052786200e+02     54.47       1623.4
(CVXPY) Aug 28 06:56:35 PM: 43035    43219    1        0        3.3061701500e+02     1.5052786200e+02     54.47       1623.5
(CVXPY) Aug 28 06:56:35 PM: 43051    43232    1        0        3.3061701500e+02     1.5052786200e+02     54.47       1623.5
(CVXPY) Aug 28 06:56:35 PM: 43064    43245    1        0        3.3061701500e+02     1.5052786200e+02     54.47       1623.5
(CVXPY) Aug 28 06:56:35 PM: 43080    43261    1        0        3.3061701500e+02     1.5052786200e+02     54.47       1623.5
(CVXPY) Aug 28 06:56:35 PM: 43096    43277    1        0        3.3061701500e+02     1.5052786200e+02     54.47       1623.6
(CVXPY) Aug 28 06:56:35 PM: 43112    43293    1        0        3.3061701500e+02     1.5052786200e+02     54.47       1623.6
(CVXPY) Aug 28 06:56:35 PM: 43128    43309    1        0        3.3061701500e+02     1.5052786200e+02     54.47       1623.6
(CVXPY) Aug 28 06:56:35 PM: 43144    43325    1        0        3.3061701500e+02     1.5052786200e+02     54.47       1623.6
(CVXPY) Aug 28 06:56:35 PM: 43158    43339    1        0        3.3061701500e+02     1.5052786200e+02     54.47       1623.6
(CVXPY) Aug 28 06:56:35 PM: 43178    43359    1        0        3.3061701500e+02     1.5052786200e+02     54.47       1623.6
(CVXPY) Aug 28 06:56:35 PM: 43193    43374    1        0        3.3061701500e+02     1.5052786200e+02     54.47       1623.6
(CVXPY) Aug 28 06:56:35 PM: 43208    43389    1        0        3.3061701500e+02     1.5052786200e+02     54.47       1623.6
(CVXPY) Aug 28 06:56:35 PM: 43224    43405    1        0        3.3061701500e+02     1.5052786200e+02     54.47       1623.7
(CVXPY) Aug 28 06:56:35 PM: 43240    43421    1        0        3.3061701500e+02     1.5052786200e+02     54.47       1623.7
(CVXPY) Aug 28 06:56:35 PM: 43257    43438    1        0        3.3061701500e+02     1.5052786200e+02     54.47       1623.7
(CVXPY) Aug 28 06:56:35 PM: 43275    43456    1        0        3.3061701500e+02     1.5052786200e+02     54.47       1623.7
(CVXPY) Aug 28 06:56:35 PM: 43293    43474    1        0        3.3061701500e+02     1.5052786200e+02     54.47       1623.7
(CVXPY) Aug 28 06:56:35 PM: 43311    43492    1        0        3.3061701500e+02     1.5052786200e+02     54.47       1623.7
(CVXPY) Aug 28 06:56:35 PM: 43329    43510    1        0        3.3061701500e+02     1.5052786200e+02     54.47       1623.7
(CVXPY) Aug 28 06:56:35 PM: 43347    43528    1        0        3.3061701500e+02     1.5052786200e+02     54.47       1623.7
(CVXPY) Aug 28 06:56:35 PM: 43365    43546    1        0        3.3061701500e+02     1.5052786200e+02     54.47       1623.7
(CVXPY) Aug 28 06:56:35 PM: 43383    43564    1        0        3.3061701500e+02     1.5052786200e+02     54.47       1623.7
(CVXPY) Aug 28 06:56:35 PM: 43401    43582    1        0        3.3061701500e+02     1.5052786200e+02     54.47       1623.7
(CVXPY) Aug 28 06:56:35 PM: 43419    43600    1        0        3.3061701500e+02     1.5052786200e+02     54.47       1623.7
(CVXPY) Aug 28 06:56:35 PM: 43437    43618    1        0        3.3061701500e+02     1.5052786200e+02     54.47       1623.8
(CVXPY) Aug 28 06:56:35 PM: 43455    43636    1        0        3.3061701500e+02     1.5052786200e+02     54.47       1623.8
(CVXPY) Aug 28 06:56:35 PM: 43473    43654    1        0        3.3061701500e+02     1.5052786200e+02     54.47       1623.8
(CVXPY) Aug 28 06:56:35 PM: 43491    43672    1        0        3.3061701500e+02     1.5052786200e+02     54.47       1623.8
(CVXPY) Aug 28 06:56:35 PM: 43509    43690    1        0        3.3061701500e+02     1.5052786200e+02     54.47       1623.8
(CVXPY) Aug 28 06:56:35 PM: 43527    43708    1        0        3.3061701500e+02     1.5052786200e+02     54.47       1623.8
(CVXPY) Aug 28 06:56:35 PM: 43545    43726    1        0        3.3061701500e+02     1.5052786200e+02     54.47       1623.8
(CVXPY) Aug 28 06:56:35 PM: 43563    43744    1        0        3.3061701500e+02     1.5052786200e+02     54.47       1623.8
(CVXPY) Aug 28 06:56:35 PM: 43581    43762    1        0        3.3061701500e+02     1.5052786200e+02     54.47       1623.8
(CVXPY) Aug 28 06:56:35 PM: 43599    43780    1        0        3.3061701500e+02     1.5052786200e+02     54.47       1623.8
(CVXPY) Aug 28 06:56:35 PM: 43617    43798    1        0        3.3061701500e+02     1.5052786200e+02     54.47       1623.8
(CVXPY) Aug 28 06:56:35 PM: 43635    43816    1        0        3.3061701500e+02     1.5052786200e+02     54.47       1623.8
(CVXPY) Aug 28 06:56:35 PM: 43653    43834    1        0        3.3061701500e+02     1.5052786200e+02     54.47       1623.8
(CVXPY) Aug 28 06:56:35 PM: 43671    43852    1        0        3.3061701500e+02     1.5052786200e+02     54.47       1623.8
(CVXPY) Aug 28 06:56:35 PM: 43689    43870    1        0        3.3061701500e+02     1.5052786200e+02     54.47       1623.9
(CVXPY) Aug 28 06:56:35 PM: 43707    43888    1        0        3.3061701500e+02     1.5052786200e+02     54.47       1623.9
(CVXPY) Aug 28 06:56:35 PM: 43725    43906    1        0        3.3061701500e+02     1.5052786200e+02     54.47       1623.9
(CVXPY) Aug 28 06:56:35 PM: 43743    43924    1        0        3.3061701500e+02     1.5052786200e+02     54.47       1623.9
(CVXPY) Aug 28 06:56:35 PM: 43761    43942    1        0        3.3061701500e+02     1.5052786200e+02     54.47       1623.9
(CVXPY) Aug 28 06:56:35 PM: 43779    43960    1        0        3.3061701500e+02     1.5052786200e+02     54.47       1623.9
(CVXPY) Aug 28 06:56:35 PM: 43797    43978    1        0        3.3061701500e+02     1.5052786200e+02     54.47       1623.9
(CVXPY) Aug 28 06:56:35 PM: 43815    43996    1        0        3.3061701500e+02     1.5052786200e+02     54.47       1623.9
(CVXPY) Aug 28 06:56:35 PM: 43833    44014    1        0        3.3061701500e+02     1.5052786200e+02     54.47       1623.9
(CVXPY) Aug 28 06:56:35 PM: 43851    44032    1        0        3.3061701500e+02     1.5052786200e+02     54.47       1623.9
(CVXPY) Aug 28 06:56:35 PM: 43869    44050    1        0        3.3061701500e+02     1.5052786200e+02     54.47       1623.9
(CVXPY) Aug 28 06:56:35 PM: 43887    44068    1        0        3.3061701500e+02     1.5052786200e+02     54.47       1623.9
(CVXPY) Aug 28 06:56:35 PM: 43905    44086    1        0        3.3061701500e+02     1.5052786200e+02     54.47       1623.9
(CVXPY) Aug 28 06:56:35 PM: 43923    44104    1        0        3.3061701500e+02     1.5052786200e+02     54.47       1623.9
(CVXPY) Aug 28 06:56:35 PM: 43941    44122    1        0        3.3061701500e+02     1.5052786200e+02     54.47       1624.0
(CVXPY) Aug 28 06:56:35 PM: 43959    44140    1        0        3.3061701500e+02     1.5052786200e+02     54.47       1624.0
(CVXPY) Aug 28 06:56:35 PM: 43977    44158    1        0        3.3061701500e+02     1.5052786200e+02     54.47       1624.0
(CVXPY) Aug 28 06:56:35 PM: 43995    44176    1        0        3.3061701500e+02     1.5052786200e+02     54.47       1624.0
(CVXPY) Aug 28 06:56:35 PM: 44013    44194    1        0        3.3061701500e+02     1.5052786200e+02     54.47       1624.0
(CVXPY) Aug 28 06:56:48 PM: 44023    44209    11       5        3.3061701500e+02     1.5052786200e+02     54.47       1637.1
(CVXPY) Aug 28 06:56:55 PM: 44038    44229    26       3        3.3061701500e+02     1.5052786200e+02     54.47       1644.3
(CVXPY) Aug 28 06:57:01 PM: 44057    44253    45       5        3.3061701500e+02     1.5052786200e+02     54.47       1650.0
(CVXPY) Aug 28 06:57:05 PM: 44072    44273    60       6        3.3061701500e+02     1.5052786200e+02     54.47       1653.6
(CVXPY) Aug 28 06:57:10 PM: 44107    44315    95       8        3.3061701500e+02     1.5052786200e+02     54.47       1659.0
(CVXPY) Aug 28 06:57:18 PM: 44169    44390    157      11       3.3061701500e+02     1.5052786200e+02     54.47       1666.6
(CVXPY) Aug 28 06:57:26 PM: 44285    44515    273      17       3.3061701500e+02     1.5052786200e+02     54.47       1674.7
(CVXPY) Aug 28 06:57:34 PM: 44459    44689    447      28       3.3061701500e+02     1.5052786200e+02     54.47       1683.1
(CVXPY) Aug 28 06:57:42 PM: 44655    44885    643      39       3.3061701500e+02     1.5052786200e+02     54.47       1690.6
(CVXPY) Aug 28 06:57:54 PM: 44819    45049    807      40       3.3061701500e+02     1.5052786200e+02     54.47       1703.3
(CVXPY) Aug 28 06:58:00 PM: 44949    45179    937      42       3.3061701500e+02     1.5052786200e+02     54.47       1709.3
(CVXPY) Aug 28 06:58:10 PM: 45165    45395    1153     51       3.3061701500e+02     1.5052786200e+02     54.47       1718.7
(CVXPY) Aug 28 06:58:11 PM: 45174    45406    1153     51       3.3061701500e+02     1.5052786200e+02     54.47       1719.7
(CVXPY) Aug 28 06:58:11 PM: 45186    45418    1153     51       3.3061701500e+02     1.5052786200e+02     54.47       1719.7
(CVXPY) Aug 28 06:58:12 PM: 45199    45431    1153     51       3.3061701500e+02     1.5052786200e+02     54.47       1720.7
(CVXPY) Aug 28 06:58:12 PM: 45215    45447    1153     51       3.3061701500e+02     1.5052786200e+02     54.47       1721.3
(CVXPY) Aug 28 06:58:12 PM: 45232    45463    1153     51       3.3061701500e+02     1.5052786200e+02     54.47       1721.4
(CVXPY) Aug 28 06:58:12 PM: 45243    45474    1153     51       3.3061701500e+02     1.5052786200e+02     54.47       1721.4
(CVXPY) Aug 28 06:58:12 PM: 45255    45485    1153     51       3.3061701500e+02     1.5052786200e+02     54.47       1721.4
(CVXPY) Aug 28 06:58:12 PM: 45267    45497    1153     51       3.3061701500e+02     1.5052786200e+02     54.47       1721.4
(CVXPY) Aug 28 06:58:12 PM: 45279    45509    1153     51       3.3061701500e+02     1.5052786200e+02     54.47       1721.4
(CVXPY) Aug 28 06:58:12 PM: 45291    45521    1153     51       3.3061701500e+02     1.5052786200e+02     54.47       1721.4
(CVXPY) Aug 28 06:58:12 PM: 45302    45532    1153     51       3.3061701500e+02     1.5052786200e+02     54.47       1721.4
(CVXPY) Aug 28 06:58:12 PM: 45319    45549    1153     51       3.3061701500e+02     1.5052786200e+02     54.47       1721.4
(CVXPY) Aug 28 06:58:12 PM: 45338    45568    1153     51       3.3061701500e+02     1.5052786200e+02     54.47       1721.4
(CVXPY) Aug 28 06:58:12 PM: 45367    45597    1153     51       3.3061701500e+02     1.5052786200e+02     54.47       1721.4
(CVXPY) Aug 28 06:58:13 PM: 45405    45635    1153     51       3.3061701500e+02     1.5052786200e+02     54.47       1721.4
(CVXPY) Aug 28 06:58:13 PM: 45444    45674    1153     51       3.3061701500e+02     1.5052786200e+02     54.47       1721.5
(CVXPY) Aug 28 06:58:13 PM: 45484    45714    1153     51       3.3061701500e+02     1.5052786200e+02     54.47       1721.5
(CVXPY) Aug 28 06:58:13 PM: 45526    45756    1153     51       3.3061701500e+02     1.5052786200e+02     54.47       1721.5
(CVXPY) Aug 28 06:58:13 PM: 45580    45810    1153     51       3.3061701500e+02     1.5052786200e+02     54.47       1721.5
(CVXPY) Aug 28 06:58:13 PM: 45639    45869    1153     51       3.3061701500e+02     1.5052786200e+02     54.47       1721.5
(CVXPY) Aug 28 06:58:13 PM: 45703    45933    1153     51       3.3061701500e+02     1.5052786200e+02     54.47       1721.6
(CVXPY) Aug 28 06:58:13 PM: 45802    46032    1153     51       3.3061701500e+02     1.5052786200e+02     54.47       1721.6
(CVXPY) Aug 28 06:58:13 PM: 45958    46188    1153     51       3.3061701500e+02     1.5052786200e+02     54.47       1721.7
(CVXPY) Aug 28 06:58:14 PM: 46201    46431    1153     51       3.3061701500e+02     1.5052786200e+02     54.47       1723.0
(CVXPY) Aug 28 06:58:24 PM: 46357    46588    1309     59       3.3061701500e+02     1.5052786200e+02     54.47       1732.7
(CVXPY) Aug 28 06:58:32 PM: 46495    46726    1447     66       3.3061701500e+02     1.5052786200e+02     54.47       1740.7
(CVXPY) Aug 28 06:58:38 PM: 46594    46825    1546     69       3.3061701500e+02     1.5052786200e+02     54.47       1746.6
(CVXPY) Aug 28 06:58:44 PM: 46721    46952    1673     70       3.3061701500e+02     1.5052786200e+02     54.47       1753.3
(CVXPY) Aug 28 06:58:52 PM: 46836    47067    1788     75       3.3061701500e+02     1.5052786200e+02     54.47       1760.9
(CVXPY) Aug 28 06:58:59 PM: 46960    47191    1912     84       3.3061701500e+02     1.5052786200e+02     54.47       1767.5
(CVXPY) Aug 28 06:59:05 PM: 47092    47323    2044     91       3.3061701500e+02     1.5052786200e+02     54.47       1773.6
(CVXPY) Aug 28 06:59:10 PM: 47203    47434    2155     95       3.3061701500e+02     1.5052786200e+02     54.47       1778.6
(CVXPY) Aug 28 06:59:15 PM: 47305    47536    2257     97       3.3061701500e+02     1.5052786200e+02     54.47       1783.8
(CVXPY) Aug 28 06:59:20 PM: 47408    47639    2360     101      3.3061701500e+02     1.5052786200e+02     54.47       1788.5
(CVXPY) Aug 28 06:59:20 PM: 47418    47651    2360     101      3.3061701500e+02     1.5052786200e+02     54.47       1789.4
(CVXPY) Aug 28 06:59:21 PM: 47433    47666    2360     101      3.3061701500e+02     1.5052786200e+02     54.47       1789.4
(CVXPY) Aug 28 06:59:21 PM: 47449    47682    2360     101      3.3061701500e+02     1.5052786200e+02     54.47       1789.5
(CVXPY) Aug 28 06:59:21 PM: 47469    47702    2360     101      3.3061701500e+02     1.5052786200e+02     54.47       1789.5
(CVXPY) Aug 28 06:59:21 PM: 47482    47714    2360     101      3.3061701500e+02     1.5052786200e+02     54.47       1789.5
(CVXPY) Aug 28 06:59:21 PM: 47512    47744    2360     101      3.3061701500e+02     1.5052786200e+02     54.47       1789.5
(CVXPY) Aug 28 06:59:21 PM: 47552    47783    2360     101      3.3061701500e+02     1.5052786200e+02     54.47       1789.6
(CVXPY) Aug 28 06:59:21 PM: 47618    47845    2360     101      3.3061701500e+02     1.5052786200e+02     54.47       1789.7
(CVXPY) Aug 28 06:59:21 PM: 47689    47915    2360     101      3.3061701500e+02     1.5052786200e+02     54.47       1790.2
(CVXPY) Aug 28 06:59:23 PM: 47806    48030    2360     101      3.3061701500e+02     1.5052786200e+02     54.47       1792.3
(CVXPY) Aug 28 06:59:23 PM: 47994    48218    2360     101      3.3061701500e+02     1.5052786200e+02     54.47       1792.4
(CVXPY) Aug 28 06:59:24 PM: 48354    48577    2360     101      3.3061701500e+02     1.5052786200e+02     54.47       1792.7
(CVXPY) Aug 28 06:59:24 PM: 49074    49297    2360     101      3.3061701500e+02     1.5052786200e+02     54.47       1793.2
(CVXPY) Aug 28 06:59:31 PM: 49177    49400    2463     104      3.3061701500e+02     1.5052786200e+02     54.47       1799.8
(CVXPY) Aug 28 06:59:39 PM: 49367    49590    2653     107      3.3061701500e+02     1.5052786200e+02     54.47       1807.7
(CVXPY) Aug 28 06:59:47 PM: 49581    49805    2867     116      3.3061701500e+02     1.5052786200e+02     54.47       1815.7
(CVXPY) Aug 28 06:59:56 PM: 49893    50117    3179     130      3.3061701500e+02     1.5052786200e+02     54.47       1824.7
(CVXPY) Aug 28 07:00:02 PM: 50124    50348    3410     133      3.3061701500e+02     1.5052786200e+02     54.47       1831.1
(CVXPY) Aug 28 07:00:09 PM: 50303    50527    3589     136      3.3061701500e+02     1.5052786200e+02     54.47       1837.5
(CVXPY) Aug 28 07:00:15 PM: 50473    50697    3759     138      3.3061701500e+02     1.5052786200e+02     54.47       1844.3
(CVXPY) Aug 28 07:00:22 PM: 50498    50722    3784     139      3.3061701500e+02     1.5052786200e+02     54.47       1851.3
(CVXPY) Aug 28 07:00:25 PM: 50601    50825    3887     144      3.3061701500e+02     1.5052786200e+02     54.47       1854.3
(CVXPY) Aug 28 07:00:30 PM: 50790    51014    4076     155      3.3061701500e+02     1.5052786200e+02     54.47       1858.8
(CVXPY) Aug 28 07:00:36 PM: 51094    51318    4380     156      3.3061701500e+02     1.5052786200e+02     54.47       1864.8
(CVXPY) Aug 28 07:00:43 PM: 51425    51649    4711     165      3.3061701500e+02     1.5052786200e+02     54.47       1871.9
(CVXPY) Aug 28 07:00:52 PM: 51795    52019    5081     173      3.3061701500e+02     1.5052786200e+02     54.47       1880.5
(CVXPY) Aug 28 07:01:03 PM: 52387    52611    5673     188      3.3061701500e+02     1.5052786200e+02     54.47       1891.5
(CVXPY) Aug 28 07:01:15 PM: 53103    53327    6389     222      3.3061701500e+02     1.5052786200e+02     54.47       1904.1
(CVXPY) Aug 28 07:01:29 PM: 53908    54132    7194     257      3.3061701500e+02     1.5052786200e+02     54.47       1917.6
(CVXPY) Aug 28 07:01:43 PM: 54795    55019    8081     293      3.3061701500e+02     1.5052786200e+02     54.47       1932.4
(CVXPY) Aug 28 07:01:59 PM: 55769    55993    9055     337      3.3061701500e+02     1.5052786200e+02     54.47       1948.2
(CVXPY) Aug 28 07:02:14 PM: 56720    56944    10006    381      3.3061701500e+02     1.5052786200e+02     54.47       1963.4
(CVXPY) Aug 28 07:02:30 PM: 57693    57917    10979    425      3.3061701500e+02     1.5052786200e+02     54.47       1978.5
(CVXPY) Aug 28 07:02:40 PM: 58349    58573    11635    454      3.3061701500e+02     1.5052786200e+02     54.47       1989.1
(CVXPY) Aug 28 07:02:55 PM: 59300    59524    12586    498      3.3061701500e+02     1.5052786200e+02     54.47       2004.1
(CVXPY) Aug 28 07:03:10 PM: 60271    60495    13557    542      3.3061701500e+02     1.5052786200e+02     54.47       2019.1
(CVXPY) Aug 28 07:03:25 PM: 61228    61453    14514    586      3.3061701500e+02     1.5052786200e+02     54.47       2033.5
(CVXPY) Aug 28 07:03:39 PM: 62180    62406    15466    630      3.3061701500e+02     1.5052786200e+02     54.47       2048.1
(CVXPY) Aug 28 07:03:42 PM: 62204    62430    15490    631      3.3061701500e+02     1.5052786200e+02     54.47       2051.3
(CVXPY) Aug 28 07:03:44 PM: 62276    62502    15562    634      3.3061701500e+02     1.5052786200e+02     54.47       2052.8
(CVXPY) Aug 28 07:03:47 PM: 62439    62666    15725    641      3.3061701500e+02     1.5052786200e+02     54.47       2055.5
(CVXPY) Aug 28 07:03:52 PM: 62785    63012    16071    656      3.3061701500e+02     1.5052786200e+02     54.47       2061.1
(CVXPY) Aug 28 07:04:03 PM: 63513    63741    16799    687      3.3061701500e+02     1.5052786200e+02     54.47       2071.8
(CVXPY) Aug 28 07:04:17 PM: 64519    64747    17805    731      3.3061701500e+02     1.5052786200e+02     54.47       2086.1
(CVXPY) Aug 28 07:04:33 PM: 65551    65779    18837    775      3.3061701500e+02     1.5052786200e+02     54.47       2101.8
(CVXPY) Aug 28 07:04:48 PM: 66602    66830    19888    815      3.3061701500e+02     1.5052786200e+02     54.47       2116.6
(CVXPY) Aug 28 07:05:03 PM: 67655    67883    20941    859      3.3061701500e+02     1.5052786200e+02     54.47       2131.7
(CVXPY) Aug 28 07:05:18 PM: 68710    68938    21996    903      3.3061701500e+02     1.5052786200e+02     54.47       2147.0
(CVXPY) Aug 28 07:05:33 PM: 69728    69956    23014    947      3.3061701500e+02     1.5052786200e+02     54.47       2161.9
(CVXPY) Aug 28 07:05:47 PM: 70780    71008    24066    991      3.3061701500e+02     1.5052786200e+02     54.47       2176.4
(CVXPY) Aug 28 07:06:02 PM: 71797    72025    25083    1035     3.3061701500e+02     1.5052786200e+02     54.47       2190.6
(CVXPY) Aug 28 07:06:13 PM: 72567    72795    25853    1073     3.3061701500e+02     1.5052786200e+02     54.47       2202.2
(CVXPY) Aug 28 07:06:27 PM: 73587    73815    26873    1115     3.3061701500e+02     1.5052786200e+02     54.47       2216.0
(CVXPY) Aug 28 07:06:41 PM: 74577    74805    27863    1155     3.3061701500e+02     1.5052786200e+02     54.47       2229.8
(CVXPY) Aug 28 07:06:54 PM: 75533    75761    28819    1197     3.3061701500e+02     1.5052786200e+02     54.47       2243.1
(CVXPY) Aug 28 07:07:08 PM: 76543    76771    29829    1241     3.3061701500e+02     1.5052786200e+02     54.47       2256.9
(CVXPY) Aug 28 07:07:23 PM: 
Performed MIP restart 5.
(CVXPY) Aug 28 07:07:24 PM: Presolve started.
(CVXPY) Aug 28 07:07:26 PM: Presolve terminated. Time = 15.81, probing time =  5.67
(CVXPY) Aug 28 07:07:26 PM: Presolved problem: 40586 variables, 166717 constraints, 826932 non-zeros
(CVXPY) Aug 28 07:07:26 PM: Presolved problem: 0 general integer, 40150 binary, 436 continuous
(CVXPY) Aug 28 07:07:26 PM: Clique table size: 0
(CVXPY) Aug 28 07:07:26 PM: BRANCHES RELAXS   ACT_NDS  DEPTH    BEST_INT_OBJ         BEST_RELAX_OBJ       REL_GAP(%)  TIME  
(CVXPY) Aug 28 07:07:26 PM: 77595    77824    1        0        3.3061701500e+02     1.5052786200e+02     54.47       2274.8
(CVXPY) Aug 28 07:07:51 PM: Root cut generation started.
(CVXPY) Aug 28 07:07:54 PM: 77595    77825    1        0        3.3061701500e+02     1.5052786200e+02     54.47       2302.5
(CVXPY) Aug 28 07:07:59 PM: Root cut generation terminated. Time = 35.49
(CVXPY) Aug 28 07:08:20 PM: 77602    77836    1        0        3.3061701500e+02     1.5052786220e+02     54.47       2328.6
(CVXPY) Aug 28 07:08:20 PM: 77616    77849    1        0        3.3061701500e+02     1.5052786220e+02     54.47       2328.6
(CVXPY) Aug 28 07:08:20 PM: 77629    77862    1        0        3.3061701500e+02     1.5052786220e+02     54.47       2328.6
(CVXPY) Aug 28 07:08:20 PM: 77648    77881    1        0        3.3061701500e+02     1.5052786220e+02     54.47       2328.7
(CVXPY) Aug 28 07:08:20 PM: 77662    77895    1        0        3.3061701500e+02     1.5052786220e+02     54.47       2328.7
(CVXPY) Aug 28 07:08:20 PM: 77691    77924    1        0        3.3061701500e+02     1.5052786220e+02     54.47       2328.8
(CVXPY) Aug 28 07:08:20 PM: 77750    77983    1        0        3.3061701500e+02     1.5052786220e+02     54.47       2328.8
(CVXPY) Aug 28 07:08:20 PM: 77832    78064    1        0        3.3061701500e+02     1.5052786220e+02     54.47       2328.9
(CVXPY) Aug 28 07:08:20 PM: 77951    78183    1        0        3.3061701500e+02     1.5052786220e+02     54.47       2329.0
(CVXPY) Aug 28 07:08:20 PM: 78143    78375    1        0        3.3061701500e+02     1.5052786220e+02     54.47       2329.1
(CVXPY) Aug 28 07:08:20 PM: 78527    78759    1        0        3.3061701500e+02     1.5052786220e+02     54.47       2329.4
(CVXPY) Aug 28 07:08:21 PM: 79295    79527    1        0        3.3061701500e+02     1.5052786220e+02     54.47       2329.9
(CVXPY) Aug 28 07:08:33 PM: 79304    79540    10       2        3.3061701500e+02     1.5052786200e+02     54.47       2341.7
(CVXPY) Aug 28 07:08:38 PM: 79319    79561    25       6        3.3061701500e+02     1.5052786200e+02     54.47       2346.8
(CVXPY) Aug 28 07:08:42 PM: 79338    79584    44       8        3.3061701500e+02     1.5052786200e+02     54.47       2350.6
(CVXPY) Aug 28 07:08:44 PM: 79352    79603    58       9        3.3061701500e+02     1.5052786200e+02     54.47       2353.4
(CVXPY) Aug 28 07:08:48 PM: 79385    79643    91       11       3.3061701500e+02     1.5052786200e+02     54.47       2356.9
(CVXPY) Aug 28 07:08:53 PM: 79447    79718    153      14       3.3061701500e+02     1.5052786200e+02     54.47       2362.4
(CVXPY) Aug 28 07:09:00 PM: 79562    79843    268      20       3.3061701500e+02     1.5052786200e+02     54.47       2368.8
(CVXPY) Aug 28 07:09:09 PM: 79799    80080    505      30       3.3061701500e+02     1.5052786200e+02     54.47       2377.7
(CVXPY) Aug 28 07:09:18 PM: 80077    80358    783      40       3.3061701500e+02     1.5052786200e+02     54.47       2386.8
(CVXPY) Aug 28 07:09:32 PM: 80330    80611    1036     51       3.3061701500e+02     1.5052786200e+02     54.47       2400.5
(CVXPY) Aug 28 07:09:40 PM: 80453    80734    1159     55       3.3061701500e+02     1.5052786200e+02     54.47       2409.4
(CVXPY) Aug 28 07:09:47 PM: 80562    80843    1268     57       3.3061701500e+02     1.5052786200e+02     54.47       2416.4
(CVXPY) Aug 28 07:10:05 PM: 80589    80870    1295     58       3.3061701500e+02     1.5052786200e+02     54.47       2433.6
(CVXPY) Aug 28 07:10:09 PM: 80670    80951    1376     63       3.3061701500e+02     1.5052786200e+02     54.47       2437.7
(CVXPY) Aug 28 07:10:15 PM: 80862    81143    1568     74       3.3061701500e+02     1.5052786200e+02     54.47       2444.4
(CVXPY) Aug 28 07:10:24 PM: 81134    81415    1840     90       3.3061701500e+02     1.5052786200e+02     54.47       2453.3
(CVXPY) Aug 28 07:10:34 PM: 81489    81770    2195     107      3.3061701500e+02     1.5052786200e+02     54.47       2463.3
(CVXPY) Aug 28 07:10:48 PM: 82106    82387    2812     137      3.3061701500e+02     1.5052786200e+02     54.47       2476.6
(CVXPY) Aug 28 07:10:59 PM: 82518    82799    3224     145      3.3061701500e+02     1.5052786200e+02     54.47       2487.5
(CVXPY) Aug 28 07:11:11 PM: 82976    83257    3682     169      3.3061701500e+02     1.5052786200e+02     54.47       2499.6
(CVXPY) Aug 28 07:11:18 PM: 83339    83620    4045     187      3.3061701500e+02     1.5052786200e+02     54.47       2506.7
(CVXPY) Aug 28 07:11:25 PM: 83717    83998    4423     200      3.3061701500e+02     1.5052786200e+02     54.47       2513.9
(CVXPY) Aug 28 07:11:26 PM: 83728    84009    4423     200      3.3061701500e+02     1.5052786200e+02     54.47       2514.8
(CVXPY) Aug 28 07:11:26 PM: 83740    84020    4423     200      3.3061701500e+02     1.5052786200e+02     54.47       2514.8
(CVXPY) Aug 28 07:11:26 PM: 83753    84033    4423     200      3.3061701500e+02     1.5052786200e+02     54.47       2514.9
(CVXPY) Aug 28 07:11:26 PM: 83764    84044    4423     200      3.3061701500e+02     1.5052786200e+02     54.47       2514.9
(CVXPY) Aug 28 07:11:26 PM: 83783    84063    4423     200      3.3061701500e+02     1.5052786200e+02     54.47       2515.0
(CVXPY) Aug 28 07:11:26 PM: 83796    84076    4423     200      3.3061701500e+02     1.5052786200e+02     54.47       2515.0
(CVXPY) Aug 28 07:11:26 PM: 83809    84089    4423     200      3.3061701500e+02     1.5052786200e+02     54.47       2515.1
(CVXPY) Aug 28 07:11:26 PM: 83823    84103    4423     200      3.3061701500e+02     1.5052786200e+02     54.47       2515.1
(CVXPY) Aug 28 07:11:26 PM: 83836    84116    4423     200      3.3061701500e+02     1.5052786200e+02     54.47       2515.1
(CVXPY) Aug 28 07:11:26 PM: 83851    84131    4423     200      3.3061701500e+02     1.5052786200e+02     54.47       2515.1
(CVXPY) Aug 28 07:11:26 PM: 83868    84148    4423     200      3.3061701500e+02     1.5052786200e+02     54.47       2515.1
(CVXPY) Aug 28 07:11:26 PM: 83899    84178    4423     200      3.3061701500e+02     1.5052786200e+02     54.47       2515.1
(CVXPY) Aug 28 07:11:26 PM: 83942    84221    4423     200      3.3061701500e+02     1.5052786200e+02     54.47       2515.2
(CVXPY) Aug 28 07:11:26 PM: 84004    84283    4423     200      3.3061701500e+02     1.5052786200e+02     54.47       2515.2
(CVXPY) Aug 28 07:11:26 PM: 84112    84391    4423     200      3.3061701500e+02     1.5052786200e+02     54.47       2515.3
(CVXPY) Aug 28 07:11:27 PM: 84316    84595    4423     200      3.3061701500e+02     1.5052786200e+02     54.47       2515.4
(CVXPY) Aug 28 07:11:27 PM: 84670    84946    4423     200      3.3061701500e+02     1.5052786200e+02     54.47       2515.7
(CVXPY) Aug 28 07:11:27 PM: 85318    85594    4423     200      3.3061701500e+02     1.5052786200e+02     54.47       2516.1
(CVXPY) Aug 28 07:11:34 PM: 85648    85924    4753     202      3.3061701500e+02     1.5052786200e+02     54.47       2522.8
(CVXPY) Aug 28 07:11:43 PM: 86053    86329    5158     218      3.3061701500e+02     1.5052786200e+02     54.47       2531.7
(CVXPY) Aug 28 07:11:52 PM: 86552    86828    5657     246      3.3061701500e+02     1.5052786200e+02     54.47       2541.2
(CVXPY) Aug 28 07:12:05 PM: 87206    87483    6311     288      3.3061701500e+02     1.5052786200e+02     54.47       2554.0
(CVXPY) Aug 28 07:12:16 PM: 87800    88077    6905     323      3.3061701500e+02     1.5052786200e+02     54.47       2565.2
=== solver exited rc=124 at 19:12:29 ===
  (124 = killed by the 5400s wall backstop)
