/scratch2/dima/miniforge3/envs/xpurt/lib/python3.11/site-packages/mosek/__init__.py:11539: UserWarning: Argument subi in putaijlist64: Incorrect array format causing data to be copied
  warnings.warn("Argument subi in putaijlist64: Incorrect array format causing data to be copied");
/scratch2/dima/miniforge3/envs/xpurt/lib/python3.11/site-packages/mosek/__init__.py:11568: UserWarning: Argument subj in putaijlist64: Incorrect array format causing data to be copied
  warnings.warn("Argument subj in putaijlist64: Incorrect array format causing data to be copied");
============================================================
Loading network hierarchy from JSON...
============================================================

Loading networks from: /scratch/dima/rose-infra/RoSE/soc/sw/xpu-rt/data/toplevel/3net_pairs/networks_3net_tiny_hetero.json

Found 1 networks:
  - mlp_control (id: 0, identifier: mlp_control)

Found 0 network-level dependencies:

Resolved runtime configuration:
  Machine core counts: {'CPU_P': 1, 'CPU_E': 1}
  Profile HW mapping: CPU_P->gemmini_q31, CPU_E->V256D128_rvv
  Profile target/topology: target=firesim_f2_rocket_saturn, topo_tag=topo_0
  p_core_speedup: 1.0
  random_seed: 42
  solver_verbosity: 0
  time_limit: 600.0
  use_profiled: True
  prune_periodic: True
  restrict_makespan_to_nonperiodic: False
  machine_combination_mode: singletons
  enforce_same_processor_combinations: True

Using profiled runtimes where available...

Creating workload from network hierarchy...

Workload created successfully!
  Total operations: 14
  Scheduler machines (2 cores): ['CPU_P#0', 'CPU_E#0']
  Machine combination options: 2 (mode=singletons)
  Job names: ['mlp_control0', 'mlp_control1']
  Operations with multiple predecessors: 0
  Independent jobs (can run in parallel): 2

============================================================
Scheduling combined workload (MILP)...
============================================================
Status:  optimal
Optimal value:  10.527861999999999
Validation: All 14 operations have been scheduled.

Scheduling completed!
Makespan (all operations): 10.53 ms (no non-periodic work in this workload)

Combination assignments:
  1xCPU_P: 14 operations
  1xCPU_E: 0 operations

Per-network combination assignments:
  Mlp_control0: 1xCPU_P=7
  Mlp_control1: 1xCPU_P=7
Job ID to color index mapping: {0: 0, 1: 1}
Job ID distribution: {0: 7, 1: 7}
Job 'mlp_control0' (job_id=0, color_index=0) -> color RGB=[0.59607843 0.8345098  0.57882353]
DEBUG TRANSFER: alpha_shape=(14, 2), num_actual_machines=2, len(machines)=2, alpha_cols=2, is_using_combos=False, prev_machine=0, machine=0, transfer_times_shape=(2, 2), machine_combinations=True
Saving plot to plots/networks_3net_tiny_hetero_profiled.png...

Plot saved to plots/networks_3net_tiny_hetero_profiled.png

Outputting scheduled JSON...

Scheduled JSON saved to: schedules/scheduled_networks_3net_tiny_hetero_profiled.json
wall=1.92s
