============================================================
Loading network hierarchy from JSON...
============================================================

Loading networks from: /scratch/dima/rose-infra/RoSE/soc/sw/xpu-rt/data/toplevel/3net_pairs/networks_3net_small_rvvpair.json

Found 3 networks:
  - mlp_control (id: 0, identifier: mlp_control)
  - dronet (id: 1, identifier: dronet)
  - yolov8_nano (id: 2, identifier: yolov8_nano)

Found 0 network-level dependencies:

Resolved runtime configuration:
  Machine core counts: {'CPU_E': 2}
  Profile HW mapping: CPU_P->gemmini_q31, CPU_E->V256D128_rvv
  Profile target/topology: target=firesim_f2_rocket_saturn, topo_tag=topo_0
  p_core_speedup: 1.0
  random_seed: 42
  solver_verbosity: 0
  time_limit: 600.0
  use_profiled: True
  prune_periodic: True
  restrict_makespan_to_nonperiodic: False
  machine_combination_mode: singletons
  enforce_same_processor_combinations: True

Using profiled runtimes where available...
  Workload declares horizon 0 ms and 2 explicit periodic instance counts; those counts are used as given. Networks without one are still sized by the refinement loop below.

--- greedy_periodic iteration 1 ---
  Total operations: 190
  Job names: ['mlp_control0', 'dronet0', 'yolov8_nano', 'mlp_control1']
  Makespan: 144.84 ms
  Periodic 'mlp_control': the schedule runs to 145 ms, which would take 15 instances, but the workload asks for 2 — keeping 2
  Periodic 'mlp_control': period=10ms current=2 needed=2
  Periodic 'dronet': the schedule runs to 145 ms, which would take 8 instances, but the workload asks for 1 — keeping 1
  Periodic 'dronet': period=20ms current=1 needed=1
  All periodic counts cover makespan — converged.

Final greedy makespan: 144.84 ms (after 1 iteration)

Scheduling completed!
Makespan (non-periodic): 144.84 ms (all operations: 144.84 ms)

Combination assignments:
  1xCPU_E: 190 operations
  2xCPU_E: 0 operations
  1xCPU_E: 190 operations

Per-network combination assignments:
  Mlp_control0: 1xCPU_E=7, 1xCPU_E=7
  Dronet0: 1xCPU_E=21, 1xCPU_E=21
  Yolov8_nano: 1xCPU_E=155, 1xCPU_E=155
  Mlp_control1: 1xCPU_E=7, 1xCPU_E=7
Job ID to color index mapping: {0: 0, 1: 1, 2: 2, 3: 3}
Job ID distribution: {0: 7, 3: 7, 1: 21, 2: 155}
Job 'mlp_control0' (job_id=0, color_index=0) -> color RGB=[0.59607843 0.8345098  0.57882353]
DEBUG TRANSFER: alpha_shape=(190, 3), num_actual_machines=2, len(machines)=2, alpha_cols=3, is_using_combos=True, prev_machine=0, machine=0, transfer_times_shape=(2, 2), machine_combinations=True
Job 'dronet0' (job_id=1, color_index=1) -> color RGB=[0.17914648 0.49287197 0.73542484]
Job 'yolov8_nano' (job_id=2, color_index=2) -> color RGB=[0.8871511  0.33208766 0.0310496 ]
DEBUG IMMEDIATE: op=62, job_id=2, lookup=2, op_color_index=2, base_colors[2]=(0.8871510957324106, 0.3320876585928489, 0.03104959630911188)
DEBUG AFTER MODULO: op=62, original=2, after_modulo=2, len(base_colors)=4
DEBUG BEFORE LEGEND: op=62, op_color_index=2, original=2, job_index=3, legend_key=kind_yolov8_nano, in_legend=True
DEBUG IMMEDIATE: op=63, job_id=2, lookup=2, op_color_index=2, base_colors[2]=(0.8871510957324106, 0.3320876585928489, 0.03104959630911188)
DEBUG AFTER MODULO: op=63, original=2, after_modulo=2, len(base_colors)=4
DEBUG BEFORE LEGEND: op=63, op_color_index=2, original=2, job_index=3, legend_key=kind_yolov8_nano, in_legend=True
DEBUG IMMEDIATE: op=64, job_id=2, lookup=2, op_color_index=2, base_colors[2]=(0.8871510957324106, 0.3320876585928489, 0.03104959630911188)
DEBUG AFTER MODULO: op=64, original=2, after_modulo=2, len(base_colors)=4
DEBUG BEFORE LEGEND: op=64, op_color_index=2, original=2, job_index=3, legend_key=kind_yolov8_nano, in_legend=True
Saving plot to plots/networks_3net_small_rvvpair_greedy_periodic_profiled.png...

Plot saved to plots/networks_3net_small_rvvpair_greedy_periodic_profiled.png

Outputting scheduled JSON...

Scheduled JSON saved to: schedules/scheduled_networks_3net_small_rvvpair_greedy_periodic_profiled.json
WARN: granularity advisor -- the desired granularity for yolov8_nano's dispatches should be finer: its largest dispatch (11.73 ms) exceeds mlp_control's available free slot (0.00 ms) (period 0.08 ms, free slot 0.00 ms after mlp_control's own utilization) -- it would overrun mlp_control's cadence if they shared a core
