✓ Conda environment 'zephyr' activated successfully
Zephyr SDK environment variables set:
  ZEPHYR_BASE=/scratch/dima/rose-infra/RoSE/soc/sw/xpu-rt/zephyr-chipyard-sw/zephyr_ws/zephyr
  ZEPHYR_SDK_INSTALL_DIR=/scratch/dima/rose-infra/RoSE/soc/sw/xpu-rt/zephyr-chipyard-sw/tools-manual/zephyr-sdk-1.0.0-beta1
  ZEPHYR_TOOLCHAIN_VARIANT=zephyr
### tag=vint_gq31_kcov1 exdir=vint_kcov target=gemmini_q31 quant=int8 2026-09-02T06:49:18Z
### env: MB_DRIFT_ATOL=2 GLOBAL_CURATED_DIR=<default kernels/>
[1/5] extract_graph (quant=int8) -> /scratch/dima/rose-infra/RoSE/soc/sw/xpu-rt/zephyr-chipyard-sw/modelblaster/examples/vint_kcov/int8/generated
MODELBLASTER_STAGE_BEGIN:extract
  (skipped — IR present at /scratch/dima/rose-infra/RoSE/soc/sw/xpu-rt/zephyr-chipyard-sw/modelblaster/examples/vint_kcov/int8/generated; set FORCE_EXTRACT=1 to re-run)
MODELBLASTER_STAGE_END:extract:0.001
[2/5] generate_skeleton (backend=gemmini_q31) -> /scratch/dima/rose-infra/RoSE/soc/sw/xpu-rt/zephyr-chipyard-sw/modelblaster/examples/vint_kcov/int8/generated/gemmini_q31
MODELBLASTER_STAGE_BEGIN:generate_skeleton
wrote /scratch/dima/rose-infra/RoSE/soc/sw/xpu-rt/zephyr-chipyard-sw/modelblaster/examples/vint_kcov/int8/generated/gemmini_q31/weights.h
wrote /scratch/dima/rose-infra/RoSE/soc/sw/xpu-rt/zephyr-chipyard-sw/modelblaster/examples/vint_kcov/int8/generated/gemmini_q31/weights.c
wrote /scratch/dima/rose-infra/RoSE/soc/sw/xpu-rt/zephyr-chipyard-sw/modelblaster/examples/vint_kcov/int8/generated/gemmini_q31/model.h
wrote /scratch/dima/rose-infra/RoSE/soc/sw/xpu-rt/zephyr-chipyard-sw/modelblaster/examples/vint_kcov/int8/generated/gemmini_q31/model.c
wrote /scratch/dima/rose-infra/RoSE/soc/sw/xpu-rt/zephyr-chipyard-sw/modelblaster/examples/vint_kcov/int8/generated/gemmini_q31/buffers.c
wrote /scratch/dima/rose-infra/RoSE/soc/sw/xpu-rt/zephyr-chipyard-sw/modelblaster/examples/vint_kcov/int8/generated/gemmini_q31/test_io.h
MODELBLASTER_STAGE_END:generate_skeleton:12.142
[3/5] generate_kernels (backend=reference target=gemmini_q31 quant=int8 optimize=0) -> /scratch/dima/rose-infra/RoSE/soc/sw/xpu-rt/zephyr-chipyard-sw/modelblaster/examples/vint_kcov/int8/generated/gemmini_q31
MODELBLASTER_STAGE_BEGIN:generate_kernels
backend=reference  target=gemmini_q31  ops=['adaptive_avg_pool2d_f16', 'adaptive_avg_pool2d_s8', 'add_f16', 'add_s8', 'batchnorm2d_f16', 'cast_f16_to_i8', 'cast_i8_to_f16', 'cat2_c1_f16', 'cat2_c1_s8', 'conv2d_f16', 'conv2d_s8_pc', 'depthwise_conv2d_f16', 'depthwise_conv2d_s8', 'gelu_s8', 'layer_norm_s8', 'linear_f16', 'linear_s8_pc', 'matmul_s8', 'mul_c1_f16', 'mul_c1_s8', 'mul_f16', 'mul_s8', 'pad_f16', 'pad_s8', 'relu_f16', 'sigmoid_f16', 'sigmoid_s8', 'slice_c_f16', 'softmax_s8', 'vint_action_post']
  [curated] pre-seeded verify baseline with 20 curated kernel(s): ['adaptive_avg_pool2d_f16', 'add_f16', 'add_s8', 'batchnorm2d_f16', 'cast_i8_to_f16', 'cat2_c1_s8', 'conv2d_f16', 'conv2d_s8_pc', 'depthwise_conv2d_f16', 'depthwise_conv2d_s8', 'gelu_s8', 'linear_f16', 'linear_s8_pc', 'mul_c1_f16', 'mul_c1_s8', 'mul_f16', 'mul_s8', 'pad_s8', 'sigmoid_f16', 'sigmoid_s8']
  [adaptive_avg_pool2d_f16/soft_f16] reference + curated swap from /scratch/dima/rose-infra/RoSE/soc/sw/xpu-rt/zephyr-chipyard-sw/modelblaster/kernels/gemmini_q31/gemmini_q31_adaptive_avg_pool2d_f16_soft_f16.c
  [adaptive_avg_pool2d_f16/soft_f16] verify curated at 13 shape(s) vs reference_impl
  [adaptive_avg_pool2d_f16/?] MB_DRIFT_ATOL loosens verify atol 1.0 -> 2.0 (accepting up to 2.0 LSB of drift by request)
  [adaptive_avg_pool2d_f16/soft_f16] curated verify PASS — spike-harness ok (max_abs_err=0.328 max_rel_err=0.187, cycles={'cast_i8_to_f16': 4701293, 'slice_c_f16': 195942, 'cat2_c1_f16': 391751, 'pad_f16': 5581093, 'conv2d_f16': 3981610335, 'batchnorm2d_f16': 46529976, 'sigmoid_f16': 86047865, 'mul_f16': 57261648, 'depthwise_conv2d_f16': 234934453, 'adaptive_avg_pool2d_f16': 13257237, 'mul_c1_f16': 15173894, 'add_f16': 1912672, 'linear_f16': 53352286, 'pad_s8': 15972778, 'conv2d_s8_pc': 770610349, 'sigmoid_s8': 51101752, 'mul_s8': 99466111, 'depthwise_conv2d_s8': 495843479, 'adaptive_avg_pool2d_s8': 19855989, 'mul_c1_s8': 30191022, 'add_s8': 4276577, 'linear_s8_pc': 4548514, 'cast_f16_to_i8': 33464, 'cat2_c1_s8': 28647, 'layer_norm_s8': 2119600, 'matmul_s8': 793016, 'softmax_s8': 39439, 'gelu_s8': 861508, 'relu_f16': 93476, 'vint_action_post': 172})
  [add_f16/soft_f16] reference + curated swap from /scratch/dima/rose-infra/RoSE/soc/sw/xpu-rt/zephyr-chipyard-sw/modelblaster/kernels/gemmini_q31/gemmini_q31_add_f16_soft_f16.c
  [add_f16/soft_f16] verify curated at 7 shape(s) vs reference_impl
  [add_f16/?] MB_DRIFT_ATOL loosens verify atol 1.0 -> 2.0 (accepting up to 2.0 LSB of drift by request)
  [add_f16/soft_f16] curated verify PASS — spike-harness ok (max_abs_err=0.328 max_rel_err=0.187, cycles={'cast_i8_to_f16': 4701293, 'slice_c_f16': 195942, 'cat2_c1_f16': 391751, 'pad_f16': 5581093, 'conv2d_f16': 3981610335, 'batchnorm2d_f16': 46529976, 'sigmoid_f16': 86047865, 'mul_f16': 57261648, 'depthwise_conv2d_f16': 234934453, 'adaptive_avg_pool2d_f16': 13257237, 'mul_c1_f16': 15173894, 'add_f16': 1912672, 'linear_f16': 53352286, 'pad_s8': 15972778, 'conv2d_s8_pc': 770610349, 'sigmoid_s8': 51101752, 'mul_s8': 99466111, 'depthwise_conv2d_s8': 495843479, 'adaptive_avg_pool2d_s8': 19855989, 'mul_c1_s8': 30191022, 'add_s8': 4276577, 'linear_s8_pc': 4548514, 'cast_f16_to_i8': 33464, 'cat2_c1_s8': 28647, 'layer_norm_s8': 2119600, 'matmul_s8': 793016, 'softmax_s8': 39439, 'gelu_s8': 861508, 'relu_f16': 93476, 'vint_action_post': 172})
  [add_s8/gemmini_resadd] reference + curated swap from /scratch/dima/rose-infra/RoSE/soc/sw/xpu-rt/zephyr-chipyard-sw/modelblaster/kernels/gemmini_q31/gemmini_q31_add_s8_gemmini_resadd.c
  [add_s8/gemmini_resadd] verify curated at 9 shape(s) vs reference_impl
  [add_s8/?] MB_DRIFT_ATOL loosens verify atol 1.0 -> 2.0 (accepting up to 2.0 LSB of drift by request)
  [add_s8/gemmini_resadd] curated verify PASS — spike-harness ok (max_abs_err=0.328 max_rel_err=0.187, cycles={'cast_i8_to_f16': 4701293, 'slice_c_f16': 195942, 'cat2_c1_f16': 391751, 'pad_f16': 5581093, 'conv2d_f16': 3981610335, 'batchnorm2d_f16': 46529976, 'sigmoid_f16': 86047865, 'mul_f16': 57261648, 'depthwise_conv2d_f16': 234934453, 'adaptive_avg_pool2d_f16': 13257237, 'mul_c1_f16': 15173894, 'add_f16': 1912672, 'linear_f16': 53352286, 'pad_s8': 15972778, 'conv2d_s8_pc': 770610349, 'sigmoid_s8': 51101752, 'mul_s8': 99466111, 'depthwise_conv2d_s8': 495843479, 'adaptive_avg_pool2d_s8': 19855989, 'mul_c1_s8': 30191022, 'add_s8': 4276577, 'linear_s8_pc': 4548514, 'cast_f16_to_i8': 33464, 'cat2_c1_s8': 28647, 'layer_norm_s8': 2119600, 'matmul_s8': 793016, 'softmax_s8': 39439, 'gelu_s8': 861508, 'relu_f16': 93476, 'vint_action_post': 172})
  [batchnorm2d_f16/soft_f16] reference + curated swap from /scratch/dima/rose-infra/RoSE/soc/sw/xpu-rt/zephyr-chipyard-sw/modelblaster/kernels/gemmini_q31/gemmini_q31_batchnorm2d_f16_soft_f16.c
  [batchnorm2d_f16/soft_f16] verify curated at 21 shape(s) vs reference_impl
  [batchnorm2d_f16/?] MB_DRIFT_ATOL loosens verify atol 1.0 -> 2.0 (accepting up to 2.0 LSB of drift by request)
  [batchnorm2d_f16/soft_f16] curated verify PASS — spike-harness ok (max_abs_err=0.328 max_rel_err=0.187, cycles={'cast_i8_to_f16': 4701293, 'slice_c_f16': 195942, 'cat2_c1_f16': 391751, 'pad_f16': 5581093, 'conv2d_f16': 3981610335, 'batchnorm2d_f16': 46529976, 'sigmoid_f16': 86047865, 'mul_f16': 57261648, 'depthwise_conv2d_f16': 234934453, 'adaptive_avg_pool2d_f16': 13257237, 'mul_c1_f16': 15173894, 'add_f16': 1912672, 'linear_f16': 53352286, 'pad_s8': 15972778, 'conv2d_s8_pc': 770610349, 'sigmoid_s8': 51101752, 'mul_s8': 99466111, 'depthwise_conv2d_s8': 495843479, 'adaptive_avg_pool2d_s8': 19855989, 'mul_c1_s8': 30191022, 'add_s8': 4276577, 'linear_s8_pc': 4548514, 'cast_f16_to_i8': 33464, 'cat2_c1_s8': 28647, 'layer_norm_s8': 2119600, 'matmul_s8': 793016, 'softmax_s8': 39439, 'gelu_s8': 861508, 'relu_f16': 93476, 'vint_action_post': 172})
  [cast_i8_to_f16/soft_f16] reference + curated swap from /scratch/dima/rose-infra/RoSE/soc/sw/xpu-rt/zephyr-chipyard-sw/modelblaster/kernels/gemmini_q31/gemmini_q31_cast_i8_to_f16_soft_f16.c
  [cast_i8_to_f16/soft_f16] verify curated at 6 shape(s) vs reference_impl
  [cast_i8_to_f16/?] MB_DRIFT_ATOL loosens verify atol 1.0 -> 2.0 (accepting up to 2.0 LSB of drift by request)
  [cast_i8_to_f16/soft_f16] curated verify PASS — spike-harness ok (max_abs_err=0.328 max_rel_err=0.187, cycles={'cast_i8_to_f16': 4701293, 'slice_c_f16': 195942, 'cat2_c1_f16': 391751, 'pad_f16': 5581093, 'conv2d_f16': 3981610335, 'batchnorm2d_f16': 46529976, 'sigmoid_f16': 86047865, 'mul_f16': 57261648, 'depthwise_conv2d_f16': 234934453, 'adaptive_avg_pool2d_f16': 13257237, 'mul_c1_f16': 15173894, 'add_f16': 1912672, 'linear_f16': 53352286, 'pad_s8': 15972778, 'conv2d_s8_pc': 770610349, 'sigmoid_s8': 51101752, 'mul_s8': 99466111, 'depthwise_conv2d_s8': 495843479, 'adaptive_avg_pool2d_s8': 19855989, 'mul_c1_s8': 30191022, 'add_s8': 4276577, 'linear_s8_pc': 4548514, 'cast_f16_to_i8': 33464, 'cat2_c1_s8': 28647, 'layer_norm_s8': 2119600, 'matmul_s8': 793016, 'softmax_s8': 39439, 'gelu_s8': 861508, 'relu_f16': 93476, 'vint_action_post': 172})
  [cat2_c1_s8/gemmini_mvin_scale] reference + curated swap from /scratch/dima/rose-infra/RoSE/soc/sw/xpu-rt/zephyr-chipyard-sw/modelblaster/kernels/gemmini_q31/gemmini_q31_cat2_c1_s8_gemmini_mvin_scale.c
  [cat2_c1_s8/gemmini_mvin_scale] verify curated at 3 shape(s) vs reference_impl
  [cat2_c1_s8/?] MB_DRIFT_ATOL loosens verify atol 1.0 -> 2.0 (accepting up to 2.0 LSB of drift by request)
  [cat2_c1_s8/gemmini_mvin_scale] curated verify PASS — spike-harness ok (max_abs_err=0.328 max_rel_err=0.187, cycles={'cast_i8_to_f16': 4701293, 'slice_c_f16': 195942, 'cat2_c1_f16': 391751, 'pad_f16': 5581093, 'conv2d_f16': 3981610335, 'batchnorm2d_f16': 46529976, 'sigmoid_f16': 86047865, 'mul_f16': 57261648, 'depthwise_conv2d_f16': 234934453, 'adaptive_avg_pool2d_f16': 13257237, 'mul_c1_f16': 15173894, 'add_f16': 1912672, 'linear_f16': 53352286, 'pad_s8': 15972778, 'conv2d_s8_pc': 770610349, 'sigmoid_s8': 51101752, 'mul_s8': 99466111, 'depthwise_conv2d_s8': 495843479, 'adaptive_avg_pool2d_s8': 19855989, 'mul_c1_s8': 30191022, 'add_s8': 4276577, 'linear_s8_pc': 4548514, 'cast_f16_to_i8': 33464, 'cat2_c1_s8': 28647, 'layer_norm_s8': 2119600, 'matmul_s8': 793016, 'softmax_s8': 39439, 'gelu_s8': 861508, 'relu_f16': 93476, 'vint_action_post': 172})
  [conv2d_f16/soft_f16] reference + curated swap from /scratch/dima/rose-infra/RoSE/soc/sw/xpu-rt/zephyr-chipyard-sw/modelblaster/kernels/gemmini_q31/gemmini_q31_conv2d_f16_soft_f16.c
  [conv2d_f16/soft_f16] verify curated at 35 shape(s) vs reference_impl
  [conv2d_f16/?] MB_DRIFT_ATOL loosens verify atol 1.0 -> 2.0 (accepting up to 2.0 LSB of drift by request)
  [conv2d_f16/soft_f16] curated verify PASS — spike-harness ok (max_abs_err=0.328 max_rel_err=0.187, cycles={'cast_i8_to_f16': 4701293, 'slice_c_f16': 195942, 'cat2_c1_f16': 391751, 'pad_f16': 5581093, 'conv2d_f16': 3981610335, 'batchnorm2d_f16': 46529976, 'sigmoid_f16': 86047865, 'mul_f16': 57261648, 'depthwise_conv2d_f16': 234934453, 'adaptive_avg_pool2d_f16': 13257237, 'mul_c1_f16': 15173894, 'add_f16': 1912672, 'linear_f16': 53352286, 'pad_s8': 15972778, 'conv2d_s8_pc': 770610349, 'sigmoid_s8': 51101752, 'mul_s8': 99466111, 'depthwise_conv2d_s8': 495843479, 'adaptive_avg_pool2d_s8': 19855989, 'mul_c1_s8': 30191022, 'add_s8': 4276577, 'linear_s8_pc': 4548514, 'cast_f16_to_i8': 33464, 'cat2_c1_s8': 28647, 'layer_norm_s8': 2119600, 'matmul_s8': 793016, 'softmax_s8': 39439, 'gelu_s8': 861508, 'relu_f16': 93476, 'vint_action_post': 172})
  [conv2d_s8_pc/gemmini_im2col_full_C] reference + curated swap from /scratch/dima/rose-infra/RoSE/soc/sw/xpu-rt/zephyr-chipyard-sw/modelblaster/kernels/gemmini_q31/gemmini_q31_conv2d_s8_pc_gemmini_im2col_full_C.c
  [conv2d_s8_pc/gemmini_im2col_full_C] verify curated at 35 shape(s) vs reference_impl
  [conv2d_s8_pc/?] MB_DRIFT_ATOL loosens verify atol 1.0 -> 2.0 (accepting up to 2.0 LSB of drift by request)
  [conv2d_s8_pc/gemmini_im2col_full_C] curated verify PASS — spike-harness ok (max_abs_err=0.328 max_rel_err=0.187, cycles={'cast_i8_to_f16': 4701293, 'slice_c_f16': 195942, 'cat2_c1_f16': 391751, 'pad_f16': 5581093, 'conv2d_f16': 3981610335, 'batchnorm2d_f16': 46529976, 'sigmoid_f16': 86047865, 'mul_f16': 57261648, 'depthwise_conv2d_f16': 234934453, 'adaptive_avg_pool2d_f16': 13257237, 'mul_c1_f16': 15173894, 'add_f16': 1912672, 'linear_f16': 53352286, 'pad_s8': 15972778, 'conv2d_s8_pc': 770610349, 'sigmoid_s8': 51101752, 'mul_s8': 99466111, 'depthwise_conv2d_s8': 495843479, 'adaptive_avg_pool2d_s8': 19855989, 'mul_c1_s8': 30191022, 'add_s8': 4276577, 'linear_s8_pc': 4548514, 'cast_f16_to_i8': 33464, 'cat2_c1_s8': 28647, 'layer_norm_s8': 2119600, 'matmul_s8': 793016, 'softmax_s8': 39439, 'gelu_s8': 861508, 'relu_f16': 93476, 'vint_action_post': 172})
  [depthwise_conv2d_f16/soft_f16] reference + curated swap from /scratch/dima/rose-infra/RoSE/soc/sw/xpu-rt/zephyr-chipyard-sw/modelblaster/kernels/gemmini_q31/gemmini_q31_depthwise_conv2d_f16_soft_f16.c
  [depthwise_conv2d_f16/soft_f16] verify curated at 13 shape(s) vs reference_impl
  [depthwise_conv2d_f16/?] MB_DRIFT_ATOL loosens verify atol 1.0 -> 2.0 (accepting up to 2.0 LSB of drift by request)
  [depthwise_conv2d_f16/soft_f16] curated verify PASS — spike-harness ok (max_abs_err=0.328 max_rel_err=0.187, cycles={'cast_i8_to_f16': 4701293, 'slice_c_f16': 195942, 'cat2_c1_f16': 391751, 'pad_f16': 5581093, 'conv2d_f16': 3981610335, 'batchnorm2d_f16': 46529976, 'sigmoid_f16': 86047865, 'mul_f16': 57261648, 'depthwise_conv2d_f16': 234934453, 'adaptive_avg_pool2d_f16': 13257237, 'mul_c1_f16': 15173894, 'add_f16': 1912672, 'linear_f16': 53352286, 'pad_s8': 15972778, 'conv2d_s8_pc': 770610349, 'sigmoid_s8': 51101752, 'mul_s8': 99466111, 'depthwise_conv2d_s8': 495843479, 'adaptive_avg_pool2d_s8': 19855989, 'mul_c1_s8': 30191022, 'add_s8': 4276577, 'linear_s8_pc': 4548514, 'cast_f16_to_i8': 33464, 'cat2_c1_s8': 28647, 'layer_norm_s8': 2119600, 'matmul_s8': 793016, 'softmax_s8': 39439, 'gelu_s8': 861508, 'relu_f16': 93476, 'vint_action_post': 172})
  [depthwise_conv2d_s8/scalar_hoisted_taps] reference + curated swap from /scratch/dima/rose-infra/RoSE/soc/sw/xpu-rt/zephyr-chipyard-sw/modelblaster/kernels/gemmini_q31/gemmini_q31_depthwise_conv2d_s8_scalar_hoisted_taps.c
  [depthwise_conv2d_s8/scalar_hoisted_taps] verify curated at 14 shape(s) vs reference_impl
  [depthwise_conv2d_s8/?] MB_DRIFT_ATOL loosens verify atol 1.0 -> 2.0 (accepting up to 2.0 LSB of drift by request)
  [depthwise_conv2d_s8/scalar_hoisted_taps] curated verify PASS — spike-harness ok (max_abs_err=0.328 max_rel_err=0.187, cycles={'cast_i8_to_f16': 4701293, 'slice_c_f16': 195942, 'cat2_c1_f16': 391751, 'pad_f16': 5581093, 'conv2d_f16': 3981610335, 'batchnorm2d_f16': 46529976, 'sigmoid_f16': 86047865, 'mul_f16': 57261648, 'depthwise_conv2d_f16': 234934453, 'adaptive_avg_pool2d_f16': 13257237, 'mul_c1_f16': 15173894, 'add_f16': 1912672, 'linear_f16': 53352286, 'pad_s8': 15972778, 'conv2d_s8_pc': 770610349, 'sigmoid_s8': 51101752, 'mul_s8': 99466111, 'depthwise_conv2d_s8': 495843479, 'adaptive_avg_pool2d_s8': 19855989, 'mul_c1_s8': 30191022, 'add_s8': 4276577, 'linear_s8_pc': 4548514, 'cast_f16_to_i8': 33464, 'cat2_c1_s8': 28647, 'layer_norm_s8': 2119600, 'matmul_s8': 793016, 'softmax_s8': 39439, 'gelu_s8': 861508, 'relu_f16': 93476, 'vint_action_post': 172})
  [gelu_s8/scalar_lut] reference + curated swap from /scratch/dima/rose-infra/RoSE/soc/sw/xpu-rt/zephyr-chipyard-sw/modelblaster/kernels/gemmini_q31/gemmini_q31_gelu_s8_scalar_lut.c
  [gelu_s8/scalar_lut] verify curated at 4 shape(s) vs reference_impl
  [gelu_s8/?] MB_DRIFT_ATOL loosens verify atol 1.0 -> 2.0 (accepting up to 2.0 LSB of drift by request)
  [gelu_s8/scalar_lut] curated verify PASS — spike-harness ok (max_abs_err=0.328 max_rel_err=0.187, cycles={'cast_i8_to_f16': 4701293, 'slice_c_f16': 195942, 'cat2_c1_f16': 391751, 'pad_f16': 5581093, 'conv2d_f16': 3981610335, 'batchnorm2d_f16': 46529976, 'sigmoid_f16': 86047865, 'mul_f16': 57261648, 'depthwise_conv2d_f16': 234934453, 'adaptive_avg_pool2d_f16': 13257237, 'mul_c1_f16': 15173894, 'add_f16': 1912672, 'linear_f16': 53352286, 'pad_s8': 15972778, 'conv2d_s8_pc': 770610349, 'sigmoid_s8': 51101752, 'mul_s8': 99466111, 'depthwise_conv2d_s8': 495843479, 'adaptive_avg_pool2d_s8': 19855989, 'mul_c1_s8': 30191022, 'add_s8': 4276577, 'linear_s8_pc': 4548514, 'cast_f16_to_i8': 33464, 'cat2_c1_s8': 28647, 'layer_norm_s8': 2119600, 'matmul_s8': 793016, 'softmax_s8': 39439, 'gelu_s8': 861508, 'relu_f16': 93476, 'vint_action_post': 172})
  [linear_f16/soft_f16] reference + curated swap from /scratch/dima/rose-infra/RoSE/soc/sw/xpu-rt/zephyr-chipyard-sw/modelblaster/kernels/gemmini_q31/gemmini_q31_linear_f16_soft_f16.c
  [linear_f16/soft_f16] verify curated at 12 shape(s) vs reference_impl
  [linear_f16/?] MB_DRIFT_ATOL loosens verify atol 1.0 -> 2.0 (accepting up to 2.0 LSB of drift by request)
  [linear_f16/soft_f16] curated verify PASS — spike-harness ok (max_abs_err=0.328 max_rel_err=0.187, cycles={'cast_i8_to_f16': 4701293, 'slice_c_f16': 195942, 'cat2_c1_f16': 391751, 'pad_f16': 5581093, 'conv2d_f16': 3981610335, 'batchnorm2d_f16': 46529976, 'sigmoid_f16': 86047865, 'mul_f16': 57261648, 'depthwise_conv2d_f16': 234934453, 'adaptive_avg_pool2d_f16': 13257237, 'mul_c1_f16': 15173894, 'add_f16': 1912672, 'linear_f16': 53352286, 'pad_s8': 15972778, 'conv2d_s8_pc': 770610349, 'sigmoid_s8': 51101752, 'mul_s8': 99466111, 'depthwise_conv2d_s8': 495843479, 'adaptive_avg_pool2d_s8': 19855989, 'mul_c1_s8': 30191022, 'add_s8': 4276577, 'linear_s8_pc': 4548514, 'cast_f16_to_i8': 33464, 'cat2_c1_s8': 28647, 'layer_norm_s8': 2119600, 'matmul_s8': 793016, 'softmax_s8': 39439, 'gelu_s8': 861508, 'relu_f16': 93476, 'vint_action_post': 172})
  [linear_s8_pc/gemmini_tiled_matmul] reference + curated swap from /scratch/dima/rose-infra/RoSE/soc/sw/xpu-rt/zephyr-chipyard-sw/modelblaster/kernels/gemmini_q31/gemmini_q31_linear_s8_pc_gemmini_tiled_matmul.c
  [linear_s8_pc/gemmini_tiled_matmul] verify curated at 10 shape(s) vs reference_impl
  [linear_s8_pc/?] MB_DRIFT_ATOL loosens verify atol 1.0 -> 2.0 (accepting up to 2.0 LSB of drift by request)
  [linear_s8_pc/gemmini_tiled_matmul] curated verify PASS — spike-harness ok (max_abs_err=0.328 max_rel_err=0.187, cycles={'cast_i8_to_f16': 4701293, 'slice_c_f16': 195942, 'cat2_c1_f16': 391751, 'pad_f16': 5581093, 'conv2d_f16': 3981610335, 'batchnorm2d_f16': 46529976, 'sigmoid_f16': 86047865, 'mul_f16': 57261648, 'depthwise_conv2d_f16': 234934453, 'adaptive_avg_pool2d_f16': 13257237, 'mul_c1_f16': 15173894, 'add_f16': 1912672, 'linear_f16': 53352286, 'pad_s8': 15972778, 'conv2d_s8_pc': 770610349, 'sigmoid_s8': 51101752, 'mul_s8': 99466111, 'depthwise_conv2d_s8': 495843479, 'adaptive_avg_pool2d_s8': 19855989, 'mul_c1_s8': 30191022, 'add_s8': 4276577, 'linear_s8_pc': 4548514, 'cast_f16_to_i8': 33464, 'cat2_c1_s8': 28647, 'layer_norm_s8': 2119600, 'matmul_s8': 793016, 'softmax_s8': 39439, 'gelu_s8': 861508, 'relu_f16': 93476, 'vint_action_post': 172})
  [mul_c1_f16/soft_f16] reference + curated swap from /scratch/dima/rose-infra/RoSE/soc/sw/xpu-rt/zephyr-chipyard-sw/modelblaster/kernels/gemmini_q31/gemmini_q31_mul_c1_f16_soft_f16.c
  [mul_c1_f16/soft_f16] verify curated at 12 shape(s) vs reference_impl
  [mul_c1_f16/?] MB_DRIFT_ATOL loosens verify atol 1.0 -> 2.0 (accepting up to 2.0 LSB of drift by request)
  [mul_c1_f16/soft_f16] curated verify PASS — spike-harness ok (max_abs_err=0.328 max_rel_err=0.187, cycles={'cast_i8_to_f16': 4701293, 'slice_c_f16': 195942, 'cat2_c1_f16': 391751, 'pad_f16': 5581093, 'conv2d_f16': 3981610335, 'batchnorm2d_f16': 46529976, 'sigmoid_f16': 86047865, 'mul_f16': 57261648, 'depthwise_conv2d_f16': 234934453, 'adaptive_avg_pool2d_f16': 13257237, 'mul_c1_f16': 15173894, 'add_f16': 1912672, 'linear_f16': 53352286, 'pad_s8': 15972778, 'conv2d_s8_pc': 770610349, 'sigmoid_s8': 51101752, 'mul_s8': 99466111, 'depthwise_conv2d_s8': 495843479, 'adaptive_avg_pool2d_s8': 19855989, 'mul_c1_s8': 30191022, 'add_s8': 4276577, 'linear_s8_pc': 4548514, 'cast_f16_to_i8': 33464, 'cat2_c1_s8': 28647, 'layer_norm_s8': 2119600, 'matmul_s8': 793016, 'softmax_s8': 39439, 'gelu_s8': 861508, 'relu_f16': 93476, 'vint_action_post': 172})
  [mul_c1_s8/scalar_chan_lut] reference + curated swap from /scratch/dima/rose-infra/RoSE/soc/sw/xpu-rt/zephyr-chipyard-sw/modelblaster/kernels/gemmini_q31/gemmini_q31_mul_c1_s8_scalar_chan_lut.c
  [mul_c1_s8/scalar_chan_lut] verify curated at 11 shape(s) vs reference_impl
  [mul_c1_s8/?] MB_DRIFT_ATOL loosens verify atol 1.0 -> 2.0 (accepting up to 2.0 LSB of drift by request)
  [mul_c1_s8/scalar_chan_lut] curated verify PASS — spike-harness ok (max_abs_err=0.328 max_rel_err=0.187, cycles={'cast_i8_to_f16': 4701293, 'slice_c_f16': 195942, 'cat2_c1_f16': 391751, 'pad_f16': 5581093, 'conv2d_f16': 3981610335, 'batchnorm2d_f16': 46529976, 'sigmoid_f16': 86047865, 'mul_f16': 57261648, 'depthwise_conv2d_f16': 234934453, 'adaptive_avg_pool2d_f16': 13257237, 'mul_c1_f16': 15173894, 'add_f16': 1912672, 'linear_f16': 53352286, 'pad_s8': 15972778, 'conv2d_s8_pc': 770610349, 'sigmoid_s8': 51101752, 'mul_s8': 99466111, 'depthwise_conv2d_s8': 495843479, 'adaptive_avg_pool2d_s8': 19855989, 'mul_c1_s8': 28911950, 'add_s8': 4276577, 'linear_s8_pc': 4548514, 'cast_f16_to_i8': 33464, 'cat2_c1_s8': 28647, 'layer_norm_s8': 2119600, 'matmul_s8': 793016, 'softmax_s8': 39439, 'gelu_s8': 861508, 'relu_f16': 93476, 'vint_action_post': 172})
  [mul_f16/soft_f16] reference + curated swap from /scratch/dima/rose-infra/RoSE/soc/sw/xpu-rt/zephyr-chipyard-sw/modelblaster/kernels/gemmini_q31/gemmini_q31_mul_f16_soft_f16.c
  [mul_f16/soft_f16] verify curated at 21 shape(s) vs reference_impl
  [mul_f16/?] MB_DRIFT_ATOL loosens verify atol 1.0 -> 2.0 (accepting up to 2.0 LSB of drift by request)
  [mul_f16/soft_f16] curated verify PASS — spike-harness ok (max_abs_err=0.328 max_rel_err=0.187, cycles={'cast_i8_to_f16': 4701293, 'slice_c_f16': 195942, 'cat2_c1_f16': 391751, 'pad_f16': 5581093, 'conv2d_f16': 3981610335, 'batchnorm2d_f16': 46529976, 'sigmoid_f16': 86047865, 'mul_f16': 57261648, 'depthwise_conv2d_f16': 234934453, 'adaptive_avg_pool2d_f16': 13257237, 'mul_c1_f16': 15173894, 'add_f16': 1912672, 'linear_f16': 53352286, 'pad_s8': 15972778, 'conv2d_s8_pc': 770610349, 'sigmoid_s8': 51101752, 'mul_s8': 99466111, 'depthwise_conv2d_s8': 495843479, 'adaptive_avg_pool2d_s8': 19855989, 'mul_c1_s8': 28911950, 'add_s8': 4276577, 'linear_s8_pc': 4548514, 'cast_f16_to_i8': 33464, 'cat2_c1_s8': 28647, 'layer_norm_s8': 2119600, 'matmul_s8': 793016, 'softmax_s8': 39439, 'gelu_s8': 861508, 'relu_f16': 93476, 'vint_action_post': 172})
  [mul_s8/scalar_dq_tables] reference + curated swap from /scratch/dima/rose-infra/RoSE/soc/sw/xpu-rt/zephyr-chipyard-sw/modelblaster/kernels/gemmini_q31/gemmini_q31_mul_s8_scalar_dq_tables.c
  [mul_s8/scalar_dq_tables] verify curated at 23 shape(s) vs reference_impl
  [mul_s8/?] MB_DRIFT_ATOL loosens verify atol 1.0 -> 2.0 (accepting up to 2.0 LSB of drift by request)
  [mul_s8/scalar_dq_tables] curated verify PASS — spike-harness ok (max_abs_err=0.328 max_rel_err=0.187, cycles={'cast_i8_to_f16': 4701293, 'slice_c_f16': 195942, 'cat2_c1_f16': 391751, 'pad_f16': 5581093, 'conv2d_f16': 3981610335, 'batchnorm2d_f16': 46529976, 'sigmoid_f16': 86047865, 'mul_f16': 57261648, 'depthwise_conv2d_f16': 234934453, 'adaptive_avg_pool2d_f16': 13257237, 'mul_c1_f16': 15173894, 'add_f16': 1912672, 'linear_f16': 53352286, 'pad_s8': 15972778, 'conv2d_s8_pc': 770610349, 'sigmoid_s8': 51101752, 'mul_s8': 99466111, 'depthwise_conv2d_s8': 495843479, 'adaptive_avg_pool2d_s8': 19855989, 'mul_c1_s8': 28911950, 'add_s8': 4276577, 'linear_s8_pc': 4548514, 'cast_f16_to_i8': 33464, 'cat2_c1_s8': 28647, 'layer_norm_s8': 2119600, 'matmul_s8': 793016, 'softmax_s8': 39439, 'gelu_s8': 861508, 'relu_f16': 93476, 'vint_action_post': 172})
  [pad_s8/row_memcpy] reference + curated swap from /scratch/dima/rose-infra/RoSE/soc/sw/xpu-rt/zephyr-chipyard-sw/modelblaster/kernels/gemmini_q31/gemmini_q31_pad_s8_row_memcpy.c
  [pad_s8/row_memcpy] verify curated at 7 shape(s) vs reference_impl
