== lane=f2-00 host=192.168.0.8 hw=f2_quad_hetero_norose_tacit_q31_60mhz_pcim tag=vint_intro
== cleared stale tacit*.out on 192.168.0.8
Warning: Permanently added '192.168.0.8' (ED25519) to the list of known hosts.
HugePages_Total:      64 HugePages_Free:       64 
Warning: Permanently added '192.168.0.8' (ED25519) to the list of known hosts.
bme-watcher-started
get_local_driver_dir f2-firesim-FireSim-RoseTLQuadSmallTacitMMIOOnlyConfig-BaseF2Config
get_local_driver_dir f2-firesim-FireSim-SatGemQuadSmallTacitMMIOOnlyConfig-BaseF2Config
get_local_driver_dir f2-firesim-FireSim-RoseTLQuadLargeTacitMMIOOnlyConfig-BaseF2Config
get_local_driver_dir f2-firesim-FireSim-SatGemQuadLargeTacitMMIOOnlyConfig-BaseF2Config
get_local_driver_dir f2-firesim-FireSim-SatGemQuadHeteroTacitMMIOOnlyConfig-BaseF2Config
get_local_driver_dir f2-firesim-FireSim-RoseTLQuadHeteroTacitMMIOOnlyConfig-BaseF2Config
get_local_driver_dir f2-firesim-FireSim-SatGemQuadHeteroTacitMMIOOnlyConfig-BaseF2PCIMConfig
get_local_driver_dir f2-firesim-FireSim-SatGemDualSmallTacitMMIOOnlyConfig-BaseF2PCIMConfig
run_farm_hosts_dict defaultdict(<class 'list'>, {'192.168.0.8': [(<runtools.run_farm.Inst object at 0x73e98fa24160>, None)]})
set_server_hardware_config 0 None
[192.168.0.8] Killing FPGA simulation for slot: 0.
Warning: run() received nonzero return code 1 while executing 'sudo pkill -SIGKILL FireSim-f2'!
Confirming exit...
screenoutput There are screens on:
	2311837.virtual_jtag	(09/05/26 00:36:39)	(Detached)
	2311654.hw_server	(09/05/26 00:36:38)	(Detached)
2 Sockets in /run/screen/S-ubuntu.
The full log of this run is:
/home/ubuntu/chipyard-rose/sims/firesim/deploy/logs/2026-09-05--00-46-16-kill-JP0WCHCVWMGOU87Y.log
[00:46:23] === phase COLLECT -> /home/ubuntu/r/vint_intro ===
[00:46:23] $ bash -c mkdir -p /home/ubuntu/r/vint_intro; shopt -s nullglob; for r in /home/ubuntu/chipyard-rose/sims/firesim/deploy/results-workload/*-fq-job-864-fq864xe794202c; do cp -a "$r" /home/ubuntu/r/vint_intro/ || true; done
[00:46:24] job 864 finished state=DONE rc=0
--- DONE / DONE on lane f2-00 ---

job 864: DONE (exit_code=0)
== fq submit returned 0
== collecting tacit*.out from 192.168.0.8 ==
-rw-r--r-- 1 root root 0 Sep  5 00:36 /home/ubuntu/sim_slot_0/tacit0.out
-rw-r--r-- 1 root root 0 Sep  5 00:36 /home/ubuntu/sim_slot_0/tacit1.out
-rw-r--r-- 1 root root 0 Sep  5 00:36 /home/ubuntu/sim_slot_0/tacit2.out
-rw-r--r-- 1 root root 0 Sep  5 00:36 /home/ubuntu/sim_slot_0/tacit3.out
total 0
-rw-r--r-- 1 ubuntu ubuntu 0 Sep  5 00:46 tacit0.out
-rw-r--r-- 1 ubuntu ubuntu 0 Sep  5 00:46 tacit1.out
-rw-r--r-- 1 ubuntu ubuntu 0 Sep  5 00:46 tacit2.out
-rw-r--r-- 1 ubuntu ubuntu 0 Sep  5 00:46 tacit3.out
== uartlog tail ==
802,vint,0,592,,,gemmini_q31,0,5407104,5407158
803,vint,0,593,,,gemmini_q31,0,5407158,5416040
804,vint,0,594,,,gemmini_q31,0,5416040,5416067
805,vint,0,595,,,gemmini_q31,0,5416068,5418289
806,vint,0,596,,,gemmini_q31,0,5418289,5418302
807,vint,0,597,,,gemmini_q31,0,5418303,5418858
808,vint,0,598,,,gemmini_q31,0,5418858,5418865
809,vint,0,599,,,gemmini_q31,0,5418865,5419004
810,vint,0,600,,,gemmini_q31,0,5419004,5419008
811,vint,0,601,,,gemmini_q31,0,5419008,5419011
812,vint,0,602,,,gemmini_q31,0,5419011,5419012
813,vint,0,603,,,gemmini_q31,0,5419012,5419016
814,vint,0,604,,,gemmini_q31,0,5419016,5419017
=== MODELBLASTER_ROS_TRACE_END (skipped=0 corrupted) ===
=== MODELBLASTER_WALL_CYCLES [vint] === 5253481
=== MODELBLASTER_WALL_CYCLES [mlp_control_sf] === 426

Simulation complete.
*** PASSED *** after 32587455077 cycles

Emulation Performance Summary
------------------------------
Wallclock Time Elapsed: 549.5 s
Host Frequency: 60.000 MHz
Target Cycles Emulated: 32587455077
Effective Target Frequency: 59.300 MHz
FMR: 1.01
Note: The latter three figures are based on the fastest target clock.

Script done on 2026-09-05 00:46:03+00:00 [COMMAND_EXIT_CODE="0"]
