== lane=f2-00 host=192.168.0.8 hw=f2_quad_hetero_norose_tacit_q31_60mhz_pcim tag=saturation
== cleared stale tacit*.out on 192.168.0.8
Warning: Permanently added '192.168.0.8' (ED25519) to the list of known hosts.
HugePages_Total:      64 HugePages_Free:       64 
Warning: Permanently added '192.168.0.8' (ED25519) to the list of known hosts.
bme-watcher-started
get_local_driver_dir f2-firesim-FireSim-RoseTLQuadSmallTacitMMIOOnlyConfig-BaseF2Config
get_local_driver_dir f2-firesim-FireSim-SatGemQuadSmallTacitMMIOOnlyConfig-BaseF2Config
get_local_driver_dir f2-firesim-FireSim-RoseTLQuadLargeTacitMMIOOnlyConfig-BaseF2Config
get_local_driver_dir f2-firesim-FireSim-SatGemQuadLargeTacitMMIOOnlyConfig-BaseF2Config
get_local_driver_dir f2-firesim-FireSim-SatGemQuadHeteroTacitMMIOOnlyConfig-BaseF2Config
get_local_driver_dir f2-firesim-FireSim-RoseTLQuadHeteroTacitMMIOOnlyConfig-BaseF2Config
get_local_driver_dir f2-firesim-FireSim-SatGemQuadHeteroTacitMMIOOnlyConfig-BaseF2PCIMConfig
get_local_driver_dir f2-firesim-FireSim-SatGemDualSmallTacitMMIOOnlyConfig-BaseF2PCIMConfig
run_farm_hosts_dict defaultdict(<class 'list'>, {'192.168.0.8': [(<runtools.run_farm.Inst object at 0x7bd8a563c160>, None)]})
set_server_hardware_config 0 None
[192.168.0.8] Killing FPGA simulation for slot: 0.
Warning: run() received nonzero return code 1 while executing 'sudo pkill -SIGKILL FireSim-f2'!
Confirming exit...
screenoutput There are screens on:
	2292079.virtual_jtag	(09/05/26 00:28:01)	(Detached)
	2291903.hw_server	(09/05/26 00:28:00)	(Detached)
2 Sockets in /run/screen/S-ubuntu.
The full log of this run is:
/home/ubuntu/chipyard-rose/sims/firesim/deploy/logs/2026-09-05--00-33-37-kill-0ZKDIXJMDVKNXCOG.log
[00:33:46] === phase COLLECT -> /home/ubuntu/r/saturation ===
[00:33:46] $ bash -c mkdir -p /home/ubuntu/r/saturation; shopt -s nullglob; for r in /home/ubuntu/chipyard-rose/sims/firesim/deploy/results-workload/*-fq-job-863-fq863x16bfcba0; do cp -a "$r" /home/ubuntu/r/saturation/ || true; done
[00:33:46] job 863 finished state=DONE rc=0
--- DONE / DONE on lane f2-00 ---

job 863: DONE (exit_code=0)
== fq submit returned 0
== collecting tacit*.out from 192.168.0.8 ==
-rw-r--r-- 1 root root 0 Sep  5 00:28 /home/ubuntu/sim_slot_0/tacit0.out
-rw-r--r-- 1 root root 0 Sep  5 00:28 /home/ubuntu/sim_slot_0/tacit1.out
-rw-r--r-- 1 root root 0 Sep  5 00:28 /home/ubuntu/sim_slot_0/tacit2.out
-rw-r--r-- 1 root root 0 Sep  5 00:28 /home/ubuntu/sim_slot_0/tacit3.out
total 0
-rw-r--r-- 1 ubuntu ubuntu 0 Sep  5 00:33 tacit0.out
-rw-r--r-- 1 ubuntu ubuntu 0 Sep  5 00:33 tacit1.out
-rw-r--r-- 1 ubuntu ubuntu 0 Sep  5 00:33 tacit2.out
-rw-r--r-- 1 ubuntu ubuntu 0 Sep  5 00:33 tacit3.out
== uartlog tail ==
513,dronet_sf,7,9,,,rvv,2,325575,354849
514,dronet_sf,7,10,,,rvv,2,354850,354961
515,dronet_sf,7,11,,,rvv,2,354961,355089
516,dronet_sf,7,12,,,rvv,2,355089,355096
517,dronet_sf,7,13,,,rvv,2,355096,421002
518,dronet_sf,7,14,,,rvv,2,421002,422303
519,dronet_sf,7,15,,,rvv,2,422303,422395
520,dronet_sf,7,16,,,rvv,2,422395,422459
521,dronet_sf,7,17,,,rvv,2,422459,422460
522,dronet_sf,7,18,,,rvv,2,422461,422463
523,dronet_sf,7,19,,,rvv,2,422463,422466
524,dronet_sf,7,20,,,rvv,2,422466,422468
=== MODELBLASTER_ROS_TRACE_END (skipped=0 corrupted) ===
=== MODELBLASTER_WALL_CYCLES [yolov8_nano_se] === 132948
=== MODELBLASTER_WALL_CYCLES [dronet_sf] === 103656
=== MODELBLASTER_WALL_CYCLES [mlp_control_sf] === 484

Simulation complete.
*** PASSED *** after 18600209672 cycles

Emulation Performance Summary
------------------------------
Wallclock Time Elapsed: 312.7 s
Host Frequency: 60.000 MHz
Target Cycles Emulated: 18600209672
Effective Target Frequency: 59.485 MHz
FMR: 1.01
Note: The latter three figures are based on the fastest target clock.

Script done on 2026-09-05 00:33:25+00:00 [COMMAND_EXIT_CODE="0"]
