== lane=f2-00 host=192.168.0.8 hw=f2_quad_hetero_norose_tacit_q31_60mhz_pcim tag=tight_loop
== cleared stale tacit*.out on 192.168.0.8
Warning: Permanently added '192.168.0.8' (ED25519) to the list of known hosts.
HugePages_Total:      64 HugePages_Free:       64 
Warning: Permanently added '192.168.0.8' (ED25519) to the list of known hosts.
bme-watcher-started
get_local_driver_dir f2-firesim-FireSim-SatGemQuadSmallTacitMMIOOnlyConfig-BaseF2Config
get_local_driver_dir f2-firesim-FireSim-RoseTLQuadLargeTacitMMIOOnlyConfig-BaseF2Config
get_local_driver_dir f2-firesim-FireSim-SatGemQuadLargeTacitMMIOOnlyConfig-BaseF2Config
get_local_driver_dir f2-firesim-FireSim-SatGemQuadHeteroTacitMMIOOnlyConfig-BaseF2Config
get_local_driver_dir f2-firesim-FireSim-RoseTLQuadHeteroTacitMMIOOnlyConfig-BaseF2Config
get_local_driver_dir f2-firesim-FireSim-SatGemQuadHeteroTacitMMIOOnlyConfig-BaseF2PCIMConfig
get_local_driver_dir f2-firesim-FireSim-SatGemDualSmallTacitMMIOOnlyConfig-BaseF2PCIMConfig
run_farm_hosts_dict defaultdict(<class 'list'>, {'192.168.0.8': [(<runtools.run_farm.Inst object at 0x739361444160>, None)]})
set_server_hardware_config 0 None
[192.168.0.8] Killing FPGA simulation for slot: 0.
--- RUNNING / KILL on lane f2-00 ---
Warning: run() received nonzero return code 1 while executing 'sudo pkill -SIGKILL FireSim-f2'!
Confirming exit...
screenoutput There are screens on:
	2397656.virtual_jtag	(09/05/26 01:07:55)	(Detached)
	2397459.hw_server	(09/05/26 01:07:53)	(Detached)
2 Sockets in /run/screen/S-ubuntu.
The full log of this run is:
/home/ubuntu/chipyard-rose/sims/firesim/deploy/logs/2026-09-05--01-10-57-kill-LOJZ5MJCQZ92Z6BP.log
--- DONE / DONE on lane f2-00 ---
[01:11:04] === phase COLLECT -> /home/ubuntu/r/tight_loop ===
[01:11:04] $ bash -c mkdir -p /home/ubuntu/r/tight_loop; shopt -s nullglob; for r in /home/ubuntu/chipyard-rose/sims/firesim/deploy/results-workload/*-fq-job-866-fq866x500aa463; do cp -a "$r" /home/ubuntu/r/tight_loop/ || true; done
[01:11:05] job 866 finished state=DONE rc=0

job 866: DONE (exit_code=0)
== fq submit returned 0
== collecting tacit*.out from 192.168.0.8 ==
-rw-r--r-- 1 root root 0 Sep  5 01:08 /home/ubuntu/sim_slot_0/tacit0.out
-rw-r--r-- 1 root root 0 Sep  5 01:08 /home/ubuntu/sim_slot_0/tacit1.out
-rw-r--r-- 1 root root 0 Sep  5 01:08 /home/ubuntu/sim_slot_0/tacit2.out
-rw-r--r-- 1 root root 0 Sep  5 01:08 /home/ubuntu/sim_slot_0/tacit3.out
total 0
-rw-r--r-- 1 ubuntu ubuntu 0 Sep  5 01:11 tacit0.out
-rw-r--r-- 1 ubuntu ubuntu 0 Sep  5 01:11 tacit1.out
-rw-r--r-- 1 ubuntu ubuntu 0 Sep  5 01:11 tacit2.out
-rw-r--r-- 1 ubuntu ubuntu 0 Sep  5 01:11 tacit3.out
== uartlog tail ==
240,dronet_sa,1,9,,,gemmini_q31,0,260506,266292
241,dronet_sa,1,10,,,gemmini_q31,0,266292,266723
242,dronet_sa,1,11,,,gemmini_q31,0,266723,266744
243,dronet_sa,1,12,,,gemmini_q31,0,266744,266769
244,dronet_sa,1,13,,,gemmini_q31,0,266769,269702
245,dronet_sa,1,14,,,gemmini_q31,0,269702,275103
246,dronet_sa,1,15,,,gemmini_q31,0,275104,275528
247,dronet_sa,1,16,,,gemmini_q31,0,275528,275539
248,dronet_sa,1,17,,,gemmini_q31,0,275539,275541
249,dronet_sa,1,18,,,gemmini_q31,0,275541,275543
250,dronet_sa,1,19,,,gemmini_q31,0,275543,275545
251,dronet_sa,1,20,,,gemmini_q31,0,275545,275546
=== MODELBLASTER_ROS_TRACE_END (skipped=0 corrupted) ===
=== MODELBLASTER_WALL_CYCLES [dronet_sa] === 36249
=== MODELBLASTER_WALL_CYCLES [mlp_control_sa] === 11
=== MODELBLASTER_WALL_CYCLES [mlp_control_sb] === 0

Simulation complete.
*** PASSED *** after 9344209667 cycles

Emulation Performance Summary
------------------------------
Wallclock Time Elapsed: 156.9 s
Host Frequency: 60.000 MHz
Target Cycles Emulated: 9344209667
Effective Target Frequency: 59.546 MHz
FMR: 1.01
Note: The latter three figures are based on the fastest target clock.

Script done on 2026-09-05 01:10:44+00:00 [COMMAND_EXIT_CODE="0"]
