== lane=f2-00 host=192.168.0.8 hw=f2_quad_hetero_norose_tacit_q31_60mhz_pcim tag=perception_heavy
== cleared stale tacit*.out on 192.168.0.8
Warning: Permanently added '192.168.0.8' (ED25519) to the list of known hosts.
HugePages_Total:      64 HugePages_Free:       64 
Warning: Permanently added '192.168.0.8' (ED25519) to the list of known hosts.
bme-watcher-started
get_local_driver_dir f2-firesim-FireSim-RoseTLQuadSmallTacitMMIOOnlyConfig-BaseF2Config
get_local_driver_dir f2-firesim-FireSim-SatGemQuadSmallTacitMMIOOnlyConfig-BaseF2Config
get_local_driver_dir f2-firesim-FireSim-RoseTLQuadLargeTacitMMIOOnlyConfig-BaseF2Config
get_local_driver_dir f2-firesim-FireSim-SatGemQuadLargeTacitMMIOOnlyConfig-BaseF2Config
get_local_driver_dir f2-firesim-FireSim-SatGemQuadHeteroTacitMMIOOnlyConfig-BaseF2Config
get_local_driver_dir f2-firesim-FireSim-RoseTLQuadHeteroTacitMMIOOnlyConfig-BaseF2Config
get_local_driver_dir f2-firesim-FireSim-SatGemQuadHeteroTacitMMIOOnlyConfig-BaseF2PCIMConfig
get_local_driver_dir f2-firesim-FireSim-SatGemDualSmallTacitMMIOOnlyConfig-BaseF2PCIMConfig
run_farm_hosts_dict defaultdict(<class 'list'>, {'192.168.0.8': [(<runtools.run_farm.Inst object at 0x715296848160>, None)]})
set_server_hardware_config 0 None
[192.168.0.8] Killing FPGA simulation for slot: 0.
Warning: run() received nonzero return code 1 while executing 'sudo pkill -SIGKILL FireSim-f2'!
Confirming exit...
screenoutput There are screens on:
	2279730.virtual_jtag	(09/05/26 00:21:22)	(Detached)
	2279561.hw_server	(09/05/26 00:21:21)	(Detached)
2 Sockets in /run/screen/S-ubuntu.
The full log of this run is:
/home/ubuntu/chipyard-rose/sims/firesim/deploy/logs/2026-09-05--00-25-16-kill-K2W5PSCP960OEDZU.log
[00:25:23] === phase COLLECT -> /home/ubuntu/r/perception_heavy ===
[00:25:23] $ bash -c mkdir -p /home/ubuntu/r/perception_heavy; shopt -s nullglob; for r in /home/ubuntu/chipyard-rose/sims/firesim/deploy/results-workload/*-fq-job-862-fq862xd53d8574; do cp -a "$r" /home/ubuntu/r/perception_heavy/ || true; done
[00:25:23] job 862 finished state=DONE rc=0
--- DONE / DONE on lane f2-00 ---

job 862: DONE (exit_code=0)
== fq submit returned 0
== collecting tacit*.out from 192.168.0.8 ==
-rw-r--r-- 1 root root 0 Sep  5 00:21 /home/ubuntu/sim_slot_0/tacit0.out
-rw-r--r-- 1 root root 0 Sep  5 00:21 /home/ubuntu/sim_slot_0/tacit1.out
-rw-r--r-- 1 root root 0 Sep  5 00:21 /home/ubuntu/sim_slot_0/tacit2.out
-rw-r--r-- 1 root root 0 Sep  5 00:21 /home/ubuntu/sim_slot_0/tacit3.out
total 0
-rw-r--r-- 1 ubuntu ubuntu 0 Sep  5 00:25 tacit0.out
-rw-r--r-- 1 ubuntu ubuntu 0 Sep  5 00:25 tacit1.out
-rw-r--r-- 1 ubuntu ubuntu 0 Sep  5 00:25 tacit2.out
-rw-r--r-- 1 ubuntu ubuntu 0 Sep  5 00:25 tacit3.out
== uartlog tail ==
344,yolov8_nano_sf,0,134,,,gemmini_q31,0,342929,343653
345,yolov8_nano_sf,0,135,,,gemmini_q31,0,343654,343947
346,yolov8_nano_sf,0,136,,,gemmini_q31,0,343947,344372
347,yolov8_nano_sf,0,137,,,gemmini_q31,0,344372,344460
348,yolov8_nano_sf,0,138,,,gemmini_q31,0,344460,344649
349,yolov8_nano_sf,0,139,,,gemmini_q31,0,344649,344761
350,yolov8_nano_sf,0,140,,,gemmini_q31,0,344761,344898
351,yolov8_nano_sf,0,141,,,gemmini_q31,0,344898,345380
352,yolov8_nano_sf,0,142,,,gemmini_q31,0,345381,345479
353,yolov8_nano_sf,0,143,,,gemmini_q31,0,345480,345719
354,yolov8_nano_sf,0,144,,,gemmini_q31,0,345720,345819
355,yolov8_nano_sf,0,145,,,gemmini_q31,0,345819,345999
356,yolov8_nano_sf,0,146,,,gemmini_q31,0,345999,346074
=== MODELBLASTER_ROS_TRACE_END (skipped=0 corrupted) ===
=== MODELBLASTER_WALL_CYCLES [yolov8_nano_sf] === 180585
=== MODELBLASTER_WALL_CYCLES [mlp_control_sd] === 139

Simulation complete.
*** PASSED *** after 12802429292 cycles

Emulation Performance Summary
------------------------------
Wallclock Time Elapsed: 215.9 s
Host Frequency: 60.000 MHz
Target Cycles Emulated: 12802429292
Effective Target Frequency: 59.307 MHz
FMR: 1.01
Note: The latter three figures are based on the fastest target clock.

Script done on 2026-09-05 00:25:11+00:00 [COMMAND_EXIT_CODE="0"]
