== lane=f2-00 host=192.168.0.8 hw=f2_quad_hetero_norose_tacit_q31_60mhz_pcim tag=vint_multi
== cleared stale tacit*.out on 192.168.0.8
Warning: Permanently added '192.168.0.8' (ED25519) to the list of known hosts.
HugePages_Total:      64 HugePages_Free:       64 
Warning: Permanently added '192.168.0.8' (ED25519) to the list of known hosts.
bme-watcher-started
get_local_driver_dir f2-firesim-FireSim-RoseTLQuadSmallTacitMMIOOnlyConfig-BaseF2Config
get_local_driver_dir f2-firesim-FireSim-SatGemQuadSmallTacitMMIOOnlyConfig-BaseF2Config
get_local_driver_dir f2-firesim-FireSim-RoseTLQuadLargeTacitMMIOOnlyConfig-BaseF2Config
get_local_driver_dir f2-firesim-FireSim-SatGemQuadLargeTacitMMIOOnlyConfig-BaseF2Config
get_local_driver_dir f2-firesim-FireSim-SatGemQuadHeteroTacitMMIOOnlyConfig-BaseF2Config
get_local_driver_dir f2-firesim-FireSim-RoseTLQuadHeteroTacitMMIOOnlyConfig-BaseF2Config
get_local_driver_dir f2-firesim-FireSim-SatGemQuadHeteroTacitMMIOOnlyConfig-BaseF2PCIMConfig
get_local_driver_dir f2-firesim-FireSim-SatGemDualSmallTacitMMIOOnlyConfig-BaseF2PCIMConfig
run_farm_hosts_dict defaultdict(<class 'list'>, {'192.168.0.8': [(<runtools.run_farm.Inst object at 0x73c143024160>, None)]})
set_server_hardware_config 0 None
[192.168.0.8] Killing FPGA simulation for slot: 0.
Warning: run() received nonzero return code 1 while executing 'sudo pkill -SIGKILL FireSim-f2'!
Confirming exit...
screenoutput There are screens on:
	2347797.virtual_jtag	(09/05/26 00:49:52)	(Detached)
	2347607.hw_server	(09/05/26 00:49:51)	(Detached)
2 Sockets in /run/screen/S-ubuntu.
The full log of this run is:
/home/ubuntu/chipyard-rose/sims/firesim/deploy/logs/2026-09-05--00-59-49-kill-B2MVGRBF2NGRD94B.log
[00:59:56] === phase COLLECT -> /home/ubuntu/r/vint_multi ===
[00:59:56] $ bash -c mkdir -p /home/ubuntu/r/vint_multi; shopt -s nullglob; for r in /home/ubuntu/chipyard-rose/sims/firesim/deploy/results-workload/*-fq-job-865-fq865x0ef1ee0f; do cp -a "$r" /home/ubuntu/r/vint_multi/ || true; done
[00:59:56] job 865 finished state=DONE rc=0
--- DONE / DONE on lane f2-00 ---

job 865: DONE (exit_code=0)
== fq submit returned 0
== collecting tacit*.out from 192.168.0.8 ==
-rw-r--r-- 1 root root 0 Sep  5 00:50 /home/ubuntu/sim_slot_0/tacit0.out
-rw-r--r-- 1 root root 0 Sep  5 00:50 /home/ubuntu/sim_slot_0/tacit1.out
-rw-r--r-- 1 root root 0 Sep  5 00:50 /home/ubuntu/sim_slot_0/tacit2.out
-rw-r--r-- 1 root root 0 Sep  5 00:50 /home/ubuntu/sim_slot_0/tacit3.out
total 0
-rw-r--r-- 1 ubuntu ubuntu 0 Sep  5 01:00 tacit0.out
-rw-r--r-- 1 ubuntu ubuntu 0 Sep  5 01:00 tacit1.out
-rw-r--r-- 1 ubuntu ubuntu 0 Sep  5 01:00 tacit2.out
-rw-r--r-- 1 ubuntu ubuntu 0 Sep  5 01:00 tacit3.out
== uartlog tail ==
845,vint,0,593,,,gemmini_q31,0,5443111,5451993
846,vint,0,594,,,gemmini_q31,0,5451993,5452020
847,vint,0,595,,,gemmini_q31,0,5452020,5454241
848,vint,0,596,,,gemmini_q31,0,5454241,5454255
849,vint,0,597,,,gemmini_q31,0,5454255,5454811
850,vint,0,598,,,gemmini_q31,0,5454811,5454818
851,vint,0,599,,,gemmini_q31,0,5454818,5454956
852,vint,0,600,,,gemmini_q31,0,5454956,5454960
853,vint,0,601,,,gemmini_q31,0,5454960,5454963
854,vint,0,602,,,gemmini_q31,0,5454963,5454965
855,vint,0,603,,,gemmini_q31,0,5454965,5454969
856,vint,0,604,,,gemmini_q31,0,5454969,5454970
=== MODELBLASTER_ROS_TRACE_END (skipped=0 corrupted) ===
=== MODELBLASTER_WALL_CYCLES [vint] === 5255332
=== MODELBLASTER_WALL_CYCLES [dronet_se] === 8344
=== MODELBLASTER_WALL_CYCLES [mlp_control_sd] === 80

Simulation complete.
*** PASSED *** after 34079000237 cycles

Emulation Performance Summary
------------------------------
Wallclock Time Elapsed: 574.5 s
Host Frequency: 60.000 MHz
Target Cycles Emulated: 34079000237
Effective Target Frequency: 59.324 MHz
FMR: 1.01
Note: The latter three figures are based on the fastest target clock.

Script done on 2026-09-05 00:59:39+00:00 [COMMAND_EXIT_CODE="0"]
