### wlmixV lane=f2-06 host=192.168.0.172 2026-09-04T20:20:18Z
== lane=f2-06 host=192.168.0.172 hw=f2_quad_hetero_norose_tacit_q31_60mhz_pcim tag=wlmixV
== cleared stale tacit*.out on 192.168.0.172
Warning: Permanently added '192.168.0.172' (ED25519) to the list of known hosts.
HugePages_Total:      64 HugePages_Free:       64 
Warning: Permanently added '192.168.0.172' (ED25519) to the list of known hosts.
bme-watcher-started
get_local_driver_dir f2-firesim-FireSim-RoseTLQuadSmallTacitMMIOOnlyConfig-BaseF2Config
get_local_driver_dir f2-firesim-FireSim-SatGemQuadSmallTacitMMIOOnlyConfig-BaseF2Config
get_local_driver_dir f2-firesim-FireSim-RoseTLQuadLargeTacitMMIOOnlyConfig-BaseF2Config
get_local_driver_dir f2-firesim-FireSim-SatGemQuadLargeTacitMMIOOnlyConfig-BaseF2Config
get_local_driver_dir f2-firesim-FireSim-SatGemQuadHeteroTacitMMIOOnlyConfig-BaseF2Config
get_local_driver_dir f2-firesim-FireSim-RoseTLQuadHeteroTacitMMIOOnlyConfig-BaseF2Config
get_local_driver_dir f2-firesim-FireSim-SatGemQuadHeteroTacitMMIOOnlyConfig-BaseF2PCIMConfig
get_local_driver_dir f2-firesim-FireSim-SatGemDualSmallTacitMMIOOnlyConfig-BaseF2PCIMConfig
run_farm_hosts_dict defaultdict(<class 'list'>, {'192.168.0.172': [(<runtools.run_farm.Inst object at 0x788941a38160>, None)]})
set_server_hardware_config 0 None
[192.168.0.172] Killing FPGA simulation for slot: 0.
Warning: run() received nonzero return code 1 while executing 'sudo pkill -SIGKILL FireSim-f2'!
Confirming exit...
screenoutput There are screens on:
	1453338.virtual_jtag	(09/04/26 20:21:28)	(Detached)
	1453162.hw_server	(09/04/26 20:21:27)	(Detached)
2 Sockets in /run/screen/S-ubuntu.
The full log of this run is:
/home/ubuntu/chipyard-rose/sims/firesim/deploy/logs/2026-09-04--20-24-40-kill-FAZPD3YJXA06VVAH.log
[20:24:47] === phase COLLECT -> /home/ubuntu/r/wlmixV ===
[20:24:47] $ bash -c mkdir -p /home/ubuntu/r/wlmixV; shopt -s nullglob; for r in /home/ubuntu/chipyard-rose/sims/firesim/deploy/results-workload/*-fq-job-854-fq854x5390b203; do cp -a "$r" /home/ubuntu/r/wlmixV/ || true; done
[20:24:47] job 854 finished state=DONE rc=0
--- DONE / DONE on lane f2-06 ---

job 854: DONE (exit_code=0)
== fq submit returned 0
== collecting tacit*.out from 192.168.0.172 ==
-rw-r--r-- 1 root root 0 Sep  4 20:21 /home/ubuntu/sim_slot_0/tacit0.out
-rw-r--r-- 1 root root 0 Sep  4 20:21 /home/ubuntu/sim_slot_0/tacit1.out
-rw-r--r-- 1 root root 0 Sep  4 20:21 /home/ubuntu/sim_slot_0/tacit2.out
-rw-r--r-- 1 root root 0 Sep  4 20:21 /home/ubuntu/sim_slot_0/tacit3.out
total 0
-rw-r--r-- 1 ubuntu ubuntu 0 Sep  4 20:24 tacit0.out
-rw-r--r-- 1 ubuntu ubuntu 0 Sep  4 20:24 tacit1.out
-rw-r--r-- 1 ubuntu ubuntu 0 Sep  4 20:24 tacit2.out
-rw-r--r-- 1 ubuntu ubuntu 0 Sep  4 20:24 tacit3.out
== uartlog tail ==
268,yolov8_nano_sc,0,140,,,gemmini_q31,0,259128,259178
269,mlp_control_sd,12,2,,,rvv,2,259135,259214
270,mlp_control_sd,12,3,,,rvv,2,259214,259216
271,mlp_control_sd,12,4,,,rvv,2,259216,259241
272,mlp_control_sd,12,5,,,rvv,2,259241,259242
273,mlp_control_sd,12,6,,,rvv,2,259242,259245
274,yolov8_nano_sc,0,141,,,gemmini_q31,0,259178,259412
275,yolov8_nano_sc,0,142,,,gemmini_q31,0,259413,259470
276,yolov8_nano_sc,0,143,,,gemmini_q31,0,259470,259576
277,yolov8_nano_sc,0,144,,,gemmini_q31,0,259576,259628
278,yolov8_nano_sc,0,145,,,gemmini_q31,0,259628,259692
279,yolov8_nano_sc,0,146,,,gemmini_q31,0,259692,259720
=== MODELBLASTER_ROS_TRACE_END (skipped=0 corrupted) ===
=== MODELBLASTER_WALL_CYCLES [yolov8_nano_sc] === 60129
=== MODELBLASTER_WALL_CYCLES [dronet_se] === 8824
=== MODELBLASTER_WALL_CYCLES [mlp_control_sd] === 145

Simulation complete.
*** PASSED *** after 10180196672 cycles

Emulation Performance Summary
------------------------------
Wallclock Time Elapsed: 171.9 s
Host Frequency: 60.000 MHz
Target Cycles Emulated: 10180196672
Effective Target Frequency: 59.222 MHz
FMR: 1.01
Note: The latter three figures are based on the fastest target clock.

Script done on 2026-09-04 20:24:32+00:00 [COMMAND_EXIT_CODE="0"]
== collecting results ==
#### uartlog=/scratch/dima/rose-infra/RoSE/experiments/microros/res_wlmixV/uartlog
--- summary ---
40:[yolov8_nano_sc] done — total iters=1, last wall_cycles=60129
41:[mlp_control_sd] done — total iters=13, last wall_cycles=145
42:[dronet_se] done — total iters=2, last wall_cycles=8824
44:=== TRACE_MAGIC_AUDIT: 0/280 slots missing ROS_TRACE_MAGIC ===
327:=== MODELBLASTER_ROS_TRACE_END (skipped=0 corrupted) ===
333:*** PASSED *** after 10180196672 cycles
############ RUNDONE wlmixV ############
