== lane=f2-06 host=192.168.0.172 hw=f2_quad_hetero_norose_tacit_q31_60mhz_pcim tag=cfg3xT
== cleared stale tacit*.out on 192.168.0.172
Warning: Permanently added '192.168.0.172' (ED25519) to the list of known hosts.
HugePages_Total:      64 HugePages_Free:       64 
Warning: Permanently added '192.168.0.172' (ED25519) to the list of known hosts.
bme-watcher-started
get_local_driver_dir f2-firesim-FireSim-RoseTLQuadSmallTacitMMIOOnlyConfig-BaseF2Config
get_local_driver_dir f2-firesim-FireSim-SatGemQuadSmallTacitMMIOOnlyConfig-BaseF2Config
get_local_driver_dir f2-firesim-FireSim-RoseTLQuadLargeTacitMMIOOnlyConfig-BaseF2Config
get_local_driver_dir f2-firesim-FireSim-SatGemQuadLargeTacitMMIOOnlyConfig-BaseF2Config
get_local_driver_dir f2-firesim-FireSim-SatGemQuadHeteroTacitMMIOOnlyConfig-BaseF2Config
get_local_driver_dir f2-firesim-FireSim-RoseTLQuadHeteroTacitMMIOOnlyConfig-BaseF2Config
get_local_driver_dir f2-firesim-FireSim-SatGemQuadHeteroTacitMMIOOnlyConfig-BaseF2PCIMConfig
get_local_driver_dir f2-firesim-FireSim-SatGemDualSmallTacitMMIOOnlyConfig-BaseF2PCIMConfig
run_farm_hosts_dict defaultdict(<class 'list'>, {'192.168.0.172': [(<runtools.run_farm.Inst object at 0x729f3c7ec160>, None)]})
set_server_hardware_config 0 None
[192.168.0.172] Killing FPGA simulation for slot: 0.
Warning: run() received nonzero return code 1 while executing 'sudo pkill -SIGKILL FireSim-f2'!
Confirming exit...
screenoutput There are screens on:
	1075410.virtual_jtag	(09/04/26 00:42:41)	(Detached)
	1075234.hw_server	(09/04/26 00:42:40)	(Detached)
2 Sockets in /run/screen/S-ubuntu.
The full log of this run is:
/home/ubuntu/chipyard-rose/sims/firesim/deploy/logs/2026-09-04--00-45-03-kill-3DAK5OFMXQMWA4C6.log
[00:45:10] === phase COLLECT -> /home/ubuntu/r/cfg3xT ===
[00:45:10] $ bash -c mkdir -p /home/ubuntu/r/cfg3xT; shopt -s nullglob; for r in /home/ubuntu/chipyard-rose/sims/firesim/deploy/results-workload/*-fq-job-808-fq808x23162141; do cp -a "$r" /home/ubuntu/r/cfg3xT/ || true; done
[00:45:10] job 808 finished state=DONE rc=0
--- DONE / DONE on lane f2-06 ---

job 808: DONE (exit_code=0)
== fq submit returned 0
== collecting tacit*.out from 192.168.0.172 ==
-rw-r--r-- 1 root root 2117555584 Sep  4 00:44 /home/ubuntu/sim_slot_0/tacit0.out
-rw-r--r-- 1 root root    6905024 Sep  4 00:44 /home/ubuntu/sim_slot_0/tacit1.out
-rw-r--r-- 1 root root  102769088 Sep  4 00:44 /home/ubuntu/sim_slot_0/tacit2.out
-rw-r--r-- 1 root root   49086080 Sep  4 00:44 /home/ubuntu/sim_slot_0/tacit3.out
   tacit0.out is 2117555584B > cap 67108864B -- copying the first 67108864B only (guest likely hung)
   tacit2.out is 102769088B > cap 67108864B -- copying the first 67108864B only (guest likely hung)
total 185752
-rw-rw-r-- 1 ubuntu ubuntu 67108864 Sep  4 00:45 tacit0.head.bin
-rw-r--r-- 1 ubuntu ubuntu  6905024 Sep  4 00:45 tacit1.out
-rw-rw-r-- 1 ubuntu ubuntu 67108864 Sep  4 00:45 tacit2.head.bin
-rw-r--r-- 1 ubuntu ubuntu 49086080 Sep  4 00:45 tacit3.out
== uartlog tail ==
156,dronet,0,9,,,rvv,2,522374,523480
157,dronet,0,10,,,rvv,2,523480,523593
158,dronet,0,11,,,rvv,2,523593,523599
159,dronet,0,12,,,rvv,2,523599,523605
160,dronet,0,13,,,rvv,2,523605,524259
161,dronet,0,14,,,rvv,2,524260,525552
162,dronet,0,15,,,rvv,2,525552,525643
163,dronet,0,16,,,rvv,2,525643,525648
164,dronet,0,17,,,rvv,2,525648,525648
165,dronet,0,18,,,rvv,2,525648,525651
166,dronet,0,19,,,rvv,2,525651,525654
167,dronet,0,20,,,rvv,2,525654,525655
=== MODELBLASTER_ROS_TRACE_END (skipped=0 corrupted) ===
=== MODELBLASTER_WALL_CYCLES [yolov8_nano] === 318510
=== MODELBLASTER_WALL_CYCLES [dronet] === 7529
=== MODELBLASTER_WALL_CYCLES [mlp_control] === 0

Simulation complete.
*** PASSED *** after 6727991342 cycles

Emulation Performance Summary
------------------------------
Wallclock Time Elapsed: 114.0 s
Host Frequency: 60.000 MHz
Target Cycles Emulated: 6727991342
Effective Target Frequency: 59.010 MHz
FMR: 1.02
Note: The latter three figures are based on the fastest target clock.

Script done on 2026-09-04 00:44:49+00:00 [COMMAND_EXIT_CODE="0"]
