== lane=f2-06 host=192.168.0.172 hw=f2_quad_hetero_norose_tacit_q31_60mhz_pcim tag=cfg3xF
== cleared stale tacit*.out on 192.168.0.172
Warning: Permanently added '192.168.0.172' (ED25519) to the list of known hosts.
HugePages_Total:      64 HugePages_Free:       64 
Warning: Permanently added '192.168.0.172' (ED25519) to the list of known hosts.
bme-watcher-started
get_local_driver_dir f2-firesim-FireSim-SatGemQuadHeteroTacitMMIOOnlyConfig-BaseF2Config
get_local_driver_dir f2-firesim-FireSim-RoseTLQuadHeteroTacitMMIOOnlyConfig-BaseF2Config
get_local_driver_dir f2-firesim-FireSim-SatGemQuadHeteroTacitMMIOOnlyConfig-BaseF2PCIMConfig
get_local_driver_dir f2-firesim-FireSim-SatGemDualSmallTacitMMIOOnlyConfig-BaseF2PCIMConfig
run_farm_hosts_dict defaultdict(<class 'list'>, {'192.168.0.172': [(<runtools.run_farm.Inst object at 0x7d5f9c788160>, None)]})
set_server_hardware_config 0 None
[192.168.0.172] Killing FPGA simulation for slot: 0.
Confirming exit...
screenoutput There are screens on:
	1089967.fsim0	(09/04/26 00:58:04)	(Detached)
	1089436.virtual_jtag	(09/04/26 00:57:53)	(Detached)
	1089260.hw_server	(09/04/26 00:57:52)	(Detached)
3 Sockets in /run/screen/S-ubuntu.
screenoutput There are screens on:
	1089436.virtual_jtag	(09/04/26 00:57:53)	(Detached)
	1089260.hw_server	(09/04/26 00:57:52)	(Detached)
2 Sockets in /run/screen/S-ubuntu.
The full log of this run is:
/home/ubuntu/chipyard-rose/sims/firesim/deploy/logs/2026-09-04--00-58-19-kill-4O0GM1XM5SLKE24C.log
[00:58:26] === phase COLLECT -> /home/ubuntu/r/cfg3xF ===
[00:58:26] $ bash -c mkdir -p /home/ubuntu/r/cfg3xF; shopt -s nullglob; for r in /home/ubuntu/chipyard-rose/sims/firesim/deploy/results-workload/*-fq-job-810-fq810x415622fb; do cp -a "$r" /home/ubuntu/r/cfg3xF/ || true; done
[00:58:27] job 810 finished state=FAILED rc=-15
--- FAILED / FAILED on lane f2-06 ---

job 810: FAILED (exit_code=-15)
== fq submit returned 1
== collecting tacit*.out from 192.168.0.172 ==
-rw-r--r-- 1 root root  99962880 Sep  4 00:58 /home/ubuntu/sim_slot_0/tacit0.out
-rw-r--r-- 1 root root   6938624 Sep  4 00:58 /home/ubuntu/sim_slot_0/tacit1.out
-rw-r--r-- 1 root root 223084544 Sep  4 00:58 /home/ubuntu/sim_slot_0/tacit2.out
-rw-r--r-- 1 root root  49135616 Sep  4 00:58 /home/ubuntu/sim_slot_0/tacit3.out
   tacit0.out is 99962880B > cap 67108864B -- copying the first 67108864B only (guest likely hung)
   tacit2.out is 223084544B > cap 67108864B -- copying the first 67108864B only (guest likely hung)
total 185832
-rw-rw-r-- 1 ubuntu ubuntu 67108864 Sep  4 00:58 tacit0.head.bin
-rw-r--r-- 1 ubuntu ubuntu  6938624 Sep  4 00:58 tacit1.out
-rw-rw-r-- 1 ubuntu ubuntu 67108864 Sep  4 00:58 tacit2.head.bin
-rw-r--r-- 1 ubuntu ubuntu 49135616 Sep  4 00:58 tacit3.out
== uartlog tail ==
PCIM Peer Base Addr: 0x181200000
PCIM Peer Base Addr: 0x186c00000
Commencing simulation.
tsibridge_t::tick skipping tick
tsibridge_t::tick skipping tick
tsibridge_t::tick skipping tick
tsibridge_t::tick skipping tick
tsibridge_t::tick skipping tick
tsibridge_t::tick skipping tick
tsibridge_t::tick skipping tick
tsibridge_t::tick skipping tick
*** Booting Zephyr OS build c93d5bdb6078 ***
*** microros_demo boot: yolov8_nano on hart 0 (gemmini_q31), dronet on hart 2 (rvv), mlp_control on hart 2 (rvv) ***
broker: thread alive on hart 3
[yolov8_nano] starting on hart 0, session_idx=0
[dronet] starting on hart 2, session_idx=1
[mlp_control] starting on hart 2, session_idx=2
broker: session up s=1 id=0x81
broker: session up s=0 id=0x81
broker: session up s=2 id=0x81

 mcause: 7, Store/AMO access fault
  mtval: 3d02e67d70
[yolov8_nano] done — total iters=1, last wall_cycles=318057
=== HARNESS_FATAL_BEGIN hart=2 reason=0 ===
live: mcause=0x0000000000000007 mtval=0x0000003d02e67d70 mepc=0x000000008000c632 mstatus=0x0000000a00001c80
esf:  mepc=0x000000008000c632 mstatus=0x8000000a00007c80
a0=0x000000bash: line 1: 1089972 Killed                  sudo LD_LIBRARY_PATH=/scratch/vnikiforov/rose-fsim/lib ./FireSim-f2 +permissive +macaddr0=00:12:6D:00:00:02 +niclog0=niclog0 +trace-select=1 +trace-start=0 +trace-end=-1 +trace-output-format=0 +dwarf-file-name=fq-job-8100-z.elf-dwarf +autocounter-readrate=0 +autocounter-filename-base=AUTOCOUNTERFILE +print-start=0 +print-end=-1 +linklatency0=6405 +netbw0=200 +shmemportname0=default +partitioned=1 +slotid=0 +permissive-off +prog0=fq-job-8100-z.elf

Script done on 2026-09-04 00:58:25+00:00 [COMMAND_EXIT_CODE="137"]
