### canonV2 lane=f2-06 host=192.168.0.172 2026-09-04T20:43:22Z
== lane=f2-06 host=192.168.0.172 hw=f2_quad_hetero_norose_tacit_q31_60mhz_pcim tag=canonV2
== cleared stale tacit*.out on 192.168.0.172
Warning: Permanently added '192.168.0.172' (ED25519) to the list of known hosts.
HugePages_Total:      64 HugePages_Free:       64 
Warning: Permanently added '192.168.0.172' (ED25519) to the list of known hosts.
bme-watcher-started
get_local_driver_dir f2-firesim-FireSim-SatGemQuadSmallTacitMMIOOnlyConfig-BaseF2Config
get_local_driver_dir f2-firesim-FireSim-RoseTLQuadLargeTacitMMIOOnlyConfig-BaseF2Config
get_local_driver_dir f2-firesim-FireSim-SatGemQuadLargeTacitMMIOOnlyConfig-BaseF2Config
get_local_driver_dir f2-firesim-FireSim-SatGemQuadHeteroTacitMMIOOnlyConfig-BaseF2Config
get_local_driver_dir f2-firesim-FireSim-RoseTLQuadHeteroTacitMMIOOnlyConfig-BaseF2Config
get_local_driver_dir f2-firesim-FireSim-SatGemQuadHeteroTacitMMIOOnlyConfig-BaseF2PCIMConfig
get_local_driver_dir f2-firesim-FireSim-SatGemDualSmallTacitMMIOOnlyConfig-BaseF2PCIMConfig
run_farm_hosts_dict defaultdict(<class 'list'>, {'192.168.0.172': [(<runtools.run_farm.Inst object at 0x7e6f10838160>, None)]})
set_server_hardware_config 0 None
[192.168.0.172] Killing FPGA simulation for slot: 0.
Warning: run() received nonzero return code 1 while executing 'sudo pkill -SIGKILL FireSim-f2'!
Confirming exit...
screenoutput There are screens on:
	1507166.virtual_jtag	(09/04/26 20:44:32)	(Detached)
	1506983.hw_server	(09/04/26 20:44:31)	(Detached)
2 Sockets in /run/screen/S-ubuntu.
The full log of this run is:
/home/ubuntu/chipyard-rose/sims/firesim/deploy/logs/2026-09-04--20-51-42-kill-QC4SQG7FJ4Q2XMOJ.log
--- RUNNING / COLLECT on lane f2-06 ---
[20:51:52] === phase COLLECT -> /home/ubuntu/r/canonV2 ===
[20:51:52] $ bash -c mkdir -p /home/ubuntu/r/canonV2; shopt -s nullglob; for r in /home/ubuntu/chipyard-rose/sims/firesim/deploy/results-workload/*-fq-job-860-fq860x1b8deab7; do cp -a "$r" /home/ubuntu/r/canonV2/ || true; done
[20:51:52] job 860 finished state=DONE rc=0
--- DONE / DONE on lane f2-06 ---

job 860: DONE (exit_code=0)
== fq submit returned 0
== collecting tacit*.out from 192.168.0.172 ==
-rw-r--r-- 1 root root 0 Sep  4 20:44 /home/ubuntu/sim_slot_0/tacit0.out
-rw-r--r-- 1 root root 0 Sep  4 20:44 /home/ubuntu/sim_slot_0/tacit1.out
-rw-r--r-- 1 root root 0 Sep  4 20:44 /home/ubuntu/sim_slot_0/tacit2.out
-rw-r--r-- 1 root root 0 Sep  4 20:44 /home/ubuntu/sim_slot_0/tacit3.out
total 0
-rw-r--r-- 1 ubuntu ubuntu 0 Sep  4 20:51 tacit0.out
-rw-r--r-- 1 ubuntu ubuntu 0 Sep  4 20:51 tacit1.out
-rw-r--r-- 1 ubuntu ubuntu 0 Sep  4 20:52 tacit2.out
-rw-r--r-- 1 ubuntu ubuntu 0 Sep  4 20:52 tacit3.out
== uartlog tail ==
688,yolov8_nano,0,135,,,gemmini_q31,0,516643,516795
689,yolov8_nano,0,136,,,gemmini_q31,0,516795,517057
690,yolov8_nano,0,137,,,gemmini_q31,0,517057,517497
691,yolov8_nano,0,138,,,gemmini_q31,0,517497,517618
692,yolov8_nano,0,139,,,gemmini_q31,0,517619,518061
693,yolov8_nano,0,140,,,gemmini_q31,0,518061,518146
694,yolov8_nano,0,141,,,gemmini_q31,0,518146,518419
695,yolov8_nano,0,142,,,gemmini_q31,0,518420,518950
696,yolov8_nano,0,143,,,gemmini_q31,0,518951,519095
697,yolov8_nano,0,144,,,gemmini_q31,0,519095,519643
698,yolov8_nano,0,145,,,gemmini_q31,0,519643,519751
699,yolov8_nano,0,146,,,gemmini_q31,0,519751,519792
=== MODELBLASTER_ROS_TRACE_END (skipped=0 corrupted) ===
=== MODELBLASTER_WALL_CYCLES [yolov8_nano] === 320199
=== MODELBLASTER_WALL_CYCLES [dronet] === 8254
=== MODELBLASTER_WALL_CYCLES [mlp_control] === 581

Simulation complete.
*** PASSED *** after 24706723862 cycles

Emulation Performance Summary
------------------------------
Wallclock Time Elapsed: 413.9 s
Host Frequency: 60.000 MHz
Target Cycles Emulated: 24706723862
Effective Target Frequency: 59.689 MHz
FMR: 1.01
Note: The latter three figures are based on the fastest target clock.

Script done on 2026-09-04 20:51:39+00:00 [COMMAND_EXIT_CODE="0"]
== collecting results ==
#### uartlog=/scratch/dima/rose-infra/RoSE/experiments/microros/res_canonV2/uartlog
--- summary ---
40:[yolov8_nano] done — total iters=1, last wall_cycles=320199
41:[mlp_control] done — total iters=28, last wall_cycles=581
42:[dronet] done — total iters=17, last wall_cycles=8254
44:=== TRACE_MAGIC_AUDIT: 0/700 slots missing ROS_TRACE_MAGIC ===
747:=== MODELBLASTER_ROS_TRACE_END (skipped=0 corrupted) ===
753:*** PASSED *** after 24706723862 cycles
############ RUNDONE canonV2 ############
