== lane=f2-06 host=192.168.0.172 hw=f2_quad_hetero_norose_tacit_q31_60mhz_pcim tag=wl_control_mix
== cleared stale tacit*.out on 192.168.0.172
Warning: Permanently added '192.168.0.172' (ED25519) to the list of known hosts.
HugePages_Total:      64 HugePages_Free:       64 
Warning: Permanently added '192.168.0.172' (ED25519) to the list of known hosts.
bme-watcher-started
get_local_driver_dir f2-firesim-FireSim-SatGemQuadHeteroTacitMMIOOnlyConfig-BaseF2Config
get_local_driver_dir f2-firesim-FireSim-RoseTLQuadHeteroTacitMMIOOnlyConfig-BaseF2Config
get_local_driver_dir f2-firesim-FireSim-SatGemQuadHeteroTacitMMIOOnlyConfig-BaseF2PCIMConfig
get_local_driver_dir f2-firesim-FireSim-SatGemDualSmallTacitMMIOOnlyConfig-BaseF2PCIMConfig
run_farm_hosts_dict defaultdict(<class 'list'>, {'192.168.0.172': [(<runtools.run_farm.Inst object at 0x6fffde7c8160>, None)]})
set_server_hardware_config 0 None
[192.168.0.172] Killing FPGA simulation for slot: 0.
Confirming exit...
screenoutput There are screens on:
	1432200.fsim0	(09/04/26 19:42:40)	(Detached)
	1431747.virtual_jtag	(09/04/26 19:42:29)	(Detached)
	1431578.hw_server	(09/04/26 19:42:28)	(Detached)
3 Sockets in /run/screen/S-ubuntu.
screenoutput There are screens on:
	1431747.virtual_jtag	(09/04/26 19:42:30)	(Detached)
	1431578.hw_server	(09/04/26 19:42:29)	(Detached)
2 Sockets in /run/screen/S-ubuntu.
The full log of this run is:
/home/ubuntu/chipyard-rose/sims/firesim/deploy/logs/2026-09-04--19-42-55-kill-SJQF6R971YE1YBNT.log
[19:43:02] === phase COLLECT -> /home/ubuntu/r/wl_control_mix ===
[19:43:02] $ bash -c mkdir -p /home/ubuntu/r/wl_control_mix; shopt -s nullglob; for r in /home/ubuntu/chipyard-rose/sims/firesim/deploy/results-workload/*-fq-job-849-fq849x822ba7c0; do cp -a "$r" /home/ubuntu/r/wl_control_mix/ || true; done
[19:43:02] job 849 finished state=FAILED rc=-15
--- FAILED / FAILED on lane f2-06 ---

job 849: FAILED (exit_code=-15)
== fq submit returned 1
== collecting tacit*.out from 192.168.0.172 ==
-rw-r--r-- 1 root root 0 Sep  4 19:42 /home/ubuntu/sim_slot_0/tacit0.out
-rw-r--r-- 1 root root 0 Sep  4 19:42 /home/ubuntu/sim_slot_0/tacit1.out
-rw-r--r-- 1 root root 0 Sep  4 19:42 /home/ubuntu/sim_slot_0/tacit2.out
-rw-r--r-- 1 root root 0 Sep  4 19:42 /home/ubuntu/sim_slot_0/tacit3.out
total 0
-rw-r--r-- 1 ubuntu ubuntu 0 Sep  4 19:43 tacit0.out
-rw-r--r-- 1 ubuntu ubuntu 0 Sep  4 19:43 tacit1.out
-rw-r--r-- 1 ubuntu ubuntu 0 Sep  4 19:43 tacit2.out
-rw-r--r-- 1 ubuntu ubuntu 0 Sep  4 19:43 tacit3.out
== uartlog tail ==
Commencing simulation.
tsibridge_t::tick skipping tick
tsibridge_t::tick skipping tick
tsibridge_t::tick skipping tick
tsibridge_t::tick skipping tick
tsibridge_t::tick skipping tick
tsibridge_t::tick skipping tick
tsibridge_t::tick skipping tick
tsibridge_t::tick skipping tick
*** Booting Zephyr OS build c93d5bdb6078 ***
*** microros_demo boot: yolov8_nano_sc on hart 0 (gemmini_q31), dronet_se on hart 2 (rvv), mlp_control_sd on hart 2 (rvv) ***
broker: thread alive on hart 3
[yolov8_nano_sc] starting on hart 0, session_idx=0
[dronet_se] starting on hart 2, session_idx=1
[mlp_control_sd] starting on hart 2, session_idx=2
broker: session up s=1 id=0x81
broker: session up s=0 id=0x81
broker: session up s=2 id=0x81

[yolov8_nano_sc] done — total iters=1, last wall_cycles=59978
 mcause: 2, Illegal instruction
  mtval: c22022f3

=== HARNESS_FATAL_BEGIN hart=2 reason=0 ===
live: mcause=0x0000000000000002 mtval=0x00000000c22022f3 mepc=0x000000008000dd80 mstatus=0x0000000a00001800
esf:  mepc=0x000000008000dd80 mstatus=0x0000000a00001800
a0=0x000000008004f370 a1=0x00000000803cd8f8 a2=0x00000000803d18f8 a3=0x0000000080b38968
a4bash: line 1: 1432205 Killed                  sudo LD_LIBRARY_PATH=/scratch/vnikiforov/rose-fsim/lib ./FireSim-f2 +permissive +macaddr0=00:12:6D:00:00:02 +niclog0=niclog0 +trace-select=1 +trace-start=0 +trace-end=-1 +trace-output-format=0 +dwarf-file-name=fq-job-8490-z.elf-dwarf +autocounter-readrate=0 +autocounter-filename-base=AUTOCOUNTERFILE +print-start=0 +print-end=-1 +linklatency0=6405 +netbw0=200 +shmemportname0=default +partitioned=1 +slotid=0 +permissive-off +prog0=fq-job-8490-z.elf

Script done on 2026-09-04 19:43:02+00:00 [COMMAND_EXIT_CODE="137"]
