== lane=f2-06 host=192.168.0.172 hw=f2_quad_hetero_norose_tacit_q31_60mhz_pcim tag=cfg3xCANON
== cleared stale tacit*.out on 192.168.0.172
Warning: Permanently added '192.168.0.172' (ED25519) to the list of known hosts.
HugePages_Total:      64 HugePages_Free:       64 
Warning: Permanently added '192.168.0.172' (ED25519) to the list of known hosts.
bme-watcher-started
get_local_driver_dir f2-firesim-FireSim-SatGemQuadSmallTacitMMIOOnlyConfig-BaseF2Config
get_local_driver_dir f2-firesim-FireSim-RoseTLQuadLargeTacitMMIOOnlyConfig-BaseF2Config
get_local_driver_dir f2-firesim-FireSim-SatGemQuadLargeTacitMMIOOnlyConfig-BaseF2Config
get_local_driver_dir f2-firesim-FireSim-SatGemQuadHeteroTacitMMIOOnlyConfig-BaseF2Config
get_local_driver_dir f2-firesim-FireSim-RoseTLQuadHeteroTacitMMIOOnlyConfig-BaseF2Config
get_local_driver_dir f2-firesim-FireSim-SatGemQuadHeteroTacitMMIOOnlyConfig-BaseF2PCIMConfig
get_local_driver_dir f2-firesim-FireSim-SatGemDualSmallTacitMMIOOnlyConfig-BaseF2PCIMConfig
run_farm_hosts_dict defaultdict(<class 'list'>, {'192.168.0.172': [(<runtools.run_farm.Inst object at 0x7f5462e38160>, None)]})
set_server_hardware_config 0 None
[192.168.0.172] Killing FPGA simulation for slot: 0.
--- RUNNING / KILL on lane f2-06 ---
Warning: run() received nonzero return code 1 while executing 'sudo pkill -SIGKILL FireSim-f2'!
Confirming exit...
screenoutput There are screens on:
	1341094.virtual_jtag	(09/04/26 05:09:28)	(Detached)
	1340925.hw_server	(09/04/26 05:09:27)	(Detached)
2 Sockets in /run/screen/S-ubuntu.
The full log of this run is:
/home/ubuntu/chipyard-rose/sims/firesim/deploy/logs/2026-09-04--05-16-48-kill-S3SS8VLP8FND4AIB.log
[05:16:55] === phase COLLECT -> /home/ubuntu/r/cfg3xCANON ===
[05:16:55] $ bash -c mkdir -p /home/ubuntu/r/cfg3xCANON; shopt -s nullglob; for r in /home/ubuntu/chipyard-rose/sims/firesim/deploy/results-workload/*-fq-job-848-fq848x42ec5e38; do cp -a "$r" /home/ubuntu/r/cfg3xCANON/ || true; done
[05:16:56] job 848 finished state=DONE rc=0
--- DONE / DONE on lane f2-06 ---

job 848: DONE (exit_code=0)
== fq submit returned 0
== collecting tacit*.out from 192.168.0.172 ==
-rw-r--r-- 1 root root 0 Sep  4 05:09 /home/ubuntu/sim_slot_0/tacit0.out
-rw-r--r-- 1 root root 0 Sep  4 05:09 /home/ubuntu/sim_slot_0/tacit1.out
-rw-r--r-- 1 root root 0 Sep  4 05:09 /home/ubuntu/sim_slot_0/tacit2.out
-rw-r--r-- 1 root root 0 Sep  4 05:09 /home/ubuntu/sim_slot_0/tacit3.out
total 0
-rw-r--r-- 1 ubuntu ubuntu 0 Sep  4 05:17 tacit0.out
-rw-r--r-- 1 ubuntu ubuntu 0 Sep  4 05:17 tacit1.out
-rw-r--r-- 1 ubuntu ubuntu 0 Sep  4 05:17 tacit2.out
-rw-r--r-- 1 ubuntu ubuntu 0 Sep  4 05:17 tacit3.out
== uartlog tail ==
688,yolov8_nano,0,135,,,gemmini_q31,0,515754,515905
689,yolov8_nano,0,136,,,gemmini_q31,0,515905,516169
690,yolov8_nano,0,137,,,gemmini_q31,0,516169,516610
691,yolov8_nano,0,138,,,gemmini_q31,0,516610,516732
692,yolov8_nano,0,139,,,gemmini_q31,0,516732,517173
693,yolov8_nano,0,140,,,gemmini_q31,0,517173,517258
694,yolov8_nano,0,141,,,gemmini_q31,0,517258,517534
695,yolov8_nano,0,142,,,gemmini_q31,0,517534,518065
696,yolov8_nano,0,143,,,gemmini_q31,0,518065,518209
697,yolov8_nano,0,144,,,gemmini_q31,0,518209,518752
698,yolov8_nano,0,145,,,gemmini_q31,0,518752,518860
699,yolov8_nano,0,146,,,gemmini_q31,0,518860,518901
=== MODELBLASTER_ROS_TRACE_END (skipped=0 corrupted) ===
=== MODELBLASTER_WALL_CYCLES [yolov8_nano] === 319308
=== MODELBLASTER_WALL_CYCLES [dronet] === 8274
=== MODELBLASTER_WALL_CYCLES [mlp_control] === 579

Simulation complete.
*** PASSED *** after 24706723862 cycles

Emulation Performance Summary
------------------------------
Wallclock Time Elapsed: 413.9 s
Host Frequency: 60.000 MHz
Target Cycles Emulated: 24706723862
Effective Target Frequency: 59.689 MHz
FMR: 1.01
Note: The latter three figures are based on the fastest target clock.

Script done on 2026-09-04 05:16:35+00:00 [COMMAND_EXIT_CODE="0"]
