*** Booting Zephyr OS build c93d5bdb6078 ***
MB_RELAYOUT_BENCH_BEGIN
MB_COLUMNS,hart,variant,dir,group,N,C,H,W,bytes,cold_cycles,warm_min_cycles,max_abs_err
MB_CONFIG,warm_reps=3,shapes=17,variants=4
MB_HART,requested=0,actual=0,vector=0
MB_RELAY,0,ref_scalar,n2h,spec,1,3,112,112,37632,266856,266856,0
MB_RELAY,0,ref_scalar,h2n,spec,1,3,112,112,37632,266858,266858,0
MB_RTRIP,0,ref_scalar,1,3,112,112,37632,1
MB_RELAY,0,ref_scalar,n2h,spec,1,32,56,56,100352,720717,720717,0
MB_RELAY,0,ref_scalar,h2n,spec,1,32,56,56,100352,720719,720719,0
MB_RTRIP,0,ref_scalar,1,32,56,56,100352,1
MB_RELAY,0,ref_scalar,n2h,spec,1,32,27,27,23328,172269,172269,0
MB_RELAY,0,ref_scalar,h2n,spec,1,32,27,27,23328,172271,172271,0
MB_RTRIP,0,ref_scalar,1,32,27,27,23328,1
MB_RELAY,0,ref_scalar,n2h,spec,1,32,14,14,6272,48717,48717,0
MB_RELAY,0,ref_scalar,h2n,spec,1,32,14,14,6272,48719,48719,0
MB_RTRIP,0,ref_scalar,1,32,14,14,6272,1
MB_RELAY,0,ref_scalar,n2h,spec,1,64,7,7,3136,27053,27053,0
MB_RELAY,0,ref_scalar,h2n,spec,1,64,7,7,3136,27055,27055,0
MB_RTRIP,0,ref_scalar,1,64,7,7,3136,1
MB_RELAY,0,ref_scalar,n2h,spec,1,128,4,4,2048,20653,20653,0
MB_RELAY,0,ref_scalar,h2n,spec,1,128,4,4,2048,20655,20655,0
MB_RTRIP,0,ref_scalar,1,128,4,4,2048,1
MB_RELAY,0,ref_scalar,n2h,spec,1,1,1,1,1,71,71,0
MB_RELAY,0,ref_scalar,h2n,spec,1,1,1,1,1,73,73,0
MB_RTRIP,0,ref_scalar,1,1,1,1,1,1
MB_RELAY,0,ref_scalar,n2h,spec,1,7,5,3,105,1193,1193,0
MB_RELAY,0,ref_scalar,h2n,spec,1,7,5,3,105,1195,1195,0
MB_RTRIP,0,ref_scalar,1,7,5,3,105,1
MB_RELAY,0,ref_scalar,n2h,csweep,1,2,112,56,12544,90111,90111,0
MB_RELAY,0,ref_scalar,h2n,csweep,1,2,112,56,12544,90113,90113,0
MB_RTRIP,0,ref_scalar,1,2,112,56,12544,1
MB_RELAY,0,ref_scalar,n2h,csweep,1,3,112,37,12432,90456,90456,0
MB_RELAY,0,ref_scalar,h2n,csweep,1,3,112,37,12432,90458,90458,0
MB_RTRIP,0,ref_scalar,1,3,112,37,12432,1
MB_RELAY,0,ref_scalar,n2h,csweep,1,4,56,56,12544,90129,90129,0
MB_RELAY,0,ref_scalar,h2n,csweep,1,4,56,56,12544,90131,90131,0
MB_RTRIP,0,ref_scalar,1,4,56,56,12544,1
MB_RELAY,0,ref_scalar,n2h,csweep,1,7,56,32,12544,91836,91836,0
MB_RELAY,0,ref_scalar,h2n,csweep,1,7,56,32,12544,91838,91838,0
MB_RTRIP,0,ref_scalar,1,7,56,32,12544,1
MB_RELAY,0,ref_scalar,n2h,csweep,1,8,56,28,12544,92405,92405,0
MB_RELAY,0,ref_scalar,h2n,csweep,1,8,56,28,12544,92407,92407,0
MB_RTRIP,0,ref_scalar,1,8,56,28,12544,1
MB_RELAY,0,ref_scalar,n2h,csweep,1,16,28,28,12544,92477,92477,0
MB_RELAY,0,ref_scalar,h2n,csweep,1,16,28,28,12544,92479,92479,0
MB_RTRIP,0,ref_scalar,1,16,28,28,12544,1
MB_RELAY,0,ref_scalar,n2h,csweep,1,32,28,14,12544,97101,97101,0
MB_RELAY,0,ref_scalar,h2n,csweep,1,32,28,14,12544,97103,97103,0
MB_RTRIP,0,ref_scalar,1,32,28,14,12544,1
MB_RELAY,0,ref_scalar,n2h,csweep,1,64,14,14,12544,97389,97389,0
MB_RELAY,0,ref_scalar,h2n,csweep,1,64,14,14,12544,97391,97391,0
MB_RTRIP,0,ref_scalar,1,64,14,14,12544,1
MB_RELAY,0,ref_scalar,n2h,csweep,1,128,14,7,12544,106925,106925,0
MB_RELAY,0,ref_scalar,h2n,csweep,1,128,14,7,12544,106927,106927,0
MB_RTRIP,0,ref_scalar,1,128,14,7,12544,1
MB_RELAY,0,gem_tb32,n2h,spec,1,3,112,112,37632,281507,281507,0
MB_RELAY,0,gem_tb32,h2n,spec,1,3,112,112,37632,281509,281509,0
MB_RTRIP,0,gem_tb32,1,3,112,112,37632,1
MB_RELAY,0,gem_tb32,n2h,spec,1,32,56,56,100352,728240,726917,0
MB_RELAY,0,gem_tb32,h2n,spec,1,32,56,56,100352,726919,726919,0
MB_RTRIP,0,gem_tb32,1,32,56,56,100352,1
MB_RELAY,0,gem_tb32,n2h,spec,1,32,27,27,23328,169074,169074,0
MB_RELAY,0,gem_tb32,h2n,spec,1,32,27,27,23328,169076,169076,0
MB_RTRIP,0,gem_tb32,1,32,27,27,23328,1
MB_RELAY,0,gem_tb32,n2h,spec,1,32,14,14,6272,45698,45698,0
MB_RELAY,0,gem_tb32,h2n,spec,1,32,14,14,6272,45700,45700,0
MB_RTRIP,0,gem_tb32,1,32,14,14,6272,1
MB_RELAY,0,gem_tb32,n2h,spec,1,64,7,7,3136,22975,22975,0
MB_RELAY,0,gem_tb32,h2n,spec,1,64,7,7,3136,22977,22977,0
MB_RTRIP,0,gem_tb32,1,64,7,7,3136,1
MB_RELAY,0,gem_tb32,n2h,spec,1,128,4,4,2048,15347,15347,0
MB_RELAY,0,gem_tb32,h2n,spec,1,128,4,4,2048,15349,15349,0
MB_RTRIP,0,gem_tb32,1,128,4,4,2048,1
MB_RELAY,0,gem_tb32,n2h,spec,1,1,1,1,1,90,90,0
MB_RELAY,0,gem_tb32,h2n,spec,1,1,1,1,1,92,92,0
MB_RTRIP,0,gem_tb32,1,1,1,1,1,1
MB_RELAY,0,gem_tb32,n2h,spec,1,7,5,3,105,860,860,0
MB_RELAY,0,gem_tb32,h2n,spec,1,7,5,3,105,862,862,0
MB_RTRIP,0,gem_tb32,1,7,5,3,105,1
MB_RELAY,0,gem_tb32,n2h,csweep,1,2,112,56,12544,95503,95503,0
MB_RELAY,0,gem_tb32,h2n,csweep,1,2,112,56,12544,95505,95505,0
MB_RTRIP,0,gem_tb32,1,2,112,56,12544,1
MB_RELAY,0,gem_tb32,n2h,csweep,1,3,112,37,12432,93055,93055,0
MB_RELAY,0,gem_tb32,h2n,csweep,1,3,112,37,12432,93057,93057,0
MB_RTRIP,0,gem_tb32,1,3,112,37,12432,1
MB_RELAY,0,gem_tb32,n2h,csweep,1,4,56,56,12544,93053,93053,0
MB_RELAY,0,gem_tb32,h2n,csweep,1,4,56,56,12544,93055,93055,0
MB_RTRIP,0,gem_tb32,1,4,56,56,12544,1
MB_RELAY,0,gem_tb32,n2h,csweep,1,7,56,32,12544,92003,92003,0
MB_RELAY,0,gem_tb32,h2n,csweep,1,7,56,32,12544,92005,92005,0
MB_RTRIP,0,gem_tb32,1,7,56,32,12544,1
MB_RELAY,0,gem_tb32,n2h,csweep,1,8,56,28,12544,91828,91828,0
MB_RELAY,0,gem_tb32,h2n,csweep,1,8,56,28,12544,91830,91830,0
MB_RTRIP,0,gem_tb32,1,8,56,28,12544,1
MB_RELAY,0,gem_tb32,n2h,csweep,1,16,28,28,12544,91284,91284,0
MB_RELAY,0,gem_tb32,h2n,csweep,1,16,28,28,12544,91286,91286,0
MB_RTRIP,0,gem_tb32,1,16,28,28,12544,1
MB_RELAY,0,gem_tb32,n2h,csweep,1,32,28,14,12544,91096,91096,0
MB_RELAY,0,gem_tb32,h2n,csweep,1,32,28,14,12544,91098,91098,0
MB_RTRIP,0,gem_tb32,1,32,28,14,12544,1
MB_RELAY,0,gem_tb32,n2h,csweep,1,64,14,14,12544,91261,91261,0
MB_RELAY,0,gem_tb32,h2n,csweep,1,64,14,14,12544,91263,91263,0
MB_RTRIP,0,gem_tb32,1,64,14,14,12544,1
MB_RELAY,0,gem_tb32,n2h,csweep,1,128,14,7,12544,91699,91699,0
MB_RELAY,0,gem_tb32,h2n,csweep,1,128,14,7,12544,91701,91701,0
MB_RTRIP,0,gem_tb32,1,128,14,7,12544,1
MB_SKIP,0,rvv_strided,no vector unit on this hart
MB_SKIP,0,rvv_seg,no vector unit on this hart
MB_HART,requested=2,actual=2,vector=1
MB_RELAY,2,ref_scalar,n2h,spec,1,3,112,112,37632,266856,266856,0
MB_RELAY,2,ref_scalar,h2n,spec,1,3,112,112,37632,266858,266858,0
MB_RTRIP,2,ref_scalar,1,3,112,112,37632,1
MB_RELAY,2,ref_scalar,n2h,spec,1,32,56,56,100352,720717,720717,0
MB_RELAY,2,ref_scalar,h2n,spec,1,32,56,56,100352,720719,720719,0
MB_RTRIP,2,ref_scalar,1,32,56,56,100352,1
MB_RELAY,2,ref_scalar,n2h,spec,1,32,27,27,23328,172269,172269,0
MB_RELAY,2,ref_scalar,h2n,spec,1,32,27,27,23328,172271,172271,0
MB_RTRIP,2,ref_scalar,1,32,27,27,23328,1
MB_RELAY,2,ref_scalar,n2h,spec,1,32,14,14,6272,48717,48717,0
MB_RELAY,2,ref_scalar,h2n,spec,1,32,14,14,6272,48719,48719,0
MB_RTRIP,2,ref_scalar,1,32,14,14,6272,1
MB_RELAY,2,ref_scalar,n2h,spec,1,64,7,7,3136,27053,27053,0
MB_RELAY,2,ref_scalar,h2n,spec,1,64,7,7,3136,27055,27055,0
MB_RTRIP,2,ref_scalar,1,64,7,7,3136,1
MB_RELAY,2,ref_scalar,n2h,spec,1,128,4,4,2048,20653,20653,0
MB_RELAY,2,ref_scalar,h2n,spec,1,128,4,4,2048,20655,20655,0
MB_RTRIP,2,ref_scalar,1,128,4,4,2048,1
MB_RELAY,2,ref_scalar,n2h,spec,1,1,1,1,1,71,71,0
MB_RELAY,2,ref_scalar,h2n,spec,1,1,1,1,1,73,73,0
MB_RTRIP,2,ref_scalar,1,1,1,1,1,1
MB_RELAY,2,ref_scalar,n2h,spec,1,7,5,3,105,1193,1193,0
MB_RELAY,2,ref_scalar,h2n,spec,1,7,5,3,105,1195,1195,0
MB_RTRIP,2,ref_scalar,1,7,5,3,105,1
MB_RELAY,2,ref_scalar,n2h,csweep,1,2,112,56,12544,90111,90111,0
MB_RELAY,2,ref_scalar,h2n,csweep,1,2,112,56,12544,90113,90113,0
MB_RTRIP,2,ref_scalar,1,2,112,56,12544,1
MB_RELAY,2,ref_scalar,n2h,csweep,1,3,112,37,12432,90456,90456,0
MB_RELAY,2,ref_scalar,h2n,csweep,1,3,112,37,12432,90458,90458,0
MB_RTRIP,2,ref_scalar,1,3,112,37,12432,1
MB_RELAY,2,ref_scalar,n2h,csweep,1,4,56,56,12544,90129,90129,0
MB_RELAY,2,ref_scalar,h2n,csweep,1,4,56,56,12544,90131,90131,0
MB_RTRIP,2,ref_scalar,1,4,56,56,12544,1
MB_RELAY,2,ref_scalar,n2h,csweep,1,7,56,32,12544,91836,91836,0
MB_RELAY,2,ref_scalar,h2n,csweep,1,7,56,32,12544,91838,91838,0
MB_RTRIP,2,ref_scalar,1,7,56,32,12544,1
MB_RELAY,2,ref_scalar,n2h,csweep,1,8,56,28,12544,92405,92405,0
MB_RELAY,2,ref_scalar,h2n,csweep,1,8,56,28,12544,92407,92407,0
MB_RTRIP,2,ref_scalar,1,8,56,28,12544,1
MB_RELAY,2,ref_scalar,n2h,csweep,1,16,28,28,12544,92477,92477,0
MB_RELAY,2,ref_scalar,h2n,csweep,1,16,28,28,12544,92479,92479,0
MB_RTRIP,2,ref_scalar,1,16,28,28,12544,1
MB_RELAY,2,ref_scalar,n2h,csweep,1,32,28,14,12544,97101,97101,0
MB_RELAY,2,ref_scalar,h2n,csweep,1,32,28,14,12544,97103,97103,0
MB_RTRIP,2,ref_scalar,1,32,28,14,12544,1
MB_RELAY,2,ref_scalar,n2h,csweep,1,64,14,14,12544,97389,97389,0
MB_RELAY,2,ref_scalar,h2n,csweep,1,64,14,14,12544,97391,97391,0
MB_RTRIP,2,ref_scalar,1,64,14,14,12544,1
MB_RELAY,2,ref_scalar,n2h,csweep,1,128,14,7,12544,106925,106925,0
MB_RELAY,2,ref_scalar,h2n,csweep,1,128,14,7,12544,106927,106927,0
MB_RTRIP,2,ref_scalar,1,128,14,7,12544,1
MB_RELAY,2,gem_tb32,n2h,spec,1,3,112,112,37632,281507,281507,0
MB_RELAY,2,gem_tb32,h2n,spec,1,3,112,112,37632,281509,281509,0
MB_RTRIP,2,gem_tb32,1,3,112,112,37632,1
MB_RELAY,2,gem_tb32,n2h,spec,1,32,56,56,100352,726917,726917,0
MB_RELAY,2,gem_tb32,h2n,spec,1,32,56,56,100352,726919,726919,0
MB_RTRIP,2,gem_tb32,1,32,56,56,100352,1
MB_RELAY,2,gem_tb32,n2h,spec,1,32,27,27,23328,169074,169074,0
MB_RELAY,2,gem_tb32,h2n,spec,1,32,27,27,23328,169076,169076,0
MB_RTRIP,2,gem_tb32,1,32,27,27,23328,1
MB_RELAY,2,gem_tb32,n2h,spec,1,32,14,14,6272,45698,45698,0
MB_RELAY,2,gem_tb32,h2n,spec,1,32,14,14,6272,45700,45700,0
MB_RTRIP,2,gem_tb32,1,32,14,14,6272,1
MB_RELAY,2,gem_tb32,n2h,spec,1,64,7,7,3136,22975,22975,0
MB_RELAY,2,gem_tb32,h2n,spec,1,64,7,7,3136,22977,22977,0
MB_RTRIP,2,gem_tb32,1,64,7,7,3136,1
MB_RELAY,2,gem_tb32,n2h,spec,1,128,4,4,2048,15347,15347,0
MB_RELAY,2,gem_tb32,h2n,spec,1,128,4,4,2048,15349,15349,0
MB_RTRIP,2,gem_tb32,1,128,4,4,2048,1
MB_RELAY,2,gem_tb32,n2h,spec,1,1,1,1,1,90,90,0
MB_RELAY,2,gem_tb32,h2n,spec,1,1,1,1,1,92,92,0
MB_RTRIP,2,gem_tb32,1,1,1,1,1,1
MB_RELAY,2,gem_tb32,n2h,spec,1,7,5,3,105,860,860,0
MB_RELAY,2,gem_tb32,h2n,spec,1,7,5,3,105,862,862,0
MB_RTRIP,2,gem_tb32,1,7,5,3,105,1
MB_RELAY,2,gem_tb32,n2h,csweep,1,2,112,56,12544,95503,95503,0
MB_RELAY,2,gem_tb32,h2n,csweep,1,2,112,56,12544,95505,95505,0
MB_RTRIP,2,gem_tb32,1,2,112,56,12544,1
MB_RELAY,2,gem_tb32,n2h,csweep,1,3,112,37,12432,93055,93055,0
MB_RELAY,2,gem_tb32,h2n,csweep,1,3,112,37,12432,93057,93057,0
MB_RTRIP,2,gem_tb32,1,3,112,37,12432,1
MB_RELAY,2,gem_tb32,n2h,csweep,1,4,56,56,12544,93053,93053,0
MB_RELAY,2,gem_tb32,h2n,csweep,1,4,56,56,12544,93055,93055,0
MB_RTRIP,2,gem_tb32,1,4,56,56,12544,1
MB_RELAY,2,gem_tb32,n2h,csweep,1,7,56,32,12544,92003,92003,0
MB_RELAY,2,gem_tb32,h2n,csweep,1,7,56,32,12544,92005,92005,0
MB_RTRIP,2,gem_tb32,1,7,56,32,12544,1
MB_RELAY,2,gem_tb32,n2h,csweep,1,8,56,28,12544,91828,91828,0
MB_RELAY,2,gem_tb32,h2n,csweep,1,8,56,28,12544,91830,91830,0
MB_RTRIP,2,gem_tb32,1,8,56,28,12544,1
MB_RELAY,2,gem_tb32,n2h,csweep,1,16,28,28,12544,91284,91284,0
MB_RELAY,2,gem_tb32,h2n,csweep,1,16,28,28,12544,91286,91286,0
MB_RTRIP,2,gem_tb32,1,16,28,28,12544,1
MB_RELAY,2,gem_tb32,n2h,csweep,1,32,28,14,12544,91096,91096,0
MB_RELAY,2,gem_tb32,h2n,csweep,1,32,28,14,12544,91098,91098,0
MB_RTRIP,2,gem_tb32,1,32,28,14,12544,1
MB_RELAY,2,gem_tb32,n2h,csweep,1,64,14,14,12544,91261,91261,0
MB_RELAY,2,gem_tb32,h2n,csweep,1,64,14,14,12544,91263,91263,0
MB_RTRIP,2,gem_tb32,1,64,14,14,12544,1
MB_RELAY,2,gem_tb32,n2h,csweep,1,128,14,7,12544,91699,91699,0
MB_RELAY,2,gem_tb32,h2n,csweep,1,128,14,7,12544,91701,91701,0
MB_RTRIP,2,gem_tb32,1,128,14,7,12544,1
MB_RELAY,2,rvv_strided,n2h,spec,1,3,112,112,37632,14135,14135,0
MB_RELAY,2,rvv_strided,h2n,spec,1,3,112,112,37632,14135,14135,0
MB_RTRIP,2,rvv_strided,1,3,112,112,37632,1
MB_RELAY,2,rvv_strided,n2h,spec,1,32,56,56,100352,26287,26287,0
MB_RELAY,2,rvv_strided,h2n,spec,1,32,56,56,100352,26287,26287,0
MB_RTRIP,2,rvv_strided,1,32,56,56,100352,1
MB_RELAY,2,rvv_strided,n2h,spec,1,32,27,27,23328,6187,6187,0
MB_RELAY,2,rvv_strided,h2n,spec,1,32,27,27,23328,6187,6187,0
MB_RTRIP,2,rvv_strided,1,32,27,27,23328,1
MB_RELAY,2,rvv_strided,n2h,spec,1,32,14,14,6272,1899,1899,0
MB_RELAY,2,rvv_strided,h2n,spec,1,32,14,14,6272,1899,1899,0
MB_RTRIP,2,rvv_strided,1,32,14,14,6272,1
MB_RELAY,2,rvv_strided,n2h,spec,1,64,7,7,3136,1071,1071,0
MB_RELAY,2,rvv_strided,h2n,spec,1,64,7,7,3136,1071,1071,0
MB_RTRIP,2,rvv_strided,1,64,7,7,3136,1
MB_RELAY,2,rvv_strided,n2h,spec,1,128,4,4,2048,1059,1059,0
MB_RELAY,2,rvv_strided,h2n,spec,1,128,4,4,2048,1059,1059,0
MB_RTRIP,2,rvv_strided,1,128,4,4,2048,1
MB_RELAY,2,rvv_strided,n2h,spec,1,1,1,1,1,43,43,0
MB_RELAY,2,rvv_strided,h2n,spec,1,1,1,1,1,43,43,0
MB_RTRIP,2,rvv_strided,1,1,1,1,1,1
MB_RELAY,2,rvv_strided,n2h,spec,1,7,5,3,105,91,91,0
MB_RELAY,2,rvv_strided,h2n,spec,1,7,5,3,105,91,91,0
MB_RTRIP,2,rvv_strided,1,7,5,3,105,1
MB_RELAY,2,rvv_strided,n2h,csweep,1,2,112,56,12544,5511,5511,0
MB_RELAY,2,rvv_strided,h2n,csweep,1,2,112,56,12544,5511,5511,0
MB_RTRIP,2,rvv_strided,1,2,112,56,12544,1
MB_RELAY,2,rvv_strided,n2h,csweep,1,3,112,37,12432,4703,4703,0
MB_RELAY,2,rvv_strided,h2n,csweep,1,3,112,37,12432,4703,4703,0
MB_RTRIP,2,rvv_strided,1,3,112,37,12432,1
MB_RELAY,2,rvv_strided,n2h,csweep,1,4,56,56,12544,4335,4335,0
MB_RELAY,2,rvv_strided,h2n,csweep,1,4,56,56,12544,4335,4335,0
MB_RTRIP,2,rvv_strided,1,4,56,56,12544,1
MB_RELAY,2,rvv_strided,n2h,csweep,1,7,56,32,12544,3831,3831,0
MB_RELAY,2,rvv_strided,h2n,csweep,1,7,56,32,12544,3831,3831,0
MB_RTRIP,2,rvv_strided,1,7,56,32,12544,1
MB_RELAY,2,rvv_strided,n2h,csweep,1,8,56,28,12544,3747,3747,0
MB_RELAY,2,rvv_strided,h2n,csweep,1,8,56,28,12544,3747,3747,0
MB_RTRIP,2,rvv_strided,1,8,56,28,12544,1
MB_RELAY,2,rvv_strided,n2h,csweep,1,16,28,28,12544,3523,3523,0
MB_RELAY,2,rvv_strided,h2n,csweep,1,16,28,28,12544,3523,3523,0
MB_RTRIP,2,rvv_strided,1,16,28,28,12544,1
MB_RELAY,2,rvv_strided,n2h,csweep,1,32,28,14,12544,3507,3507,0
MB_RELAY,2,rvv_strided,h2n,csweep,1,32,28,14,12544,3507,3507,0
MB_RTRIP,2,rvv_strided,1,32,28,14,12544,1
MB_RELAY,2,rvv_strided,n2h,csweep,1,64,14,14,12544,3691,3691,0
MB_RELAY,2,rvv_strided,h2n,csweep,1,64,14,14,12544,3691,3691,0
MB_RTRIP,2,rvv_strided,1,64,14,14,12544,1
MB_RELAY,2,rvv_strided,n2h,csweep,1,128,14,7,12544,4167,4167,0
MB_RELAY,2,rvv_strided,h2n,csweep,1,128,14,7,12544,4167,4167,0
MB_RTRIP,2,rvv_strided,1,128,14,7,12544,1
MB_RELAY,2,rvv_seg,n2h,spec,1,3,112,112,37632,6720,6720,0
MB_RELAY,2,rvv_seg,h2n,spec,1,3,112,112,37632,6699,6699,0
MB_RTRIP,2,rvv_seg,1,3,112,112,37632,1
MB_RELAY,2,rvv_seg,n2h,spec,1,32,56,56,100352,9751,9751,0
MB_RELAY,2,rvv_seg,h2n,spec,1,32,56,56,100352,9736,9736,0
MB_RTRIP,2,rvv_seg,1,32,56,56,100352,1
MB_RELAY,2,rvv_seg,n2h,spec,1,32,27,27,23328,2326,2326,0
MB_RELAY,2,rvv_seg,h2n,spec,1,32,27,27,23328,2311,2311,0
MB_RTRIP,2,rvv_seg,1,32,27,27,23328,1
MB_RELAY,2,rvv_seg,n2h,spec,1,32,14,14,6272,742,742,0
MB_RELAY,2,rvv_seg,h2n,spec,1,32,14,14,6272,727,727,0
MB_RTRIP,2,rvv_seg,1,32,14,14,6272,1
MB_RELAY,2,rvv_seg,n2h,spec,1,64,7,7,3136,415,415,0
MB_RELAY,2,rvv_seg,h2n,spec,1,64,7,7,3136,400,400,0
MB_RTRIP,2,rvv_seg,1,64,7,7,3136,1
MB_RELAY,2,rvv_seg,n2h,spec,1,128,4,4,2048,400,400,0
MB_RELAY,2,rvv_seg,h2n,spec,1,128,4,4,2048,385,385,0
MB_RTRIP,2,rvv_seg,1,128,4,4,2048,1
MB_RELAY,2,rvv_seg,n2h,spec,1,1,1,1,1,77,77,0
MB_RELAY,2,rvv_seg,h2n,spec,1,1,1,1,1,62,62,0
MB_RTRIP,2,rvv_seg,1,1,1,1,1,1
MB_RELAY,2,rvv_seg,n2h,spec,1,7,5,3,105,85,85,0
MB_RELAY,2,rvv_seg,h2n,spec,1,7,5,3,105,64,64,0
MB_RTRIP,2,rvv_seg,1,7,5,3,105,1
MB_RELAY,2,rvv_seg,n2h,csweep,1,2,112,56,12544,2798,2798,0
MB_RELAY,2,rvv_seg,h2n,csweep,1,2,112,56,12544,2778,2778,0
MB_RTRIP,2,rvv_seg,1,2,112,56,12544,1
MB_RELAY,2,rvv_seg,n2h,csweep,1,3,112,37,12432,2266,2266,0
MB_RELAY,2,rvv_seg,h2n,csweep,1,3,112,37,12432,2245,2245,0
MB_RTRIP,2,rvv_seg,1,3,112,37,12432,1
MB_RELAY,2,rvv_seg,n2h,csweep,1,4,56,56,12544,2015,2015,0
MB_RELAY,2,rvv_seg,h2n,csweep,1,4,56,56,12544,1994,1994,0
MB_RTRIP,2,rvv_seg,1,4,56,56,12544,1
MB_RELAY,2,rvv_seg,n2h,csweep,1,7,56,32,12544,1680,1680,0
MB_RELAY,2,rvv_seg,h2n,csweep,1,7,56,32,12544,1659,1659,0
MB_RTRIP,2,rvv_seg,1,7,56,32,12544,1
MB_RELAY,2,rvv_seg,n2h,csweep,1,8,56,28,12544,1623,1623,0
MB_RELAY,2,rvv_seg,h2n,csweep,1,8,56,28,12544,1602,1602,0
MB_RTRIP,2,rvv_seg,1,8,56,28,12544,1
MB_RELAY,2,rvv_seg,n2h,csweep,1,16,28,28,12544,1474,1474,0
MB_RELAY,2,rvv_seg,h2n,csweep,1,16,28,28,12544,1459,1459,0
MB_RTRIP,2,rvv_seg,1,16,28,28,12544,1
MB_RELAY,2,rvv_seg,n2h,csweep,1,32,28,14,12544,1336,1336,0
MB_RELAY,2,rvv_seg,h2n,csweep,1,32,28,14,12544,1321,1321,0
MB_RTRIP,2,rvv_seg,1,32,28,14,12544,1
MB_RELAY,2,rvv_seg,n2h,csweep,1,64,14,14,12544,1330,1330,0
MB_RELAY,2,rvv_seg,h2n,csweep,1,64,14,14,12544,1315,1315,0
MB_RTRIP,2,rvv_seg,1,64,14,14,12544,1
MB_RELAY,2,rvv_seg,n2h,csweep,1,128,14,7,12544,1453,1453,0
MB_RELAY,2,rvv_seg,h2n,csweep,1,128,14,7,12544,1438,1438,0
MB_RTRIP,2,rvv_seg,1,128,14,7,12544,1
MB_RELAYOUT_BENCH_END,failures=0
MB_RELAYOUT PASSED
