YOLO rvvpair shard build: ABORT build
YOLO hetero shard build: ABORT build
PLAN vint rvvpair splits=0 12144156.0us
  BUILD vint_rvvpair_base: BUILDDONE
  BUILD vint_rvvpair_shard: 
PLAN vint gempair splits=0 3948508.1us
  BUILD vint_gempair_base: ABORT build
  BUILD vint_gempair_shard: 
PLAN vint hetero splits=0 4474889.7us
  BUILD vint_hetero_base: BUILDDONE
  BUILD vint_hetero_shard: 
BUILDS_DONE
ALL_DONE
  network      machine pair           unsplit   sharded  speedup   pred us   err%  gates
  --------------------------------------------------------------------------------------------
  dronet       rvv + rvv                7.523     4.446    1.69x      3894  +14.2  base:PASS/err=0 shard:PASS/err=0
  dronet       gemmini + gemmini        4.741     4.294    1.10x      3713  +15.6  base:PASS/err=2 shard:PASS/err=2
  dronet       rvv + gemmini            2.677     2.491    1.07x      2009  +24.0  base:PASS/err=2 shard:PASS/err=2
  mlp_control  rvv + rvv                0.605     0.383    1.58x       313  +22.4  base:PASS/err=6.67572021e-06 shard:PASS/err=6.67572021e-06
  mlp_control  gemmini + gemmini            -     0.377        -       289  +30.6  shard:PASS/err=6.67572021e-06
  mlp_control  rvv + gemmini            0.556     0.378    1.47x       312  +21.0  base:PASS/err=6.67572021e-06 shard:PASS/err=6.67572021e-06
  yolov8_nano  rvv + rvv              146.843   120.272    1.22x    112229   +7.2  base:PASS/err=0 shard:PASS/err=1
  yolov8_nano  gemmini + gemmini       85.642    83.271    1.03x     64377  +29.3  base:PASS/err=89 shard:PASS/err=96
  yolov8_nano  rvv + gemmini           64.663         -        -         -      -  base:PASS/err=0
  vint         rvv + rvv            12146.828         -        -         -      -  base:PASS/err=0.327884674
  vint         rvv + gemmini         4478.598         -        -         -      -  base:PASS/err=0.327884674

  speedup = unsplit / sharded on the SAME machine pair; pred/err% are the schedule's prediction vs measurement.
